Archive member included to satisfy reference by file (symbol)

/home/m2ivi/legrand/Documents/NIHM/uC-sdk/arch/libarch.a(startup.o)
                              (__cs3_stack_size)
/home/m2ivi/legrand/Documents/NIHM/uC-sdk/arch/libarch.a(handlers.o)
                              /home/m2ivi/legrand/Documents/NIHM/uC-sdk/arch/libarch.a(startup.o) (general_C_handler)
/home/m2ivi/legrand/Documents/NIHM/uC-sdk/arch/libarch.a(init.o)
                              (__som)
/home/m2ivi/legrand/Documents/NIHM/uC-sdk/arch/libarch.a(BoardInit.o)
                              /home/m2ivi/legrand/Documents/NIHM/uC-sdk/arch/libarch.a(handlers.o) (BoardExceptionHandler)
/home/m2ivi/legrand/Documents/NIHM/uC-sdk/arch/libarch.a(system_stm32f4xx.o)
                              /home/m2ivi/legrand/Documents/NIHM/uC-sdk/arch/libarch.a(init.o) (SystemInit)
/home/m2ivi/legrand/Documents/NIHM/uC-sdk/arch/libarch.a(stm32f4xx_adc.o)
                              /home/m2ivi/legrand/Documents/NIHM/uC-sdk/arch/libarch.a(init.o) (ADC_DeInit)
/home/m2ivi/legrand/Documents/NIHM/uC-sdk/arch/libarch.a(stm32f4xx_can.o)
                              /home/m2ivi/legrand/Documents/NIHM/uC-sdk/arch/libarch.a(init.o) (CAN_DeInit)
/home/m2ivi/legrand/Documents/NIHM/uC-sdk/arch/libarch.a(stm32f4xx_cryp.o)
                              /home/m2ivi/legrand/Documents/NIHM/uC-sdk/arch/libarch.a(init.o) (CRYP_DeInit)
/home/m2ivi/legrand/Documents/NIHM/uC-sdk/arch/libarch.a(stm32f4xx_dac.o)
                              /home/m2ivi/legrand/Documents/NIHM/uC-sdk/arch/libarch.a(init.o) (DAC_DeInit)
/home/m2ivi/legrand/Documents/NIHM/uC-sdk/arch/libarch.a(stm32f4xx_dcmi.o)
                              /home/m2ivi/legrand/Documents/NIHM/uC-sdk/arch/libarch.a(init.o) (DCMI_DeInit)
/home/m2ivi/legrand/Documents/NIHM/uC-sdk/arch/libarch.a(stm32f4xx_dma.o)
                              /home/m2ivi/legrand/Documents/NIHM/uC-sdk/arch/libarch.a(init.o) (DMA_DeInit)
/home/m2ivi/legrand/Documents/NIHM/uC-sdk/arch/libarch.a(stm32f4xx_dma2d.o)
                              /home/m2ivi/legrand/Documents/NIHM/uC-sdk/arch/libarch.a(init.o) (DMA2D_DeInit)
/home/m2ivi/legrand/Documents/NIHM/uC-sdk/arch/libarch.a(stm32f4xx_exti.o)
                              /home/m2ivi/legrand/Documents/NIHM/uC-sdk/arch/libarch.a(init.o) (EXTI_DeInit)
/home/m2ivi/legrand/Documents/NIHM/uC-sdk/arch/libarch.a(stm32f4xx_gpio.o)
                              /home/m2ivi/legrand/Documents/NIHM/uC-sdk/arch/libarch.a(init.o) (GPIO_DeInit)
/home/m2ivi/legrand/Documents/NIHM/uC-sdk/arch/libarch.a(stm32f4xx_hash.o)
                              /home/m2ivi/legrand/Documents/NIHM/uC-sdk/arch/libarch.a(init.o) (HASH_DeInit)
/home/m2ivi/legrand/Documents/NIHM/uC-sdk/arch/libarch.a(stm32f4xx_i2c.o)
                              /home/m2ivi/legrand/Documents/NIHM/uC-sdk/arch/libarch.a(init.o) (I2C_DeInit)
/home/m2ivi/legrand/Documents/NIHM/uC-sdk/arch/libarch.a(stm32f4xx_ltdc.o)
                              /home/m2ivi/legrand/Documents/NIHM/uC-sdk/arch/libarch.a(init.o) (LTDC_DeInit)
/home/m2ivi/legrand/Documents/NIHM/uC-sdk/arch/libarch.a(stm32f4xx_pwr.o)
                              /home/m2ivi/legrand/Documents/NIHM/uC-sdk/arch/libarch.a(init.o) (PWR_DeInit)
/home/m2ivi/legrand/Documents/NIHM/uC-sdk/arch/libarch.a(stm32f4xx_rcc.o)
                              /home/m2ivi/legrand/Documents/NIHM/uC-sdk/arch/libarch.a(init.o) (RCC_DeInit)
/home/m2ivi/legrand/Documents/NIHM/uC-sdk/arch/libarch.a(stm32f4xx_rng.o)
                              /home/m2ivi/legrand/Documents/NIHM/uC-sdk/arch/libarch.a(init.o) (RNG_DeInit)
/home/m2ivi/legrand/Documents/NIHM/uC-sdk/arch/libarch.a(stm32f4xx_rtc.o)
                              /home/m2ivi/legrand/Documents/NIHM/uC-sdk/arch/libarch.a(init.o) (RTC_DeInit)
/home/m2ivi/legrand/Documents/NIHM/uC-sdk/arch/libarch.a(stm32f4xx_sdio.o)
                              /home/m2ivi/legrand/Documents/NIHM/uC-sdk/arch/libarch.a(init.o) (SDIO_DeInit)
/home/m2ivi/legrand/Documents/NIHM/uC-sdk/arch/libarch.a(stm32f4xx_spi.o)
                              /home/m2ivi/legrand/Documents/NIHM/uC-sdk/arch/libarch.a(init.o) (SPI_I2S_DeInit)
/home/m2ivi/legrand/Documents/NIHM/uC-sdk/arch/libarch.a(stm32f4xx_syscfg.o)
                              /home/m2ivi/legrand/Documents/NIHM/uC-sdk/arch/libarch.a(init.o) (SYSCFG_DeInit)
/home/m2ivi/legrand/Documents/NIHM/uC-sdk/arch/libarch.a(stm32f4xx_tim.o)
                              /home/m2ivi/legrand/Documents/NIHM/uC-sdk/arch/libarch.a(init.o) (TIM_DeInit)
/home/m2ivi/legrand/Documents/NIHM/uC-sdk/arch/libarch.a(stm32f4xx_usart.o)
                              /home/m2ivi/legrand/Documents/NIHM/uC-sdk/arch/libarch.a(init.o) (USART_DeInit)
/home/m2ivi/legrand/Documents/NIHM/uC-sdk/arch/libarch.a(stm32f4xx_wwdg.o)
                              /home/m2ivi/legrand/Documents/NIHM/uC-sdk/arch/libarch.a(init.o) (WWDG_DeInit)
/home/m2ivi/legrand/Documents/NIHM/uC-sdk/arch/libarch.a(misc.o)
[...]
Memory Configuration

Name             Origin             Length             Attributes
rom              0x0000000008000000 0x0000000000100000 xr
ram              0x0000000020000000 0x000000000001c000 xrw
*default*        0x0000000000000000 0xffffffffffffffff

Linker script and memory map

LOAD /usr/lib/gcc/arm-none-eabi/4.9.3/armv7e-m/fpu/crti.o
LOAD /usr/lib/gcc/arm-none-eabi/4.9.3/armv7e-m/fpu/crtbegin.o
LOAD /usr/lib/gcc/arm-none-eabi/4.9.3/../../../arm-none-eabi/lib/armv7e-m/fpu/crt0.o
LOAD test.o
LOAD /usr/lib/gcc/arm-none-eabi/4.9.3/armv7e-m/fpu/libgcc.a
START GROUP
LOAD /home/m2ivi/legrand/Documents/NIHM/uC-sdk/FreeRTOS/libFreeRTOS.a
LOAD /home/m2ivi/legrand/Documents/NIHM/uC-sdk/arch/libarch.a
LOAD /home/m2ivi/legrand/Documents/NIHM/uC-sdk/os/libos.a
LOAD /home/m2ivi/legrand/Documents/NIHM/uC-sdk/libc/libc.a
LOAD /home/m2ivi/legrand/Documents/NIHM/uC-sdk/libm/libm.a
LOAD /home/m2ivi/legrand/Documents/NIHM/uC-sdk/acorn/libacorn.a
LOAD /home/m2ivi/legrand/Documents/NIHM/uC-sdk/hardware/libhardware.a
END GROUP
LOAD /usr/lib/gcc/arm-none-eabi/4.9.3/armv7e-m/fpu/crtend.o
LOAD /usr/lib/gcc/arm-none-eabi/4.9.3/armv7e-m/fpu/crtn.o
START GROUP
LOAD /usr/lib/gcc/arm-none-eabi/4.9.3/armv7e-m/fpu/libgcc.a
END GROUP
                0x000000002001c000                PROVIDE (__cs3_stack, (__cs3_region_start_ram + __cs3_region_size_ram))
                [!provide]                        PROVIDE (__cs3_stack_size, ((__cs3_region_start_ram + __cs3_region_size_ram) - _end))
                [!provide]                        PROVIDE (__cs3_heap_start, _end)
                [!provide]                        PROVIDE (__cs3_heap_end, (__cs3_region_start_ram + __cs3_region_size_ram))
                [!provide]                        PROVIDE (__rom_data_len, (__rom_data_end - __rom_data_begin))
                0x0000000020000800                PROVIDE (__heap_start, __cs3_heap_start)
                [!provide]                        PROVIDE (__heap_end, __cs3_heap_end)
                0x0000000000000620                PROVIDE (__bss_ram_len, (__bss_ram_end - __bss_ram_begin))
                [!provide]                        PROVIDE (__registry_space_1_len, (__registry_space_1_end - __registry_space_1))
                [!provide]                        PROVIDE (__registry_space_2_len, (__registry_space_2_end - __registry_space_2))
                [!provide]                        PROVIDE (__registry_space_3_len, (__registry_space_3_end - __registry_space_3))

.text           0x0000000008000000     0x2d10
                0x0000000008000000                . = ALIGN (0x20)
 CREATE_OBJECT_SYMBOLS
                0x0000000008000000                __cs3_region_start_rom = .
                0x0000000008000000                __privileged_code_start__ = .
 *(.cs3.region-head.rom)
                0x0000000008000000                __cs3_interrupt_vector = __cs3_interrupt_vector_cortex_m
 *(.cs3.interrupt_vector)
 .cs3.interrupt_vector
                0x0000000008000000       0x20 /home/m2ivi/legrand/Documents/NIHM/uC-sdk/arch/libarch.a(startup.o)
                0x0000000008000000                __cs3_interrupt_vector_cortex_m
                0x0000000000000001                ASSERT ((. != __cs3_interrupt_vector_cortex_m), No interrupt vector)
 *(.rom)
 *(.rom.b)
                0x0000000008000020                __registry_space_1 = .
 *(.registry_space_1)
                0x00000000000001e0                . = 0x1e0
 *fill*         0x0000000008000020      0x1c0 
                0x00000000080001e0                __registry_space_1_end = .
 *(.bootptr)
 .bootptr       0x00000000080001e0        0x4 /home/m2ivi/legrand/Documents/NIHM/uC-sdk/arch/libarch.a(init.o)
                0x00000000080001e0                __bootptr
 *(.hwregistry)
                0x00000000080001e4                __registry_space_2 = .
 *(.registry_space_2)
                0x000000000000043c                . = 0x43c
 *fill*         0x00000000080001e4      0x258 
                0x000000000800043c                __registry_space_2_end = .
 *(.som)
 .som           0x000000000800043c        0x4 /home/m2ivi/legrand/Documents/NIHM/uC-sdk/arch/libarch.a(init.o)
                0x000000000800043c                __som
                0x0000000008000440                __registry_space_3 = .
 *(.registry)
 *(.registry_space_3)
                0x0000000000000c40                . = 0xc40
 *fill*         0x0000000008000440      0x800 
                0x0000000008000c40                __registry_space_3_end = .
 *(.privileged_code)
 *(privileged_functions)
                0x0000000008000c40                __privileged_code_end__ = .
                0x0000000008000c40                __privileged_functions_end__ = .
                0x0000000008000c40                __cs3_reset = __cs3_reset_cortex_m
 *(.cs3.reset)
 .cs3.reset     0x0000000008000c40       0x50 /home/m2ivi/legrand/Documents/NIHM/uC-sdk/arch/libarch.a(startup.o)
                0x0000000008000c40                __cs3_reset_cortex_m
                0x0000000000000001                ASSERT ((. != __cs3_reset), No reset code)
 *(.handlers)
 .handlers      0x0000000008000c90       0x3c /home/m2ivi/legrand/Documents/NIHM/uC-sdk/arch/libarch.a(startup.o)
                0x0000000008000cc8                DebugMon_Handler
                0x0000000008000cca                RTC_Alarm_IRQHandler
                0x0000000008000cca                HASH_RNG_IRQHandler
                0x0000000008000cca                TIM8_CC_IRQHandler
                0x0000000008000cca                UART8_IRQHandler
                0x0000000008000cca                SPI4_IRQHandler
                0x0000000008000cca                TIM1_CC_IRQHandler
                0x0000000008000cca                DMA2_Stream5_IRQHandler
                0x0000000008000cca                DMA1_Stream5_IRQHandler
                0x0000000008000cca                PVD_IRQHandler
                0x0000000008000cca                SDIO_IRQHandler
                0x0000000008000cca                TAMP_STAMP_IRQHandler
                0x0000000008000cca                CAN2_RX1_IRQHandler
                0x0000000008000cca                TIM8_TRG_COM_TIM14_IRQHandler
                0x0000000008000cca                TIM1_UP_TIM10_IRQHandler
                0x0000000008000cca                LCD_TFT_ERROR_IRQHandler
                0x0000000008000cca                TIM8_UP_TIM13_IRQHandler
                0x0000000008000cca                I2C3_ER_IRQHandler
                0x0000000008000cca                LCD_TFT_IRQHandler
                0x0000000008000cca                I2C2_EV_IRQHandler
                0x0000000008000cca                DMA1_Stream2_IRQHandler
                0x0000000008000cca                CAN1_RX0_IRQHandler
                0x0000000008000cca                FPU_IRQHandler
                0x0000000008000cca                OTG_HS_WKUP_IRQHandler
                0x0000000008000cca                CAN2_SCE_IRQHandler
                0x0000000008000cca                DMA2_Stream2_IRQHandler
                0x0000000008000cca                SPI1_IRQHandler
                0x0000000008000cca                TIM6_DAC_IRQHandler
                0x0000000008000cca                TIM1_BRK_TIM9_IRQHandler
                0x0000000008000cca                DCMI_IRQHandler
                0x0000000008000cca                CAN2_RX0_IRQHandler
                0x0000000008000cca                DMA2_Stream3_IRQHandler
                0x0000000008000cca                USART6_IRQHandler
                0x0000000008000cca                USART3_IRQHandler
                0x0000000008000cca                CRYP_IRQHandler
                0x0000000008000cca                CAN1_RX1_IRQHandler
                0x0000000008000cca                UART5_IRQHandler
                0x0000000008000cca                DMA2_Stream0_IRQHandler
                0x0000000008000cca                TIM4_IRQHandler
                0x0000000008000cca                I2C1_EV_IRQHandler
                0x0000000008000cca                DMA1_Stream6_IRQHandler
                0x0000000008000cca                DMA1_Stream1_IRQHandler
                0x0000000008000cca                UART4_IRQHandler
                0x0000000008000cca                TIM3_IRQHandler
                0x0000000008000cca                RCC_IRQHandler
                0x0000000008000cca                TIM8_BRK_TIM12_IRQHandler
                0x0000000008000cca                Default_Handler
                0x0000000008000cca                ADC_IRQHandler
                0x0000000008000cca                DMA1_Stream7_IRQHandler
                0x0000000008000cca                SPI5_IRQHandler
                0x0000000008000cca                TIM7_IRQHandler
                0x0000000008000cca                CAN2_TX_IRQHandler
                0x0000000008000cca                TIM5_IRQHandler
                0x0000000008000cca                DMA2_Stream7_IRQHandler
                0x0000000008000cca                I2C3_EV_IRQHandler
                0x0000000008000cca                RTC_WKUP_IRQHandler
                0x0000000008000cca                ETH_WKUP_IRQHandler
                0x0000000008000cca                SPI2_IRQHandler
                0x0000000008000cca                OTG_HS_EP1_IN_IRQHandler
                0x0000000008000cca                DMA1_Stream0_IRQHandler
                0x0000000008000cca                WDT_IRQHandler
                0x0000000008000cca                CAN1_TX_IRQHandler
                0x0000000008000cca                FSMC_IRQHandler
                0x0000000008000cca                ETH_IRQHandler
                0x0000000008000cca                OTG_HS_EP1_OUT_IRQHandler
                0x0000000008000cca                SPI6_IRQHandler
                0x0000000008000cca                TIM2_IRQHandler
                0x0000000008000cca                OTG_FS_WKUP_IRQHandler
                0x0000000008000cca                TIM1_TRG_COM_TIM11_IRQHandler
                0x0000000008000cca                OTG_HS_IRQHandler
                0x0000000008000cca                DMA2D_IRQHandler
                0x0000000008000cca                UART7_IRQHandler
                0x0000000008000cca                USART2_IRQHandler
                0x0000000008000cca                I2C2_ER_IRQHandler
                0x0000000008000cca                DMA2_Stream1_IRQHandler
                0x0000000008000cca                CAN1_SCE_IRQHandler
                0x0000000008000cca                FLASH_IRQHandler
                0x0000000008000cca                DMA2_Stream4_IRQHandler
                0x0000000008000cca                USART1_IRQHandler
                0x0000000008000cca                OTG_FS_IRQHandler
                0x0000000008000cca                SPI3_IRQHandler
                0x0000000008000cca                DMA1_Stream4_IRQHandler
                0x0000000008000cca                I2C1_ER_IRQHandler
                0x0000000008000cca                DMA2_Stream6_IRQHandler
                0x0000000008000cca                SAI1_IRQHandler
                0x0000000008000cca                DMA1_Stream3_IRQHandler
 *(.text .text.* .gnu.linkonce.t.*)
 .text          0x0000000008000ccc       0xa4 /usr/lib/gcc/arm-none-eabi/4.9.3/armv7e-m/fpu/crtbegin.o
 .text.startup.main
                0x0000000008000d70       0x28 test.o
                0x0000000008000d70                main
 .text.general_C_handler
                0x0000000008000d98       0x20 /home/m2ivi/legrand/Documents/NIHM/uC-sdk/arch/libarch.a(handlers.o)
                0x0000000008000d98                general_C_handler
 .text.cpu_deinit_all
                0x0000000008000db8      0x2ac /home/m2ivi/legrand/Documents/NIHM/uC-sdk/arch/libarch.a(init.o)
                0x0000000008000db8                cpu_deinit_all
 .text.cpu_early_init
                0x0000000008001064        0xe /home/m2ivi/legrand/Documents/NIHM/uC-sdk/arch/libarch.a(init.o)
                0x0000000008001064                cpu_early_init
 *fill*         0x0000000008001072        0x2 
 .text.cpu_init
                0x0000000008001074       0x10 /home/m2ivi/legrand/Documents/NIHM/uC-sdk/arch/libarch.a(init.o)
                0x0000000008001074                cpu_init
 .text.cpu_late_init
                0x0000000008001084        0x2 /home/m2ivi/legrand/Documents/NIHM/uC-sdk/arch/libarch.a(init.o)
                0x0000000008001084                cpu_late_init
 .text.BoardEarlyInit
                0x0000000008001086        0x2 /home/m2ivi/legrand/Documents/NIHM/uC-sdk/arch/libarch.a(BoardInit.o)
                0x0000000008001086                BoardEarlyInit
 .text.BoardInit
                0x0000000008001088        0xa /home/m2ivi/legrand/Documents/NIHM/uC-sdk/arch/libarch.a(BoardInit.o)
                0x0000000008001088                BoardInit
 .text.BoardLateInit
                0x0000000008001092        0x2 /home/m2ivi/legrand/Documents/NIHM/uC-sdk/arch/libarch.a(BoardInit.o)
                0x0000000008001092                BoardLateInit
 .text.BoardShutdown
                0x0000000008001094        0x2 /home/m2ivi/legrand/Documents/NIHM/uC-sdk/arch/libarch.a(BoardInit.o)
                0x0000000008001094                BoardShutdown
 .text.BoardExceptionHandler
                0x0000000008001096        0x2 /home/m2ivi/legrand/Documents/NIHM/uC-sdk/arch/libarch.a(BoardInit.o)
                0x0000000008001096                BoardExceptionHandler
 .text.SystemInit
                0x0000000008001098      0x118 /home/m2ivi/legrand/Documents/NIHM/uC-sdk/arch/libarch.a(system_stm32f4xx.o)
                0x0000000008001098                SystemInit
 .text.ADC_DeInit
                0x00000000080011b0       0x1a /home/m2ivi/legrand/Documents/NIHM/uC-sdk/arch/libarch.a(stm32f4xx_adc.o)
                0x00000000080011b0                ADC_DeInit
 *fill*         0x00000000080011ca        0x2 
 .text.CAN_DeInit
                0x00000000080011cc       0x34 /home/m2ivi/legrand/Documents/NIHM/uC-sdk/arch/libarch.a(stm32f4xx_can.o)
                0x00000000080011cc                CAN_DeInit
 .text.CRYP_DeInit
                0x0000000008001200       0x16 /home/m2ivi/legrand/Documents/NIHM/uC-sdk/arch/libarch.a(stm32f4xx_cryp.o)
                0x0000000008001200                CRYP_DeInit
 .text.DAC_DeInit
                0x0000000008001216       0x1a /home/m2ivi/legrand/Documents/NIHM/uC-sdk/arch/libarch.a(stm32f4xx_dac.o)
                0x0000000008001216                DAC_DeInit
 .text.DCMI_DeInit
                0x0000000008001230       0x1c /home/m2ivi/legrand/Documents/NIHM/uC-sdk/arch/libarch.a(stm32f4xx_dcmi.o)
                0x0000000008001230                DCMI_DeInit
 .text.DMA_DeInit
                0x000000000800124c      0x10c /home/m2ivi/legrand/Documents/NIHM/uC-sdk/arch/libarch.a(stm32f4xx_dma.o)
                0x000000000800124c                DMA_DeInit
 .text.DMA2D_DeInit
                0x0000000008001358       0x1a /home/m2ivi/legrand/Documents/NIHM/uC-sdk/arch/libarch.a(stm32f4xx_dma2d.o)
                0x0000000008001358                DMA2D_DeInit
 *fill*         0x0000000008001372        0x2 
 .text.EXTI_DeInit
                0x0000000008001374       0x1c /home/m2ivi/legrand/Documents/NIHM/uC-sdk/arch/libarch.a(stm32f4xx_exti.o)
                0x0000000008001374                EXTI_DeInit
 .text.EXTI_GetITStatus
                0x0000000008001390       0x14 /home/m2ivi/legrand/Documents/NIHM/uC-sdk/arch/libarch.a(stm32f4xx_exti.o)
                0x0000000008001390                EXTI_GetITStatus
 .text.EXTI_ClearITPendingBit
                0x00000000080013a4        0xc /home/m2ivi/legrand/Documents/NIHM/uC-sdk/arch/libarch.a(stm32f4xx_exti.o)
                0x00000000080013a4                EXTI_ClearITPendingBit
 .text.GPIO_DeInit
                0x00000000080013b0      0x10c /home/m2ivi/legrand/Documents/NIHM/uC-sdk/arch/libarch.a(stm32f4xx_gpio.o)
                0x00000000080013b0                GPIO_DeInit
 .text.GPIO_Init
                0x00000000080014bc       0x6c /home/m2ivi/legrand/Documents/NIHM/uC-sdk/arch/libarch.a(stm32f4xx_gpio.o)
                0x00000000080014bc                GPIO_Init
 .text.GPIO_SetBits
                0x0000000008001528        0x4 /home/m2ivi/legrand/Documents/NIHM/uC-sdk/arch/libarch.a(stm32f4xx_gpio.o)
                0x0000000008001528                GPIO_SetBits
 .text.GPIO_ResetBits
                0x000000000800152c        0x4 /home/m2ivi/legrand/Documents/NIHM/uC-sdk/arch/libarch.a(stm32f4xx_gpio.o)
                0x000000000800152c                GPIO_ResetBits
 .text.GPIO_PinAFConfig
                0x0000000008001530       0x24 /home/m2ivi/legrand/Documents/NIHM/uC-sdk/arch/libarch.a(stm32f4xx_gpio.o)
                0x0000000008001530                GPIO_PinAFConfig
 .text.HASH_DeInit
                0x0000000008001554       0x16 /home/m2ivi/legrand/Documents/NIHM/uC-sdk/arch/libarch.a(stm32f4xx_hash.o)
                0x0000000008001554                HASH_DeInit
 *fill*         0x000000000800156a        0x2 
 .text.I2C_DeInit
                0x000000000800156c       0x5c /home/m2ivi/legrand/Documents/NIHM/uC-sdk/arch/libarch.a(stm32f4xx_i2c.o)
                0x000000000800156c                I2C_DeInit
 .text.LTDC_DeInit
                0x00000000080015c8       0x1a /home/m2ivi/legrand/Documents/NIHM/uC-sdk/arch/libarch.a(stm32f4xx_ltdc.o)
                0x00000000080015c8                LTDC_DeInit
 .text.PWR_DeInit
                0x00000000080015e2       0x1a /home/m2ivi/legrand/Documents/NIHM/uC-sdk/arch/libarch.a(stm32f4xx_pwr.o)
                0x00000000080015e2                PWR_DeInit
 .text.RCC_DeInit
                0x00000000080015fc       0x48 /home/m2ivi/legrand/Documents/NIHM/uC-sdk/arch/libarch.a(stm32f4xx_rcc.o)
                0x00000000080015fc                RCC_DeInit
 .text.RCC_GetClocksFreq
                0x0000000008001644       0x88 /home/m2ivi/legrand/Documents/NIHM/uC-sdk/arch/libarch.a(stm32f4xx_rcc.o)
                0x0000000008001644                RCC_GetClocksFreq
 .text.RCC_AHB1PeriphClockCmd
                0x00000000080016cc       0x18 /home/m2ivi/legrand/Documents/NIHM/uC-sdk/arch/libarch.a(stm32f4xx_rcc.o)
                0x00000000080016cc                RCC_AHB1PeriphClockCmd
 .text.RCC_APB1PeriphClockCmd
                0x00000000080016e4       0x18 /home/m2ivi/legrand/Documents/NIHM/uC-sdk/arch/libarch.a(stm32f4xx_rcc.o)
                0x00000000080016e4                RCC_APB1PeriphClockCmd
 .text.RCC_APB2PeriphClockCmd
                0x00000000080016fc       0x18 /home/m2ivi/legrand/Documents/NIHM/uC-sdk/arch/libarch.a(stm32f4xx_rcc.o)
                0x00000000080016fc                RCC_APB2PeriphClockCmd
 .text.RCC_AHB1PeriphResetCmd
                0x0000000008001714       0x18 /home/m2ivi/legrand/Documents/NIHM/uC-sdk/arch/libarch.a(stm32f4xx_rcc.o)
                0x0000000008001714                RCC_AHB1PeriphResetCmd
 .text.RCC_AHB2PeriphResetCmd
                0x000000000800172c       0x18 /home/m2ivi/legrand/Documents/NIHM/uC-sdk/arch/libarch.a(stm32f4xx_rcc.o)
                0x000000000800172c                RCC_AHB2PeriphResetCmd
 .text.RCC_APB1PeriphResetCmd
                0x0000000008001744       0x18 /home/m2ivi/legrand/Documents/NIHM/uC-sdk/arch/libarch.a(stm32f4xx_rcc.o)
                0x0000000008001744                RCC_APB1PeriphResetCmd
 .text.RCC_APB2PeriphResetCmd
                0x000000000800175c       0x18 /home/m2ivi/legrand/Documents/NIHM/uC-sdk/arch/libarch.a(stm32f4xx_rcc.o)
                0x000000000800175c                RCC_APB2PeriphResetCmd
 .text.RNG_DeInit
                0x0000000008001774       0x16 /home/m2ivi/legrand/Documents/NIHM/uC-sdk/arch/libarch.a(stm32f4xx_rng.o)
                0x0000000008001774                RNG_DeInit
 *fill*         0x000000000800178a        0x2 
 .text.RTC_EnterInitMode
                0x000000000800178c       0x40 /home/m2ivi/legrand/Documents/NIHM/uC-sdk/arch/libarch.a(stm32f4xx_rtc.o)
                0x000000000800178c                RTC_EnterInitMode
 .text.RTC_WaitForSynchro
                0x00000000080017cc       0x44 /home/m2ivi/legrand/Documents/NIHM/uC-sdk/arch/libarch.a(stm32f4xx_rtc.o)
                0x00000000080017cc                RTC_WaitForSynchro
 .text.RTC_DeInit
                0x0000000008001810       0x8c /home/m2ivi/legrand/Documents/NIHM/uC-sdk/arch/libarch.a(stm32f4xx_rtc.o)
                0x0000000008001810                RTC_DeInit
 .text.SDIO_DeInit
                0x000000000800189c       0x1a /home/m2ivi/legrand/Documents/NIHM/uC-sdk/arch/libarch.a(stm32f4xx_sdio.o)
                0x000000000800189c                SDIO_DeInit
 *fill*         0x00000000080018b6        0x2 
 .text.SPI_I2S_DeInit
                0x00000000080018b8       0xb0 /home/m2ivi/legrand/Documents/NIHM/uC-sdk/arch/libarch.a(stm32f4xx_spi.o)
                0x00000000080018b8                SPI_I2S_DeInit
 .text.SYSCFG_DeInit
                0x0000000008001968       0x1a /home/m2ivi/legrand/Documents/NIHM/uC-sdk/arch/libarch.a(stm32f4xx_syscfg.o)
                0x0000000008001968                SYSCFG_DeInit
 *fill*         0x0000000008001982        0x2 
 .text.TIM_DeInit
                0x0000000008001984      0x154 /home/m2ivi/legrand/Documents/NIHM/uC-sdk/arch/libarch.a(stm32f4xx_tim.o)
                0x0000000008001984                TIM_DeInit
 .text.USART_DeInit
                0x0000000008001ad8       0xdc /home/m2ivi/legrand/Documents/NIHM/uC-sdk/arch/libarch.a(stm32f4xx_usart.o)
                0x0000000008001ad8                USART_DeInit
 .text.USART_Init
                0x0000000008001bb4       0xb4 /home/m2ivi/legrand/Documents/NIHM/uC-sdk/arch/libarch.a(stm32f4xx_usart.o)
                0x0000000008001bb4                USART_Init
 .text.USART_Cmd
                0x0000000008001c68       0x18 /home/m2ivi/legrand/Documents/NIHM/uC-sdk/arch/libarch.a(stm32f4xx_usart.o)
                0x0000000008001c68                USART_Cmd
 .text.USART_SendData
                0x0000000008001c80        0x8 /home/m2ivi/legrand/Documents/NIHM/uC-sdk/arch/libarch.a(stm32f4xx_usart.o)
                0x0000000008001c80                USART_SendData
 .text.USART_GetFlagStatus
                0x0000000008001c88        0xc /home/m2ivi/legrand/Documents/NIHM/uC-sdk/arch/libarch.a(stm32f4xx_usart.o)
                0x0000000008001c88                USART_GetFlagStatus
 .text.WWDG_DeInit
                0x0000000008001c94       0x1a /home/m2ivi/legrand/Documents/NIHM/uC-sdk/arch/libarch.a(stm32f4xx_wwdg.o)
                0x0000000008001c94                WWDG_DeInit
 *fill*         0x0000000008001cae        0x2 
 .text.NVIC_SetVectorTable
                0x0000000008001cb0       0x14 /home/m2ivi/legrand/Documents/NIHM/uC-sdk/arch/libarch.a(misc.o)
                0x0000000008001cb0                NVIC_SetVectorTable
 .text._exit    0x0000000008001cc4        0xe /home/m2ivi/legrand/Documents/NIHM/uC-sdk/os/libos.a(init.o)
                0x0000000008001cc4                _exit
 *fill*         0x0000000008001cd2        0x2 
 .text._ucsdk_start
                0x0000000008001cd4       0x3c /home/m2ivi/legrand/Documents/NIHM/uC-sdk/os/libos.a(init.o)
                0x0000000008001cd4                _ucsdk_start
 .text.startup_memcpy
                0x0000000008001d10       0x14 /home/m2ivi/legrand/Documents/NIHM/uC-sdk/os/libos.a(init.o)
                0x0000000008001d10                startup_memcpy
 .text.startup_memset
                0x0000000008001d24        0xe /home/m2ivi/legrand/Documents/NIHM/uC-sdk/os/libos.a(init.o)
                0x0000000008001d24                startup_memset
 *fill*         0x0000000008001d32        0x2 
 .text.exit     0x0000000008001d34       0x60 /home/m2ivi/legrand/Documents/NIHM/uC-sdk/libc/libc.a(initfini.o)
                0x0000000008001d34                exit
 .text.libc_init
                0x0000000008001d94       0x58 /home/m2ivi/legrand/Documents/NIHM/uC-sdk/libc/libc.a(initfini.o)
                0x0000000008001d94                libc_init
 .text.__sinit  0x0000000008001dec       0x28 /home/m2ivi/legrand/Documents/NIHM/uC-sdk/libc/libc.a(stdio.o)
                0x0000000008001dec                __sinit
 .text.startup.init_main_thread
                0x0000000008001e14       0x10 /home/m2ivi/legrand/Documents/NIHM/uC-sdk/libc/libc.a(reent.o)
 .text.call_exti_callback
                0x0000000008001e24       0x10 /home/m2ivi/legrand/Documents/NIHM/uC-sdk/hardware/libhardware.a(gpio.o)
 .text.gpio_config
                0x0000000008001e34       0x54 /home/m2ivi/legrand/Documents/NIHM/uC-sdk/hardware/libhardware.a(gpio.o)
                0x0000000008001e34                gpio_config
 .text.gpio_config_alternate
                0x0000000008001e88       0x70 /home/m2ivi/legrand/Documents/NIHM/uC-sdk/hardware/libhardware.a(gpio.o)
                0x0000000008001e88                gpio_config_alternate
 .text.gpio_set
                0x0000000008001ef8       0x40 /home/m2ivi/legrand/Documents/NIHM/uC-sdk/hardware/libhardware.a(gpio.o)
                0x0000000008001ef8                gpio_set
 .text.startup.irq_init
                0x0000000008001f38       0x18 /home/m2ivi/legrand/Documents/NIHM/uC-sdk/hardware/libhardware.a(gpio.o)
 .text.EXTI0_IRQHandler
                0x0000000008001f50       0x1c /home/m2ivi/legrand/Documents/NIHM/uC-sdk/hardware/libhardware.a(gpio.o)
                0x0000000008001f50                EXTI0_IRQHandler
 .text.EXTI1_IRQHandler
                0x0000000008001f6c       0x1c /home/m2ivi/legrand/Documents/NIHM/uC-sdk/hardware/libhardware.a(gpio.o)
                0x0000000008001f6c                EXTI1_IRQHandler
 .text.EXTI2_IRQHandler
                0x0000000008001f88       0x1c /home/m2ivi/legrand/Documents/NIHM/uC-sdk/hardware/libhardware.a(gpio.o)
                0x0000000008001f88                EXTI2_IRQHandler
 .text.EXTI3_IRQHandler
                0x0000000008001fa4       0x1c /home/m2ivi/legrand/Documents/NIHM/uC-sdk/hardware/libhardware.a(gpio.o)
                0x0000000008001fa4                EXTI3_IRQHandler
 .text.EXTI4_IRQHandler
                0x0000000008001fc0       0x1c /home/m2ivi/legrand/Documents/NIHM/uC-sdk/hardware/libhardware.a(gpio.o)
                0x0000000008001fc0                EXTI4_IRQHandler
 .text.EXTI9_5_IRQHandler
                0x0000000008001fdc       0x6c /home/m2ivi/legrand/Documents/NIHM/uC-sdk/hardware/libhardware.a(gpio.o)
                0x0000000008001fdc                EXTI9_5_IRQHandler
 .text.EXTI15_10_IRQHandler
                0x0000000008002048       0x8e /home/m2ivi/legrand/Documents/NIHM/uC-sdk/hardware/libhardware.a(gpio.o)
                0x0000000008002048                EXTI15_10_IRQHandler
 *fill*         0x00000000080020d6        0x2 
 .text.SVC_Handler
                0x00000000080020d8       0x1c /home/m2ivi/legrand/Documents/NIHM/uC-sdk/FreeRTOS/libFreeRTOS.a(port.o)
                0x00000000080020d8                SVC_Handler
 .text.vPortYield
                0x00000000080020f4       0x18 /home/m2ivi/legrand/Documents/NIHM/uC-sdk/FreeRTOS/libFreeRTOS.a(port.o)
                0x00000000080020f4                vPortYield
 .text.ulPortSetInterruptMask
                0x000000000800210c       0x10 /home/m2ivi/legrand/Documents/NIHM/uC-sdk/FreeRTOS/libFreeRTOS.a(port.o)
                0x000000000800210c                ulPortSetInterruptMask
 .text.vPortEnterCritical
                0x000000000800211c       0x1c /home/m2ivi/legrand/Documents/NIHM/uC-sdk/FreeRTOS/libFreeRTOS.a(port.o)
                0x000000000800211c                vPortEnterCritical
 .text.vPortClearInterruptMask
                0x0000000008002138        0x6 /home/m2ivi/legrand/Documents/NIHM/uC-sdk/FreeRTOS/libFreeRTOS.a(port.o)
                0x0000000008002138                vPortClearInterruptMask
 *fill*         0x000000000800213e        0x2 
 .text.vPortExitCritical
                0x0000000008002140       0x14 /home/m2ivi/legrand/Documents/NIHM/uC-sdk/FreeRTOS/libFreeRTOS.a(port.o)
                0x0000000008002140                vPortExitCritical
 .text.PendSV_Handler
                0x0000000008002154       0x50 /home/m2ivi/legrand/Documents/NIHM/uC-sdk/FreeRTOS/libFreeRTOS.a(port.o)
                0x0000000008002154                PendSV_Handler
 .text.SysTick_Handler
                0x00000000080021a4       0x24 /home/m2ivi/legrand/Documents/NIHM/uC-sdk/FreeRTOS/libFreeRTOS.a(port.o)
                0x00000000080021a4                SysTick_Handler
 .text.prvAddCurrentTaskToDelayedList
                0x00000000080021c8       0x50 /home/m2ivi/legrand/Documents/NIHM/uC-sdk/FreeRTOS/libFreeRTOS.a(tasks.o)
 .text.vTaskSuspendAll
                0x0000000008002218       0x10 /home/m2ivi/legrand/Documents/NIHM/uC-sdk/FreeRTOS/libFreeRTOS.a(tasks.o)
                0x0000000008002218                vTaskSuspendAll
 .text.xTaskIncrementTick
                0x0000000008002228      0x12c /home/m2ivi/legrand/Documents/NIHM/uC-sdk/FreeRTOS/libFreeRTOS.a(tasks.o)
                0x0000000008002228                xTaskIncrementTick
 .text.xTaskResumeAll
                0x0000000008002354       0xc8 /home/m2ivi/legrand/Documents/NIHM/uC-sdk/FreeRTOS/libFreeRTOS.a(tasks.o)
                0x0000000008002354                xTaskResumeAll
 .text.vTaskSwitchContext
                0x000000000800241c       0xac /home/m2ivi/legrand/Documents/NIHM/uC-sdk/FreeRTOS/libFreeRTOS.a(tasks.o)
                0x000000000800241c                vTaskSwitchContext
 .text.vTaskPlaceOnEventList
                0x00000000080024c8       0x4c /home/m2ivi/legrand/Documents/NIHM/uC-sdk/FreeRTOS/libFreeRTOS.a(tasks.o)
                0x00000000080024c8                vTaskPlaceOnEventList
 .text.xTaskRemoveFromEventList
                0x0000000008002514       0x74 /home/m2ivi/legrand/Documents/NIHM/uC-sdk/FreeRTOS/libFreeRTOS.a(tasks.o)
                0x0000000008002514                xTaskRemoveFromEventList
 .text.vTaskSetTimeOutState
                0x0000000008002588       0x20 /home/m2ivi/legrand/Documents/NIHM/uC-sdk/FreeRTOS/libFreeRTOS.a(tasks.o)
                0x0000000008002588                vTaskSetTimeOutState
 .text.xTaskCheckForTimeOut
                0x00000000080025a8       0x5c /home/m2ivi/legrand/Documents/NIHM/uC-sdk/FreeRTOS/libFreeRTOS.a(tasks.o)
                0x00000000080025a8                xTaskCheckForTimeOut
 .text.vTaskMissedYield
                0x0000000008002604        0xc /home/m2ivi/legrand/Documents/NIHM/uC-sdk/FreeRTOS/libFreeRTOS.a(tasks.o)
                0x0000000008002604                vTaskMissedYield
 .text.vTaskPriorityDisinherit
                0x0000000008002610       0x48 /home/m2ivi/legrand/Documents/NIHM/uC-sdk/FreeRTOS/libFreeRTOS.a(tasks.o)
                0x0000000008002610                vTaskPriorityDisinherit
 .text.pvPortMalloc
                0x0000000008002658       0x20 /home/m2ivi/legrand/Documents/NIHM/uC-sdk/FreeRTOS/libFreeRTOS.a(heap_3.o)
                0x0000000008002658                pvPortMalloc
 .text.vListInitialise
                0x0000000008002678       0x16 /home/m2ivi/legrand/Documents/NIHM/uC-sdk/FreeRTOS/libFreeRTOS.a(list.o)
                0x0000000008002678                vListInitialise
 .text.vListInsertEnd
                0x000000000800268e       0x18 /home/m2ivi/legrand/Documents/NIHM/uC-sdk/FreeRTOS/libFreeRTOS.a(list.o)
                0x000000000800268e                vListInsertEnd
 .text.vListInsert
                0x00000000080026a6       0x30 /home/m2ivi/legrand/Documents/NIHM/uC-sdk/FreeRTOS/libFreeRTOS.a(list.o)
                0x00000000080026a6                vListInsert
 .text.uxListRemove
                0x00000000080026d6       0x24 /home/m2ivi/legrand/Documents/NIHM/uC-sdk/FreeRTOS/libFreeRTOS.a(list.o)
                0x00000000080026d6                uxListRemove
 .text.prvUnlockQueue
                0x00000000080026fa       0x64 /home/m2ivi/legrand/Documents/NIHM/uC-sdk/FreeRTOS/libFreeRTOS.a(queue.o)
 .text.prvCopyDataToQueue
                0x000000000800275e       0x80 /home/m2ivi/legrand/Documents/NIHM/uC-sdk/FreeRTOS/libFreeRTOS.a(queue.o)
 .text.xQueueGenericSend
                0x00000000080027de       0xf8 /home/m2ivi/legrand/Documents/NIHM/uC-sdk/FreeRTOS/libFreeRTOS.a(queue.o)
                0x00000000080027de                xQueueGenericSend
 .text.xQueueCreateMutex
                0x00000000080028d6       0x4a /home/m2ivi/legrand/Documents/NIHM/uC-sdk/FreeRTOS/libFreeRTOS.a(queue.o)
                0x00000000080028d6                xQueueCreateMutex
 .text.BoardConsoleInit
                0x0000000008002920       0x32 /home/m2ivi/legrand/Documents/NIHM/uC-sdk/arch/libarch.a(BoardConsole.o)
                0x0000000008002920                BoardConsoleInit
 .text.BoardConsolePutc
                0x0000000008002952       0x2a /home/m2ivi/legrand/Documents/NIHM/uC-sdk/arch/libarch.a(BoardConsole.o)
                0x0000000008002952                BoardConsolePutc
 .text.BoardConsolePuts
                0x000000000800297c       0x24 /home/m2ivi/legrand/Documents/NIHM/uC-sdk/arch/libarch.a(BoardConsole.o)
                0x000000000800297c                BoardConsolePuts
 .text.vApplicationTickHook
                0x00000000080029a0        0x2 /home/m2ivi/legrand/Documents/NIHM/uC-sdk/os/libos.a(hooks.o)
                0x00000000080029a0                vApplicationTickHook
 .text.vApplicationStackOverflowHook
                0x00000000080029a2        0x2 /home/m2ivi/legrand/Documents/NIHM/uC-sdk/os/libos.a(hooks.o)
                0x00000000080029a2                vApplicationStackOverflowHook
 .text.base_malloc
                0x00000000080029a4       0xbc /home/m2ivi/legrand/Documents/NIHM/uC-sdk/libc/libc.a(malloc.o)
                0x00000000080029a4                base_malloc
 .text.uart_config
                0x0000000008002a60       0xd0 /home/m2ivi/legrand/Documents/NIHM/uC-sdk/hardware/libhardware.a(uart.o)
                0x0000000008002a60                uart_config
 .text.uart_send_char
                0x0000000008002b30       0x28 /home/m2ivi/legrand/Documents/NIHM/uC-sdk/hardware/libhardware.a(uart.o)
                0x0000000008002b30                uart_send_char
 .text.startup.fs_init
                0x0000000008002b58       0x14 /home/m2ivi/legrand/Documents/NIHM/uC-sdk/os/libos.a(filesystem.o)
                0x0000000008002b58                fs_init
 .text.stdin_read
                0x0000000008002b6c        0x4 /home/m2ivi/legrand/Documents/NIHM/uC-sdk/os/libos.a(fio.o)
 .text.stdout_write
                0x0000000008002b70       0x1a /home/m2ivi/legrand/Documents/NIHM/uC-sdk/os/libos.a(fio.o)
 *fill*         0x0000000008002b8a        0x2 
 .text.startup.fio_init
                0x0000000008002b8c       0x38 /home/m2ivi/legrand/Documents/NIHM/uC-sdk/os/libos.a(fio.o)
 .text.sbrk     0x0000000008002bc4       0x38 /home/m2ivi/legrand/Documents/NIHM/uC-sdk/os/libos.a(sbrk.o)
                0x0000000008002bc4                sbrk
 *(.plt)
 *(.gnu.warning)
 *(.glue_7t)
 .glue_7t       0x0000000008002bfc        0x0 linker stubs
 *(.glue_7)
 .glue_7        0x0000000008002bfc        0x0 linker stubs
 *(.vfp11_veneer)
 .vfp11_veneer  0x0000000008002bfc        0x0 linker stubs
 *(.rodata .rodata.* .gnu.linkonce.r.*)
 .rodata.str1.1
                0x0000000008002bfc       0x36 /home/m2ivi/legrand/Documents/NIHM/uC-sdk/os/libos.a(init.o)
 *fill*         0x0000000008002c32        0x2 
 .rodata.stm32f4xx_gpio_ports
                0x0000000008002c34       0x2c /home/m2ivi/legrand/Documents/NIHM/uC-sdk/hardware/libhardware.a(gpio.o)
                0x0000000008002c34                stm32f4xx_gpio_ports
 .rodata.ucExpectedStackBytes.8594
                0x0000000008002c60       0x14 /home/m2ivi/legrand/Documents/NIHM/uC-sdk/FreeRTOS/libFreeRTOS.a(tasks.o)
 .rodata.uarts  0x0000000008002c74       0x24 /home/m2ivi/legrand/Documents/NIHM/uC-sdk/hardware/libhardware.a(uart.o)
 *(.ARM.extab* .gnu.linkonce.armextab.*)
 *(.gcc_except_table)
 *(.eh_frame_hdr)
 *(.eh_frame)
 .eh_frame      0x0000000008002c98        0x0 /usr/lib/gcc/arm-none-eabi/4.9.3/armv7e-m/fpu/crtbegin.o
                0x0000000008002ca0                . = ALIGN (0x10)
 *fill*         0x0000000008002c98        0x8 
 *(.init)
 .init          0x0000000008002ca0        0x4 /usr/lib/gcc/arm-none-eabi/4.9.3/armv7e-m/fpu/crti.o
                0x0000000008002ca0                _init
 .init          0x0000000008002ca4        0x8 /usr/lib/gcc/arm-none-eabi/4.9.3/armv7e-m/fpu/crtn.o
                0x0000000008002cb0                . = ALIGN (0x10)
 *fill*         0x0000000008002cac        0x4 
                0x0000000008002cb0                __preinit_array_start = .
 *(.preinit_array)
                0x0000000008002cb0                __preinit_array_end = .
                0x0000000008002cb0                . = ALIGN (0x10)
                0x0000000008002cb0                __init_array_start = .
 *(SORT(.init_array.*))
 *(.init_array)
 .init_array    0x0000000008002cb0        0x4 /usr/lib/gcc/arm-none-eabi/4.9.3/armv7e-m/fpu/crtbegin.o
 .init_array    0x0000000008002cb4        0x4 /home/m2ivi/legrand/Documents/NIHM/uC-sdk/libc/libc.a(reent.o)
 .init_array    0x0000000008002cb8        0x4 /home/m2ivi/legrand/Documents/NIHM/uC-sdk/hardware/libhardware.a(gpio.o)
 .init_array    0x0000000008002cbc        0x4 /home/m2ivi/legrand/Documents/NIHM/uC-sdk/os/libos.a(filesystem.o)
 .init_array    0x0000000008002cc0        0x4 /home/m2ivi/legrand/Documents/NIHM/uC-sdk/os/libos.a(fio.o)
                0x0000000008002cc4                __init_array_end = .
                0x0000000008002cd0                . = ALIGN (0x10)
 *fill*         0x0000000008002cc4        0xc 
 *crtbegin.o(.ctors)
 *(EXCLUDE_FILE(*crtend.o) .ctors)
 *(SORT(.ctors.*))
 *crtend.o(.ctors)
                0x0000000008002cd0                . = ALIGN (0x10)
 *(.fini)
 .fini          0x0000000008002cd0        0x4 /usr/lib/gcc/arm-none-eabi/4.9.3/armv7e-m/fpu/crti.o
                0x0000000008002cd0                _fini
 .fini          0x0000000008002cd4        0x8 /usr/lib/gcc/arm-none-eabi/4.9.3/armv7e-m/fpu/crtn.o
                0x0000000008002ce0                . = ALIGN (0x10)
 *fill*         0x0000000008002cdc        0x4 
                0x0000000008002ce0                __fini_array_start = .
 *(.fini_array)
 .fini_array    0x0000000008002ce0        0x4 /usr/lib/gcc/arm-none-eabi/4.9.3/armv7e-m/fpu/crtbegin.o
 *(SORT(.fini_array.*))
                0x0000000008002ce4                __fini_array_end = .
 *crtbegin.o(.dtors)
 *(EXCLUDE_FILE(*crtend.o) .dtors)
 *(SORT(.dtors.*))
 *crtend.o(.dtors)
                0x0000000008002cf0                . = ALIGN (0x10)
 *fill*         0x0000000008002ce4        0xc 
                0x0000000008002cf0                __cs3_regions = .
                0x0000000008002cf0        0x4 LONG 0x0
                0x0000000008002cf4        0x4 LONG 0x8002d20 __cs3_region_init_ram
                0x0000000008002cf8        0x4 LONG 0x20000000 __cs3_region_start_ram
                0x0000000008002cfc        0x4 LONG 0x1e0 __cs3_region_init_size_ram
                0x0000000008002d00        0x4 LONG 0x620 __cs3_region_zero_size_ram
                0x0000000008002d10                . = ALIGN (0x10)
 *fill*         0x0000000008002d04        0xc 
 *(.romfs.data)
                0x0000000008002d10                __exidx_start = .

.v4_bx          0x0000000008002d10        0x0
 .v4_bx         0x0000000008002d10        0x0 linker stubs

.iplt           0x0000000008002d10        0x0
 .iplt          0x0000000008002d10        0x0 /usr/lib/gcc/arm-none-eabi/4.9.3/armv7e-m/fpu/crtbegin.o

.ARM.exidx      0x0000000008002d10        0x8
 *(.ARM.exidx* .gnu.linkonce.armexidx.*)
 .ARM.exidx.cs3.reset
                0x0000000008002d10        0x8 /home/m2ivi/legrand/Documents/NIHM/uC-sdk/arch/libarch.a(startup.o)
                0x0000000008002d18                __exidx_end = .

.rel.dyn        0x0000000008002d18        0x0
 .rel.iplt      0x0000000008002d18        0x0 /usr/lib/gcc/arm-none-eabi/4.9.3/armv7e-m/fpu/crtbegin.o

.text.align     0x0000000008002d18        0x0
                0x0000000008002d18                . = ALIGN (0x8)
                0x0000000008002d18                _etext = .
                0x0000000000100000                __cs3_region_size_rom = LENGTH (rom)
                0x0000000000000001                __cs3_region_num = 0x1

.data_begin     0x0000000008002d18        0x8
                0x0000000008002d20                . = ALIGN (0x20)
 *fill*         0x0000000008002d18        0x8 
                0x0000000008002d20                __rom_data_begin = .

.data           0x0000000020000000      0x1e0 load address 0x0000000008002d20
                0x0000000020000000                __cs3_region_start_ram = .
                0x0000000020000000                __ram_data_begin = .
                0x0000000020000000                __privileged_data_start__ = .
                0x0000000020000000                __cs3_interrupt_vector_mutable = __cs3_interrupt_vector_cortex_m_mutable
 *(.cs3.interrupt_vector_mutable)
 .cs3.interrupt_vector_mutable
                0x0000000020000000      0x1ac /home/m2ivi/legrand/Documents/NIHM/uC-sdk/arch/libarch.a(startup.o)
                0x0000000020000000                __cs3_interrupt_vector_cortex_m_mutable
                0x0000000000000001                ASSERT ((. != __cs3_interrupt_vector_cortex_m_mutable), No interrupt vector mutable table)
 *(privileged_data)
                0x00000000200001ac                __privileged_data_end__ = .
 *(.cs3.region-head.ram)
 *(.jcr)
 .jcr           0x00000000200001ac        0x0 /usr/lib/gcc/arm-none-eabi/4.9.3/armv7e-m/fpu/crtbegin.o
 .jcr           0x00000000200001ac        0x4 /usr/lib/gcc/arm-none-eabi/4.9.3/armv7e-m/fpu/crtend.o
 *(.got.plt)
 *(.got)
 *(.shdata)
 *(.data .data.* .gnu.linkonce.d.*)
 .data.APBAHBPrescTable
                0x00000000200001b0       0x10 /home/m2ivi/legrand/Documents/NIHM/uC-sdk/arch/libarch.a(stm32f4xx_rcc.o)
 .data.stdin    0x00000000200001c0        0x4 /home/m2ivi/legrand/Documents/NIHM/uC-sdk/libc/libc.a(stdio.o)
                0x00000000200001c0                stdin
 .data.stdout   0x00000000200001c4        0x4 /home/m2ivi/legrand/Documents/NIHM/uC-sdk/libc/libc.a(stdio.o)
                0x00000000200001c4                stdout
 .data.stderr   0x00000000200001c8        0x4 /home/m2ivi/legrand/Documents/NIHM/uC-sdk/libc/libc.a(stdio.o)
                0x00000000200001c8                stderr
 .data._impure_ptr
                0x00000000200001cc        0x4 /home/m2ivi/legrand/Documents/NIHM/uC-sdk/libc/libc.a(reent.o)
                0x00000000200001cc                _impure_ptr
 .data.uxCriticalNesting
                0x00000000200001d0        0x4 /home/m2ivi/legrand/Documents/NIHM/uC-sdk/FreeRTOS/libFreeRTOS.a(port.o)
 .data.xNextTaskUnblockTime
                0x00000000200001d4        0x4 /home/m2ivi/legrand/Documents/NIHM/uC-sdk/FreeRTOS/libFreeRTOS.a(tasks.o)
 .data.malloc   0x00000000200001d8        0x4 /home/m2ivi/legrand/Documents/NIHM/uC-sdk/libc/libc.a(malloc.o)
                0x00000000200001d8                malloc
 .data.heap_end
                0x00000000200001dc        0x4 /home/m2ivi/legrand/Documents/NIHM/uC-sdk/os/libos.a(sbrk.o)
 *(.ram)
                0x00000000200001e0                . = ALIGN (0x20)
                0x00000000200001e0                _edata = .

.tm_clone_table
                0x00000000200001e0        0x0 load address 0x0000000008002f00
 .tm_clone_table
                0x00000000200001e0        0x0 /usr/lib/gcc/arm-none-eabi/4.9.3/armv7e-m/fpu/crtbegin.o
 .tm_clone_table
                0x00000000200001e0        0x0 /usr/lib/gcc/arm-none-eabi/4.9.3/armv7e-m/fpu/crtend.o

.igot.plt       0x00000000200001e0        0x0 load address 0x0000000008002f00
 .igot.plt      0x00000000200001e0        0x0 /usr/lib/gcc/arm-none-eabi/4.9.3/armv7e-m/fpu/crtbegin.o

.data_end       0x0000000008002f00        0x0
                0x0000000008002f00                . = ALIGN (0x20)
                0x0000000008002f00                __rom_data_end = .

.bss            0x00000000200001e0      0x620
                0x00000000200001e0                . = ALIGN (0x20)
                0x00000000200001e0                __bss_ram_begin = .
 *(.shbss)
 *(.bss .bss.* .gnu.linkonce.b.*)
 .bss           0x00000000200001e0       0x1c /usr/lib/gcc/arm-none-eabi/4.9.3/armv7e-m/fpu/crtbegin.o
 .bss.atexit_funcs
                0x00000000200001fc       0x80 /home/m2ivi/legrand/Documents/NIHM/uC-sdk/libc/libc.a(initfini.o)
 .bss.atexit_args
                0x000000002000027c       0x80 /home/m2ivi/legrand/Documents/NIHM/uC-sdk/libc/libc.a(initfini.o)
 .bss.atexit_count
                0x00000000200002fc        0x1 /home/m2ivi/legrand/Documents/NIHM/uC-sdk/libc/libc.a(initfini.o)
 *fill*         0x00000000200002fd        0x3 
 .bss._stdin    0x0000000020000300        0xc /home/m2ivi/legrand/Documents/NIHM/uC-sdk/libc/libc.a(stdio.o)
 .bss._stderr   0x000000002000030c        0xc /home/m2ivi/legrand/Documents/NIHM/uC-sdk/libc/libc.a(stdio.o)
 .bss._stdout   0x0000000020000318        0xc /home/m2ivi/legrand/Documents/NIHM/uC-sdk/libc/libc.a(stdio.o)
 .bss.main_thread
                0x0000000020000324        0x1 /home/m2ivi/legrand/Documents/NIHM/uC-sdk/libc/libc.a(reent.o)
 *fill*         0x0000000020000325        0x3 
 .bss.exti_irq_callback
                0x0000000020000328       0x40 /home/m2ivi/legrand/Documents/NIHM/uC-sdk/hardware/libhardware.a(gpio.o)
 .bss.xSuspendedTaskList
                0x0000000020000368       0x14 /home/m2ivi/legrand/Documents/NIHM/uC-sdk/FreeRTOS/libFreeRTOS.a(tasks.o)
 .bss.pxDelayedTaskList
                0x000000002000037c        0x4 /home/m2ivi/legrand/Documents/NIHM/uC-sdk/FreeRTOS/libFreeRTOS.a(tasks.o)
 .bss.uxPendedTicks
                0x0000000020000380        0x4 /home/m2ivi/legrand/Documents/NIHM/uC-sdk/FreeRTOS/libFreeRTOS.a(tasks.o)
 .bss.pxReadyTasksLists
                0x0000000020000384       0x64 /home/m2ivi/legrand/Documents/NIHM/uC-sdk/FreeRTOS/libFreeRTOS.a(tasks.o)
 .bss.uxSchedulerSuspended
                0x00000000200003e8        0x4 /home/m2ivi/legrand/Documents/NIHM/uC-sdk/FreeRTOS/libFreeRTOS.a(tasks.o)
 .bss.xNumOfOverflows
                0x00000000200003ec        0x4 /home/m2ivi/legrand/Documents/NIHM/uC-sdk/FreeRTOS/libFreeRTOS.a(tasks.o)
 .bss.pxCurrentTCB
                0x00000000200003f0        0x4 /home/m2ivi/legrand/Documents/NIHM/uC-sdk/FreeRTOS/libFreeRTOS.a(tasks.o)
                0x00000000200003f0                pxCurrentTCB
 .bss.xPendingReadyList
                0x00000000200003f4       0x14 /home/m2ivi/legrand/Documents/NIHM/uC-sdk/FreeRTOS/libFreeRTOS.a(tasks.o)
 .bss.xTickCount
                0x0000000020000408        0x4 /home/m2ivi/legrand/Documents/NIHM/uC-sdk/FreeRTOS/libFreeRTOS.a(tasks.o)
 .bss.pxOverflowDelayedTaskList
                0x000000002000040c        0x4 /home/m2ivi/legrand/Documents/NIHM/uC-sdk/FreeRTOS/libFreeRTOS.a(tasks.o)
 .bss.uxCurrentNumberOfTasks
                0x0000000020000410        0x4 /home/m2ivi/legrand/Documents/NIHM/uC-sdk/FreeRTOS/libFreeRTOS.a(tasks.o)
 .bss.uxTopReadyPriority
                0x0000000020000414        0x4 /home/m2ivi/legrand/Documents/NIHM/uC-sdk/FreeRTOS/libFreeRTOS.a(tasks.o)
 .bss.xYieldPending
                0x0000000020000418        0x4 /home/m2ivi/legrand/Documents/NIHM/uC-sdk/FreeRTOS/libFreeRTOS.a(tasks.o)
 .bss.head      0x000000002000041c        0x4 /home/m2ivi/legrand/Documents/NIHM/uC-sdk/libc/libc.a(malloc.o)
 .bss.tail      0x0000000020000420        0x4 /home/m2ivi/legrand/Documents/NIHM/uC-sdk/libc/libc.a(malloc.o)
 .bss.heap_base
                0x0000000020000424        0x4 /home/m2ivi/legrand/Documents/NIHM/uC-sdk/libc/libc.a(malloc.o)
 .bss.errno     0x0000000020000428        0x1 /home/m2ivi/legrand/Documents/NIHM/uC-sdk/libc/libc.a(errno.o)
                0x0000000020000428                errno
 *fill*         0x0000000020000429        0x3 
 .bss.fss       0x000000002000042c       0xc0 /home/m2ivi/legrand/Documents/NIHM/uC-sdk/os/libos.a(filesystem.o)
 .bss.fio_fds   0x00000000200004ec      0x300 /home/m2ivi/legrand/Documents/NIHM/uC-sdk/os/libos.a(fio.o)
 .bss.fio_sem   0x00000000200007ec        0x4 /home/m2ivi/legrand/Documents/NIHM/uC-sdk/os/libos.a(fio.o)
 *(COMMON)
 *(.ram.b)
                0x0000000020000800                . = ALIGN (0x20)
 *fill*         0x00000000200007f0       0x10 
                0x0000000020000800                __bss_ram_end = .
                0x0000000020000800                _end = .
                0x0000000020000800                __end = .

.heap           0x0000000020000800     0x1000
 *(.heap)
 .heap          0x0000000020000800     0x1000 /home/m2ivi/legrand/Documents/NIHM/uC-sdk/arch/libarch.a(startup.o)
                0x0000000020000800                __cs3_heap_start
                0x0000000020001800                __cs3_heap_end

.stack          0x000000002001bf00      0x100
 *(.stack)
 .stack         0x000000002001bf00      0x100 /home/m2ivi/legrand/Documents/NIHM/uC-sdk/arch/libarch.a(startup.o)
                0x000000002001bf00                __stack_start
                0x000000002001bf00                __cs3_stack_mem
                0x000000002001c000                _estack = .
                [!provide]                        PROVIDE (estack, .)
                0x0000000008002d20                __cs3_region_init_ram = LOADADDR (.data)
                0x00000000000001e0                __cs3_region_init_size_ram = (_edata - __cs3_region_start_ram)
                0x0000000000000620                __cs3_region_zero_size_ram = (_end - _edata)
                0x000000000001c000                __cs3_region_size_ram = LENGTH (ram)
                0x0000000000000001                __cs3_region_num = 0x1

.stab
 *(.stab)

.stabstr
 *(.stabstr)

.debug
 *(.debug)

.line
 *(.line)

.debug_srcinfo
 *(.debug_srcinfo)

.debug_sfnames
 *(.debug_sfnames)

.debug_aranges  0x0000000000000000     0x1d98
 *(.debug_aranges)
 .debug_aranges
                0x0000000000000000       0x20 /usr/lib/gcc/arm-none-eabi/4.9.3/../../../arm-none-eabi/lib/armv7e-m/fpu/crt0.o
 .debug_aranges
                0x0000000000000020       0x20 test.o
 .debug_aranges
                0x0000000000000040       0x28 /home/m2ivi/legrand/Documents/NIHM/uC-sdk/arch/libarch.a(startup.o)
 .debug_aranges
                0x0000000000000068       0x20 /home/m2ivi/legrand/Documents/NIHM/uC-sdk/arch/libarch.a(handlers.o)
 .debug_aranges
                0x0000000000000088       0x38 /home/m2ivi/legrand/Documents/NIHM/uC-sdk/arch/libarch.a(init.o)
 .debug_aranges
                0x00000000000000c0       0x40 /home/m2ivi/legrand/Documents/NIHM/uC-sdk/arch/libarch.a(BoardInit.o)
 .debug_aranges
                0x0000000000000100       0x28 /home/m2ivi/legrand/Documents/NIHM/uC-sdk/arch/libarch.a(system_stm32f4xx.o)
 .debug_aranges
                0x0000000000000128      0x148 /home/m2ivi/legrand/Documents/NIHM/uC-sdk/arch/libarch.a(stm32f4xx_adc.o)
 .debug_aranges
                0x0000000000000270       0xd8 /home/m2ivi/legrand/Documents/NIHM/uC-sdk/arch/libarch.a(stm32f4xx_can.o)
 .debug_aranges
                0x0000000000000348       0xb0 /home/m2ivi/legrand/Documents/NIHM/uC-sdk/arch/libarch.a(stm32f4xx_cryp.o)
 .debug_aranges
                0x00000000000003f8       0xa0 /home/m2ivi/legrand/Documents/NIHM/uC-sdk/arch/libarch.a(stm32f4xx_dac.o)
 .debug_aranges
                0x0000000000000498       0x90 /home/m2ivi/legrand/Documents/NIHM/uC-sdk/arch/libarch.a(stm32f4xx_dcmi.o)
 .debug_aranges
                0x0000000000000528       0xb0 /home/m2ivi/legrand/Documents/NIHM/uC-sdk/arch/libarch.a(stm32f4xx_dma.o)
 .debug_aranges
                0x00000000000005d8       0xb0 /home/m2ivi/legrand/Documents/NIHM/uC-sdk/arch/libarch.a(stm32f4xx_dma2d.o)
 .debug_aranges
                0x0000000000000688       0x58 /home/m2ivi/legrand/Documents/NIHM/uC-sdk/arch/libarch.a(stm32f4xx_exti.o)
 .debug_aranges
                0x00000000000006e0       0x88 /home/m2ivi/legrand/Documents/NIHM/uC-sdk/arch/libarch.a(stm32f4xx_gpio.o)
 .debug_aranges
                0x0000000000000768       0xa8 /home/m2ivi/legrand/Documents/NIHM/uC-sdk/arch/libarch.a(stm32f4xx_hash.o)
 .debug_aranges
                0x0000000000000810      0x130 /home/m2ivi/legrand/Documents/NIHM/uC-sdk/arch/libarch.a(stm32f4xx_i2c.o)
 .debug_aranges
                0x0000000000000940      0x108 /home/m2ivi/legrand/Documents/NIHM/uC-sdk/arch/libarch.a(stm32f4xx_ltdc.o)
 .debug_aranges
                0x0000000000000a48       0xa8 /home/m2ivi/legrand/Documents/NIHM/uC-sdk/arch/libarch.a(stm32f4xx_pwr.o)
 .debug_aranges
                0x0000000000000af0      0x1c0 /home/m2ivi/legrand/Documents/NIHM/uC-sdk/arch/libarch.a(stm32f4xx_rcc.o)
 .debug_aranges
                0x0000000000000cb0       0x58 /home/m2ivi/legrand/Documents/NIHM/uC-sdk/arch/libarch.a(stm32f4xx_rng.o)
 .debug_aranges
                0x0000000000000d08      0x1e0 /home/m2ivi/legrand/Documents/NIHM/uC-sdk/arch/libarch.a(stm32f4xx_rtc.o)
 .debug_aranges
                0x0000000000000ee8      0x108 /home/m2ivi/legrand/Documents/NIHM/uC-sdk/arch/libarch.a(stm32f4xx_sdio.o)
 .debug_aranges
                0x0000000000000ff0       0xe0 /home/m2ivi/legrand/Documents/NIHM/uC-sdk/arch/libarch.a(stm32f4xx_spi.o)
 .debug_aranges
                0x00000000000010d0       0x50 /home/m2ivi/legrand/Documents/NIHM/uC-sdk/arch/libarch.a(stm32f4xx_syscfg.o)
 .debug_aranges
                0x0000000000001120      0x2e8 /home/m2ivi/legrand/Documents/NIHM/uC-sdk/arch/libarch.a(stm32f4xx_tim.o)
 .debug_aranges
                0x0000000000001408      0x100 /home/m2ivi/legrand/Documents/NIHM/uC-sdk/arch/libarch.a(stm32f4xx_usart.o)
 .debug_aranges
                0x0000000000001508       0x58 /home/m2ivi/legrand/Documents/NIHM/uC-sdk/arch/libarch.a(stm32f4xx_wwdg.o)
 .debug_aranges
                0x0000000000001560       0x40 /home/m2ivi/legrand/Documents/NIHM/uC-sdk/arch/libarch.a(misc.o)
 .debug_aranges
                0x00000000000015a0       0x38 /home/m2ivi/legrand/Documents/NIHM/uC-sdk/os/libos.a(init.o)
 .debug_aranges
                0x00000000000015d8       0x40 /home/m2ivi/legrand/Documents/NIHM/uC-sdk/libc/libc.a(initfini.o)
 .debug_aranges
                0x0000000000001618       0x20 /home/m2ivi/legrand/Documents/NIHM/uC-sdk/libc/libc.a(stdio.o)
 .debug_aranges
                0x0000000000001638       0x20 /home/m2ivi/legrand/Documents/NIHM/uC-sdk/libc/libc.a(reent.o)
 .debug_aranges
                0x0000000000001658       0x98 /home/m2ivi/legrand/Documents/NIHM/uC-sdk/hardware/libhardware.a(gpio.o)
 .debug_aranges
                0x00000000000016f0       0x98 /home/m2ivi/legrand/Documents/NIHM/uC-sdk/FreeRTOS/libFreeRTOS.a(port.o)
 .debug_aranges
                0x0000000000001788      0x110 /home/m2ivi/legrand/Documents/NIHM/uC-sdk/FreeRTOS/libFreeRTOS.a(tasks.o)
 .debug_aranges
                0x0000000000001898       0x60 /home/m2ivi/legrand/Documents/NIHM/uC-sdk/FreeRTOS/libFreeRTOS.a(timers.o)
 .debug_aranges
                0x00000000000018f8       0x28 /home/m2ivi/legrand/Documents/NIHM/uC-sdk/FreeRTOS/libFreeRTOS.a(heap_3.o)
 .debug_aranges
                0x0000000000001920       0x40 /home/m2ivi/legrand/Documents/NIHM/uC-sdk/FreeRTOS/libFreeRTOS.a(list.o)
 .debug_aranges
                0x0000000000001960       0xd0 /home/m2ivi/legrand/Documents/NIHM/uC-sdk/FreeRTOS/libFreeRTOS.a(queue.o)
 .debug_aranges
                0x0000000000001a30       0x48 /home/m2ivi/legrand/Documents/NIHM/uC-sdk/arch/libarch.a(BoardConsole.o)
 .debug_aranges
                0x0000000000001a78       0x38 /home/m2ivi/legrand/Documents/NIHM/uC-sdk/os/libos.a(hooks.o)
 .debug_aranges
                0x0000000000001ab0       0x30 /home/m2ivi/legrand/Documents/NIHM/uC-sdk/libc/libc.a(malloc.o)
 .debug_aranges
                0x0000000000001ae0       0x60 /home/m2ivi/legrand/Documents/NIHM/uC-sdk/libc/libc.a(xprintf.o)
 .debug_aranges
                0x0000000000001b40       0x48 /home/m2ivi/legrand/Documents/NIHM/uC-sdk/libc/libc.a(unistd.o)
 .debug_aranges
                0x0000000000001b88       0x18 /home/m2ivi/legrand/Documents/NIHM/uC-sdk/libc/libc.a(errno.o)
 .debug_aranges
                0x0000000000001ba0       0x30 /home/m2ivi/legrand/Documents/NIHM/uC-sdk/hardware/libhardware.a(uart.o)
 .debug_aranges
                0x0000000000001bd0       0x30 /home/m2ivi/legrand/Documents/NIHM/uC-sdk/os/libos.a(filesystem.o)
 .debug_aranges
                0x0000000000001c00       0xa8 /home/m2ivi/legrand/Documents/NIHM/uC-sdk/os/libos.a(fio.o)
 .debug_aranges
                0x0000000000001ca8       0x20 /home/m2ivi/legrand/Documents/NIHM/uC-sdk/os/libos.a(hash-djb2.o)
 .debug_aranges
                0x0000000000001cc8       0x20 /home/m2ivi/legrand/Documents/NIHM/uC-sdk/os/libos.a(sbrk.o)
 .debug_aranges
                0x0000000000001ce8       0x30 /home/m2ivi/legrand/Documents/NIHM/uC-sdk/os/libos.a(devfs.o)
 .debug_aranges
                0x0000000000001d18       0x20 /usr/lib/gcc/arm-none-eabi/4.9.3/armv7e-m/fpu/libgcc.a(_arm_addsubdf3.o)
 .debug_aranges
                0x0000000000001d38       0x20 /usr/lib/gcc/arm-none-eabi/4.9.3/armv7e-m/fpu/libgcc.a(_arm_muldivdf3.o)
 .debug_aranges
                0x0000000000001d58       0x20 /usr/lib/gcc/arm-none-eabi/4.9.3/armv7e-m/fpu/libgcc.a(_arm_cmpdf2.o)
 .debug_aranges
                0x0000000000001d78       0x20 /usr/lib/gcc/arm-none-eabi/4.9.3/armv7e-m/fpu/libgcc.a(_arm_fixdfsi.o)

.debug_pubnames
 *(.debug_pubnames)

.debug_info     0x0000000000000000    0x1e60d
 *(.debug_info .gnu.linkonce.wi.*)
 .debug_info    0x0000000000000000       0xb0 /usr/lib/gcc/arm-none-eabi/4.9.3/../../../arm-none-eabi/lib/armv7e-m/fpu/crt0.o
 .debug_info    0x00000000000000b0      0x1f0 test.o
 .debug_info    0x00000000000002a0       0x69 /home/m2ivi/legrand/Documents/NIHM/uC-sdk/arch/libarch.a(startup.o)
 .debug_info    0x0000000000000309      0x489 /home/m2ivi/legrand/Documents/NIHM/uC-sdk/arch/libarch.a(handlers.o)
 .debug_info    0x0000000000000792     0x1143 /home/m2ivi/legrand/Documents/NIHM/uC-sdk/arch/libarch.a(init.o)
 .debug_info    0x00000000000018d5      0x167 /home/m2ivi/legrand/Documents/NIHM/uC-sdk/arch/libarch.a(BoardInit.o)
 .debug_info    0x0000000000001a3c      0x5fc /home/m2ivi/legrand/Documents/NIHM/uC-sdk/arch/libarch.a(system_stm32f4xx.o)
 .debug_info    0x0000000000002038      0xc8a /home/m2ivi/legrand/Documents/NIHM/uC-sdk/arch/libarch.a(stm32f4xx_adc.o)
 .debug_info    0x0000000000002cc2      0xc8e /home/m2ivi/legrand/Documents/NIHM/uC-sdk/arch/libarch.a(stm32f4xx_can.o)
 .debug_info    0x0000000000003950      0x8ba /home/m2ivi/legrand/Documents/NIHM/uC-sdk/arch/libarch.a(stm32f4xx_cryp.o)
 .debug_info    0x000000000000420a      0x694 /home/m2ivi/legrand/Documents/NIHM/uC-sdk/arch/libarch.a(stm32f4xx_dac.o)
 .debug_info    0x000000000000489e      0x54e /home/m2ivi/legrand/Documents/NIHM/uC-sdk/arch/libarch.a(stm32f4xx_dcmi.o)
 .debug_info    0x0000000000004dec      0x73d /home/m2ivi/legrand/Documents/NIHM/uC-sdk/arch/libarch.a(stm32f4xx_dma.o)
 .debug_info    0x0000000000005529      0x872 /home/m2ivi/legrand/Documents/NIHM/uC-sdk/arch/libarch.a(stm32f4xx_dma2d.o)
 .debug_info    0x0000000000005d9b      0x33e /home/m2ivi/legrand/Documents/NIHM/uC-sdk/arch/libarch.a(stm32f4xx_exti.o)
 .debug_info    0x00000000000060d9      0x747 /home/m2ivi/legrand/Documents/NIHM/uC-sdk/arch/libarch.a(stm32f4xx_gpio.o)
 .debug_info    0x0000000000006820      0x5ec /home/m2ivi/legrand/Documents/NIHM/uC-sdk/arch/libarch.a(stm32f4xx_hash.o)
 .debug_info    0x0000000000006e0c      0xc1c /home/m2ivi/legrand/Documents/NIHM/uC-sdk/arch/libarch.a(stm32f4xx_i2c.o)
 .debug_info    0x0000000000007a28      0xd4d /home/m2ivi/legrand/Documents/NIHM/uC-sdk/arch/libarch.a(stm32f4xx_ltdc.o)
 .debug_info    0x0000000000008775      0x664 /home/m2ivi/legrand/Documents/NIHM/uC-sdk/arch/libarch.a(stm32f4xx_pwr.o)
 .debug_info    0x0000000000008dd9      0xe9f /home/m2ivi/legrand/Documents/NIHM/uC-sdk/arch/libarch.a(stm32f4xx_rcc.o)
 .debug_info    0x0000000000009c78      0x2cd /home/m2ivi/legrand/Documents/NIHM/uC-sdk/arch/libarch.a(stm32f4xx_rng.o)
 .debug_info    0x0000000000009f45     0x1379 /home/m2ivi/legrand/Documents/NIHM/uC-sdk/arch/libarch.a(stm32f4xx_rtc.o)
 .debug_info    0x000000000000b2be      0x839 /home/m2ivi/legrand/Documents/NIHM/uC-sdk/arch/libarch.a(stm32f4xx_sdio.o)
 .debug_info    0x000000000000baf7      0xc20 /home/m2ivi/legrand/Documents/NIHM/uC-sdk/arch/libarch.a(stm32f4xx_spi.o)
 .debug_info    0x000000000000c717      0x2dc /home/m2ivi/legrand/Documents/NIHM/uC-sdk/arch/libarch.a(stm32f4xx_syscfg.o)
 .debug_info    0x000000000000c9f3     0x207f /home/m2ivi/legrand/Documents/NIHM/uC-sdk/arch/libarch.a(stm32f4xx_tim.o)
 .debug_info    0x000000000000ea72      0xb09 /home/m2ivi/legrand/Documents/NIHM/uC-sdk/arch/libarch.a(stm32f4xx_usart.o)
 .debug_info    0x000000000000f57b      0x2a2 /home/m2ivi/legrand/Documents/NIHM/uC-sdk/arch/libarch.a(stm32f4xx_wwdg.o)
 .debug_info    0x000000000000f81d      0x545 /home/m2ivi/legrand/Documents/NIHM/uC-sdk/arch/libarch.a(misc.o)
 .debug_info    0x000000000000fd62      0x86e /home/m2ivi/legrand/Documents/NIHM/uC-sdk/os/libos.a(init.o)
 .debug_info    0x00000000000105d0      0x82a /home/m2ivi/legrand/Documents/NIHM/uC-sdk/libc/libc.a(initfini.o)
 .debug_info    0x0000000000010dfa      0x550 /home/m2ivi/legrand/Documents/NIHM/uC-sdk/libc/libc.a(stdio.o)
 .debug_info    0x000000000001134a      0x42c /home/m2ivi/legrand/Documents/NIHM/uC-sdk/libc/libc.a(reent.o)
 .debug_info    0x0000000000011776      0xf5f /home/m2ivi/legrand/Documents/NIHM/uC-sdk/hardware/libhardware.a(gpio.o)
 .debug_info    0x00000000000126d5      0x3c3 /home/m2ivi/legrand/Documents/NIHM/uC-sdk/FreeRTOS/libFreeRTOS.a(port.o)
 .debug_info    0x0000000000012a98     0x1d2a /home/m2ivi/legrand/Documents/NIHM/uC-sdk/FreeRTOS/libFreeRTOS.a(tasks.o)
 .debug_info    0x00000000000147c2     0x12b7 /home/m2ivi/legrand/Documents/NIHM/uC-sdk/FreeRTOS/libFreeRTOS.a(timers.o)
 .debug_info    0x0000000000015a79      0x5ca /home/m2ivi/legrand/Documents/NIHM/uC-sdk/FreeRTOS/libFreeRTOS.a(heap_3.o)
 .debug_info    0x0000000000016043      0x712 /home/m2ivi/legrand/Documents/NIHM/uC-sdk/FreeRTOS/libFreeRTOS.a(list.o)
 .debug_info    0x0000000000016755     0x1906 /home/m2ivi/legrand/Documents/NIHM/uC-sdk/FreeRTOS/libFreeRTOS.a(queue.o)
 .debug_info    0x000000000001805b      0x92e /home/m2ivi/legrand/Documents/NIHM/uC-sdk/arch/libarch.a(BoardConsole.o)
 .debug_info    0x0000000000018989      0x116 /home/m2ivi/legrand/Documents/NIHM/uC-sdk/os/libos.a(hooks.o)
 .debug_info    0x0000000000018a9f      0x853 /home/m2ivi/legrand/Documents/NIHM/uC-sdk/libc/libc.a(malloc.o)
 .debug_info    0x00000000000192f2     0x12be /home/m2ivi/legrand/Documents/NIHM/uC-sdk/libc/libc.a(xprintf.o)
 .debug_info    0x000000000001a5b0      0x8f9 /home/m2ivi/legrand/Documents/NIHM/uC-sdk/libc/libc.a(unistd.o)
 .debug_info    0x000000000001aea9      0x3a4 /home/m2ivi/legrand/Documents/NIHM/uC-sdk/libc/libc.a(errno.o)
 .debug_info    0x000000000001b24d      0x635 /home/m2ivi/legrand/Documents/NIHM/uC-sdk/hardware/libhardware.a(uart.o)
 .debug_info    0x000000000001b882      0x7c1 /home/m2ivi/legrand/Documents/NIHM/uC-sdk/os/libos.a(filesystem.o)
 .debug_info    0x000000000001c043     0x1089 /home/m2ivi/legrand/Documents/NIHM/uC-sdk/os/libos.a(fio.o)
 .debug_info    0x000000000001d0cc      0x4d4 /home/m2ivi/legrand/Documents/NIHM/uC-sdk/os/libos.a(hash-djb2.o)
 .debug_info    0x000000000001d5a0      0x5eb /home/m2ivi/legrand/Documents/NIHM/uC-sdk/os/libos.a(sbrk.o)
 .debug_info    0x000000000001db8b      0x77a /home/m2ivi/legrand/Documents/NIHM/uC-sdk/os/libos.a(devfs.o)
 .debug_info    0x000000000001e305       0xc2 /usr/lib/gcc/arm-none-eabi/4.9.3/armv7e-m/fpu/libgcc.a(_arm_addsubdf3.o)
 .debug_info    0x000000000001e3c7       0xc2 /usr/lib/gcc/arm-none-eabi/4.9.3/armv7e-m/fpu/libgcc.a(_arm_muldivdf3.o)
 .debug_info    0x000000000001e489       0xc2 /usr/lib/gcc/arm-none-eabi/4.9.3/armv7e-m/fpu/libgcc.a(_arm_cmpdf2.o)
 .debug_info    0x000000000001e54b       0xc2 /usr/lib/gcc/arm-none-eabi/4.9.3/armv7e-m/fpu/libgcc.a(_arm_fixdfsi.o)

.debug_abbrev   0x0000000000000000     0x61ed
 *(.debug_abbrev)
 .debug_abbrev  0x0000000000000000       0x14 /usr/lib/gcc/arm-none-eabi/4.9.3/../../../arm-none-eabi/lib/armv7e-m/fpu/crt0.o
 .debug_abbrev  0x0000000000000014      0x12a test.o
 .debug_abbrev  0x000000000000013e       0x12 /home/m2ivi/legrand/Documents/NIHM/uC-sdk/arch/libarch.a(startup.o)
 .debug_abbrev  0x0000000000000150      0x1d9 /home/m2ivi/legrand/Documents/NIHM/uC-sdk/arch/libarch.a(handlers.o)
 .debug_abbrev  0x0000000000000329      0x1d8 /home/m2ivi/legrand/Documents/NIHM/uC-sdk/arch/libarch.a(init.o)
 .debug_abbrev  0x0000000000000501       0xfb /home/m2ivi/legrand/Documents/NIHM/uC-sdk/arch/libarch.a(BoardInit.o)
 .debug_abbrev  0x00000000000005fc      0x145 /home/m2ivi/legrand/Documents/NIHM/uC-sdk/arch/libarch.a(system_stm32f4xx.o)
 .debug_abbrev  0x0000000000000741      0x1ce /home/m2ivi/legrand/Documents/NIHM/uC-sdk/arch/libarch.a(stm32f4xx_adc.o)
 .debug_abbrev  0x000000000000090f      0x29c /home/m2ivi/legrand/Documents/NIHM/uC-sdk/arch/libarch.a(stm32f4xx_can.o)
 .debug_abbrev  0x0000000000000bab      0x1e9 /home/m2ivi/legrand/Documents/NIHM/uC-sdk/arch/libarch.a(stm32f4xx_cryp.o)
 .debug_abbrev  0x0000000000000d94      0x1c3 /home/m2ivi/legrand/Documents/NIHM/uC-sdk/arch/libarch.a(stm32f4xx_dac.o)
 .debug_abbrev  0x0000000000000f57      0x198 /home/m2ivi/legrand/Documents/NIHM/uC-sdk/arch/libarch.a(stm32f4xx_dcmi.o)
 .debug_abbrev  0x00000000000010ef      0x175 /home/m2ivi/legrand/Documents/NIHM/uC-sdk/arch/libarch.a(stm32f4xx_dma.o)
 .debug_abbrev  0x0000000000001264      0x1f6 /home/m2ivi/legrand/Documents/NIHM/uC-sdk/arch/libarch.a(stm32f4xx_dma2d.o)
 .debug_abbrev  0x000000000000145a      0x1c5 /home/m2ivi/legrand/Documents/NIHM/uC-sdk/arch/libarch.a(stm32f4xx_exti.o)
 .debug_abbrev  0x000000000000161f      0x1e8 /home/m2ivi/legrand/Documents/NIHM/uC-sdk/arch/libarch.a(stm32f4xx_gpio.o)
 .debug_abbrev  0x0000000000001807      0x20e /home/m2ivi/legrand/Documents/NIHM/uC-sdk/arch/libarch.a(stm32f4xx_hash.o)
 .debug_abbrev  0x0000000000001a15      0x1df /home/m2ivi/legrand/Documents/NIHM/uC-sdk/arch/libarch.a(stm32f4xx_i2c.o)
 .debug_abbrev  0x0000000000001bf4      0x1d5 /home/m2ivi/legrand/Documents/NIHM/uC-sdk/arch/libarch.a(stm32f4xx_ltdc.o)
 .debug_abbrev  0x0000000000001dc9      0x1c6 /home/m2ivi/legrand/Documents/NIHM/uC-sdk/arch/libarch.a(stm32f4xx_pwr.o)
 .debug_abbrev  0x0000000000001f8f      0x1e2 /home/m2ivi/legrand/Documents/NIHM/uC-sdk/arch/libarch.a(stm32f4xx_rcc.o)
 .debug_abbrev  0x0000000000002171      0x17c /home/m2ivi/legrand/Documents/NIHM/uC-sdk/arch/libarch.a(stm32f4xx_rng.o)
 .debug_abbrev  0x00000000000022ed      0x22c /home/m2ivi/legrand/Documents/NIHM/uC-sdk/arch/libarch.a(stm32f4xx_rtc.o)
 .debug_abbrev  0x0000000000002519      0x1af /home/m2ivi/legrand/Documents/NIHM/uC-sdk/arch/libarch.a(stm32f4xx_sdio.o)
 .debug_abbrev  0x00000000000026c8      0x1e7 /home/m2ivi/legrand/Documents/NIHM/uC-sdk/arch/libarch.a(stm32f4xx_spi.o)
 .debug_abbrev  0x00000000000028af      0x169 /home/m2ivi/legrand/Documents/NIHM/uC-sdk/arch/libarch.a(stm32f4xx_syscfg.o)
 .debug_abbrev  0x0000000000002a18      0x2af /home/m2ivi/legrand/Documents/NIHM/uC-sdk/arch/libarch.a(stm32f4xx_tim.o)
 .debug_abbrev  0x0000000000002cc7      0x1ed /home/m2ivi/legrand/Documents/NIHM/uC-sdk/arch/libarch.a(stm32f4xx_usart.o)
 .debug_abbrev  0x0000000000002eb4      0x178 /home/m2ivi/legrand/Documents/NIHM/uC-sdk/arch/libarch.a(stm32f4xx_wwdg.o)
 .debug_abbrev  0x000000000000302c      0x156 /home/m2ivi/legrand/Documents/NIHM/uC-sdk/arch/libarch.a(misc.o)
 .debug_abbrev  0x0000000000003182      0x21e /home/m2ivi/legrand/Documents/NIHM/uC-sdk/os/libos.a(init.o)
 .debug_abbrev  0x00000000000033a0      0x278 /home/m2ivi/legrand/Documents/NIHM/uC-sdk/libc/libc.a(initfini.o)
 .debug_abbrev  0x0000000000003618      0x127 /home/m2ivi/legrand/Documents/NIHM/uC-sdk/libc/libc.a(stdio.o)
 .debug_abbrev  0x000000000000373f       0xe0 /home/m2ivi/legrand/Documents/NIHM/uC-sdk/libc/libc.a(reent.o)
 .debug_abbrev  0x000000000000381f      0x296 /home/m2ivi/legrand/Documents/NIHM/uC-sdk/hardware/libhardware.a(gpio.o)
 .debug_abbrev  0x0000000000003ab5      0x21a /home/m2ivi/legrand/Documents/NIHM/uC-sdk/FreeRTOS/libFreeRTOS.a(port.o)
 .debug_abbrev  0x0000000000003ccf      0x3e0 /home/m2ivi/legrand/Documents/NIHM/uC-sdk/FreeRTOS/libFreeRTOS.a(tasks.o)
 .debug_abbrev  0x00000000000040af      0x346 /home/m2ivi/legrand/Documents/NIHM/uC-sdk/FreeRTOS/libFreeRTOS.a(timers.o)
 .debug_abbrev  0x00000000000043f5      0x1a6 /home/m2ivi/legrand/Documents/NIHM/uC-sdk/FreeRTOS/libFreeRTOS.a(heap_3.o)
 .debug_abbrev  0x000000000000459b      0x161 /home/m2ivi/legrand/Documents/NIHM/uC-sdk/FreeRTOS/libFreeRTOS.a(list.o)
 .debug_abbrev  0x00000000000046fc      0x378 /home/m2ivi/legrand/Documents/NIHM/uC-sdk/FreeRTOS/libFreeRTOS.a(queue.o)
 .debug_abbrev  0x0000000000004a74      0x2ac /home/m2ivi/legrand/Documents/NIHM/uC-sdk/arch/libarch.a(BoardConsole.o)
 .debug_abbrev  0x0000000000004d20       0x9e /home/m2ivi/legrand/Documents/NIHM/uC-sdk/os/libos.a(hooks.o)
 .debug_abbrev  0x0000000000004dbe      0x263 /home/m2ivi/legrand/Documents/NIHM/uC-sdk/libc/libc.a(malloc.o)
 .debug_abbrev  0x0000000000005021      0x374 /home/m2ivi/legrand/Documents/NIHM/uC-sdk/libc/libc.a(xprintf.o)
 .debug_abbrev  0x0000000000005395      0x1ba /home/m2ivi/legrand/Documents/NIHM/uC-sdk/libc/libc.a(unistd.o)
 .debug_abbrev  0x000000000000554f       0x49 /home/m2ivi/legrand/Documents/NIHM/uC-sdk/libc/libc.a(errno.o)
 .debug_abbrev  0x0000000000005598      0x222 /home/m2ivi/legrand/Documents/NIHM/uC-sdk/hardware/libhardware.a(uart.o)
 .debug_abbrev  0x00000000000057ba      0x231 /home/m2ivi/legrand/Documents/NIHM/uC-sdk/os/libos.a(filesystem.o)
 .debug_abbrev  0x00000000000059eb      0x332 /home/m2ivi/legrand/Documents/NIHM/uC-sdk/os/libos.a(fio.o)
 .debug_abbrev  0x0000000000005d1d      0x105 /home/m2ivi/legrand/Documents/NIHM/uC-sdk/os/libos.a(hash-djb2.o)
 .debug_abbrev  0x0000000000005e22      0x18a /home/m2ivi/legrand/Documents/NIHM/uC-sdk/os/libos.a(sbrk.o)
 .debug_abbrev  0x0000000000005fac      0x1f1 /home/m2ivi/legrand/Documents/NIHM/uC-sdk/os/libos.a(devfs.o)
 .debug_abbrev  0x000000000000619d       0x14 /usr/lib/gcc/arm-none-eabi/4.9.3/armv7e-m/fpu/libgcc.a(_arm_addsubdf3.o)
 .debug_abbrev  0x00000000000061b1       0x14 /usr/lib/gcc/arm-none-eabi/4.9.3/armv7e-m/fpu/libgcc.a(_arm_muldivdf3.o)
 .debug_abbrev  0x00000000000061c5       0x14 /usr/lib/gcc/arm-none-eabi/4.9.3/armv7e-m/fpu/libgcc.a(_arm_cmpdf2.o)
 .debug_abbrev  0x00000000000061d9       0x14 /usr/lib/gcc/arm-none-eabi/4.9.3/armv7e-m/fpu/libgcc.a(_arm_fixdfsi.o)

.debug_line     0x0000000000000000     0xaebe
 *(.debug_line)
 .debug_line    0x0000000000000000       0x7e /usr/lib/gcc/arm-none-eabi/4.9.3/../../../arm-none-eabi/lib/armv7e-m/fpu/crt0.o
 .debug_line    0x000000000000007e       0xd1 test.o
 .debug_line    0x000000000000014f       0x8c /home/m2ivi/legrand/Documents/NIHM/uC-sdk/arch/libarch.a(startup.o)
 .debug_line    0x00000000000001db      0x11e /home/m2ivi/legrand/Documents/NIHM/uC-sdk/arch/libarch.a(handlers.o)
 .debug_line    0x00000000000002f9      0x3f7 /home/m2ivi/legrand/Documents/NIHM/uC-sdk/arch/libarch.a(init.o)
 .debug_line    0x00000000000006f0      0x20b /home/m2ivi/legrand/Documents/NIHM/uC-sdk/arch/libarch.a(BoardInit.o)
 .debug_line    0x00000000000008fb      0x187 /home/m2ivi/legrand/Documents/NIHM/uC-sdk/arch/libarch.a(system_stm32f4xx.o)
 .debug_line    0x0000000000000a82      0x520 /home/m2ivi/legrand/Documents/NIHM/uC-sdk/arch/libarch.a(stm32f4xx_adc.o)
 .debug_line    0x0000000000000fa2      0x512 /home/m2ivi/legrand/Documents/NIHM/uC-sdk/arch/libarch.a(stm32f4xx_can.o)
 .debug_line    0x00000000000014b4      0x3bc /home/m2ivi/legrand/Documents/NIHM/uC-sdk/arch/libarch.a(stm32f4xx_cryp.o)
 .debug_line    0x0000000000001870      0x33a /home/m2ivi/legrand/Documents/NIHM/uC-sdk/arch/libarch.a(stm32f4xx_dac.o)
 .debug_line    0x0000000000001baa      0x30f /home/m2ivi/legrand/Documents/NIHM/uC-sdk/arch/libarch.a(stm32f4xx_dcmi.o)
 .debug_line    0x0000000000001eb9      0x3a2 /home/m2ivi/legrand/Documents/NIHM/uC-sdk/arch/libarch.a(stm32f4xx_dma.o)
 .debug_line    0x000000000000225b      0x3a4 /home/m2ivi/legrand/Documents/NIHM/uC-sdk/arch/libarch.a(stm32f4xx_dma2d.o)
 .debug_line    0x00000000000025ff      0x279 /home/m2ivi/legrand/Documents/NIHM/uC-sdk/arch/libarch.a(stm32f4xx_exti.o)
 .debug_line    0x0000000000002878      0x31b /home/m2ivi/legrand/Documents/NIHM/uC-sdk/arch/libarch.a(stm32f4xx_gpio.o)
 .debug_line    0x0000000000002b93      0x34b /home/m2ivi/legrand/Documents/NIHM/uC-sdk/arch/libarch.a(stm32f4xx_hash.o)
 .debug_line    0x0000000000002ede      0x50c /home/m2ivi/legrand/Documents/NIHM/uC-sdk/arch/libarch.a(stm32f4xx_i2c.o)
 .debug_line    0x00000000000033ea      0x4de /home/m2ivi/legrand/Documents/NIHM/uC-sdk/arch/libarch.a(stm32f4xx_ltdc.o)
 .debug_line    0x00000000000038c8      0x352 /home/m2ivi/legrand/Documents/NIHM/uC-sdk/arch/libarch.a(stm32f4xx_pwr.o)
 .debug_line    0x0000000000003c1a      0x606 /home/m2ivi/legrand/Documents/NIHM/uC-sdk/arch/libarch.a(stm32f4xx_rcc.o)
 .debug_line    0x0000000000004220      0x258 /home/m2ivi/legrand/Documents/NIHM/uC-sdk/arch/libarch.a(stm32f4xx_rng.o)
 .debug_line    0x0000000000004478      0x84a /home/m2ivi/legrand/Documents/NIHM/uC-sdk/arch/libarch.a(stm32f4xx_rtc.o)
 .debug_line    0x0000000000004cc2      0x414 /home/m2ivi/legrand/Documents/NIHM/uC-sdk/arch/libarch.a(stm32f4xx_sdio.o)
 .debug_line    0x00000000000050d6      0x456 /home/m2ivi/legrand/Documents/NIHM/uC-sdk/arch/libarch.a(stm32f4xx_spi.o)
 .debug_line    0x000000000000552c      0x244 /home/m2ivi/legrand/Documents/NIHM/uC-sdk/arch/libarch.a(stm32f4xx_syscfg.o)
 .debug_line    0x0000000000005770      0xa89 /home/m2ivi/legrand/Documents/NIHM/uC-sdk/arch/libarch.a(stm32f4xx_tim.o)
 .debug_line    0x00000000000061f9      0x497 /home/m2ivi/legrand/Documents/NIHM/uC-sdk/arch/libarch.a(stm32f4xx_usart.o)
 .debug_line    0x0000000000006690      0x258 /home/m2ivi/legrand/Documents/NIHM/uC-sdk/arch/libarch.a(stm32f4xx_wwdg.o)
 .debug_line    0x00000000000068e8      0x21b /home/m2ivi/legrand/Documents/NIHM/uC-sdk/arch/libarch.a(misc.o)
 .debug_line    0x0000000000006b03      0x1f3 /home/m2ivi/legrand/Documents/NIHM/uC-sdk/os/libos.a(init.o)
 .debug_line    0x0000000000006cf6      0x1bd /home/m2ivi/legrand/Documents/NIHM/uC-sdk/libc/libc.a(initfini.o)
 .debug_line    0x0000000000006eb3       0xd5 /home/m2ivi/legrand/Documents/NIHM/uC-sdk/libc/libc.a(stdio.o)
 .debug_line    0x0000000000006f88       0x8a /home/m2ivi/legrand/Documents/NIHM/uC-sdk/libc/libc.a(reent.o)
 .debug_line    0x0000000000007012      0x3e4 /home/m2ivi/legrand/Documents/NIHM/uC-sdk/hardware/libhardware.a(gpio.o)
 .debug_line    0x00000000000073f6      0x38d /home/m2ivi/legrand/Documents/NIHM/uC-sdk/FreeRTOS/libFreeRTOS.a(port.o)
 .debug_line    0x0000000000007783      0x7b0 /home/m2ivi/legrand/Documents/NIHM/uC-sdk/FreeRTOS/libFreeRTOS.a(tasks.o)
 .debug_line    0x0000000000007f33      0x3d3 /home/m2ivi/legrand/Documents/NIHM/uC-sdk/FreeRTOS/libFreeRTOS.a(timers.o)
 .debug_line    0x0000000000008306      0x20a /home/m2ivi/legrand/Documents/NIHM/uC-sdk/FreeRTOS/libFreeRTOS.a(heap_3.o)
 .debug_line    0x0000000000008510      0x2a8 /home/m2ivi/legrand/Documents/NIHM/uC-sdk/FreeRTOS/libFreeRTOS.a(list.o)
 .debug_line    0x00000000000087b8      0x66f /home/m2ivi/legrand/Documents/NIHM/uC-sdk/FreeRTOS/libFreeRTOS.a(queue.o)
 .debug_line    0x0000000000008e27      0x2d6 /home/m2ivi/legrand/Documents/NIHM/uC-sdk/arch/libarch.a(BoardConsole.o)
 .debug_line    0x00000000000090fd      0x15f /home/m2ivi/legrand/Documents/NIHM/uC-sdk/os/libos.a(hooks.o)
 .debug_line    0x000000000000925c      0x1de /home/m2ivi/legrand/Documents/NIHM/uC-sdk/libc/libc.a(malloc.o)
 .debug_line    0x000000000000943a      0x5c4 /home/m2ivi/legrand/Documents/NIHM/uC-sdk/libc/libc.a(xprintf.o)
 .debug_line    0x00000000000099fe      0x20b /home/m2ivi/legrand/Documents/NIHM/uC-sdk/libc/libc.a(unistd.o)
 .debug_line    0x0000000000009c09       0x6e /home/m2ivi/legrand/Documents/NIHM/uC-sdk/libc/libc.a(errno.o)
 .debug_line    0x0000000000009c77      0x276 /home/m2ivi/legrand/Documents/NIHM/uC-sdk/hardware/libhardware.a(uart.o)
 .debug_line    0x0000000000009eed      0x1ec /home/m2ivi/legrand/Documents/NIHM/uC-sdk/os/libos.a(filesystem.o)
 .debug_line    0x000000000000a0d9      0x4d9 /home/m2ivi/legrand/Documents/NIHM/uC-sdk/os/libos.a(fio.o)
 .debug_line    0x000000000000a5b2       0xf6 /home/m2ivi/legrand/Documents/NIHM/uC-sdk/os/libos.a(hash-djb2.o)
 .debug_line    0x000000000000a6a8      0x1a5 /home/m2ivi/legrand/Documents/NIHM/uC-sdk/os/libos.a(sbrk.o)
 .debug_line    0x000000000000a84d      0x227 /home/m2ivi/legrand/Documents/NIHM/uC-sdk/os/libos.a(devfs.o)
 .debug_line    0x000000000000aa74      0x179 /usr/lib/gcc/arm-none-eabi/4.9.3/armv7e-m/fpu/libgcc.a(_arm_addsubdf3.o)
 .debug_line    0x000000000000abed      0x19d /usr/lib/gcc/arm-none-eabi/4.9.3/armv7e-m/fpu/libgcc.a(_arm_muldivdf3.o)
 .debug_line    0x000000000000ad8a       0xba /usr/lib/gcc/arm-none-eabi/4.9.3/armv7e-m/fpu/libgcc.a(_arm_cmpdf2.o)
 .debug_line    0x000000000000ae44       0x7a /usr/lib/gcc/arm-none-eabi/4.9.3/armv7e-m/fpu/libgcc.a(_arm_fixdfsi.o)

.debug_frame    0x0000000000000000     0x4034
 *(.debug_frame)
 .debug_frame   0x0000000000000000       0x28 test.o
 .debug_frame   0x0000000000000028       0x28 /home/m2ivi/legrand/Documents/NIHM/uC-sdk/arch/libarch.a(handlers.o)
 .debug_frame   0x0000000000000050       0x6c /home/m2ivi/legrand/Documents/NIHM/uC-sdk/arch/libarch.a(init.o)
 .debug_frame   0x00000000000000bc       0x60 /home/m2ivi/legrand/Documents/NIHM/uC-sdk/arch/libarch.a(BoardInit.o)
 .debug_frame   0x000000000000011c       0x3c /home/m2ivi/legrand/Documents/NIHM/uC-sdk/arch/libarch.a(system_stm32f4xx.o)
 .debug_frame   0x0000000000000158      0x2b4 /home/m2ivi/legrand/Documents/NIHM/uC-sdk/arch/libarch.a(stm32f4xx_adc.o)
 .debug_frame   0x000000000000040c      0x1c4 /home/m2ivi/legrand/Documents/NIHM/uC-sdk/arch/libarch.a(stm32f4xx_can.o)
 .debug_frame   0x00000000000005d0      0x15c /home/m2ivi/legrand/Documents/NIHM/uC-sdk/arch/libarch.a(stm32f4xx_cryp.o)
 .debug_frame   0x000000000000072c      0x150 /home/m2ivi/legrand/Documents/NIHM/uC-sdk/arch/libarch.a(stm32f4xx_dac.o)
 .debug_frame   0x000000000000087c      0x108 /home/m2ivi/legrand/Documents/NIHM/uC-sdk/arch/libarch.a(stm32f4xx_dcmi.o)
 .debug_frame   0x0000000000000984      0x168 /home/m2ivi/legrand/Documents/NIHM/uC-sdk/arch/libarch.a(stm32f4xx_dma.o)
 .debug_frame   0x0000000000000aec      0x158 /home/m2ivi/legrand/Documents/NIHM/uC-sdk/arch/libarch.a(stm32f4xx_dma2d.o)
 .debug_frame   0x0000000000000c44       0x98 /home/m2ivi/legrand/Documents/NIHM/uC-sdk/arch/libarch.a(stm32f4xx_exti.o)
 .debug_frame   0x0000000000000cdc      0x120 /home/m2ivi/legrand/Documents/NIHM/uC-sdk/arch/libarch.a(stm32f4xx_gpio.o)
 .debug_frame   0x0000000000000dfc      0x144 /home/m2ivi/legrand/Documents/NIHM/uC-sdk/arch/libarch.a(stm32f4xx_hash.o)
 .debug_frame   0x0000000000000f40      0x278 /home/m2ivi/legrand/Documents/NIHM/uC-sdk/arch/libarch.a(stm32f4xx_i2c.o)
 .debug_frame   0x00000000000011b8      0x240 /home/m2ivi/legrand/Documents/NIHM/uC-sdk/arch/libarch.a(stm32f4xx_ltdc.o)
 .debug_frame   0x00000000000013f8      0x13c /home/m2ivi/legrand/Documents/NIHM/uC-sdk/arch/libarch.a(stm32f4xx_pwr.o)
 .debug_frame   0x0000000000001534      0x378 /home/m2ivi/legrand/Documents/NIHM/uC-sdk/arch/libarch.a(stm32f4xx_rcc.o)
 .debug_frame   0x00000000000018ac       0x9c /home/m2ivi/legrand/Documents/NIHM/uC-sdk/arch/libarch.a(stm32f4xx_rng.o)
 .debug_frame   0x0000000000001948      0x4a4 /home/m2ivi/legrand/Documents/NIHM/uC-sdk/arch/libarch.a(stm32f4xx_rtc.o)
 .debug_frame   0x0000000000001dec      0x21c /home/m2ivi/legrand/Documents/NIHM/uC-sdk/arch/libarch.a(stm32f4xx_sdio.o)
 .debug_frame   0x0000000000002008      0x1e4 /home/m2ivi/legrand/Documents/NIHM/uC-sdk/arch/libarch.a(stm32f4xx_spi.o)
 .debug_frame   0x00000000000021ec       0x94 /home/m2ivi/legrand/Documents/NIHM/uC-sdk/arch/libarch.a(stm32f4xx_syscfg.o)
 .debug_frame   0x0000000000002280      0x6c0 /home/m2ivi/legrand/Documents/NIHM/uC-sdk/arch/libarch.a(stm32f4xx_tim.o)
 .debug_frame   0x0000000000002940      0x220 /home/m2ivi/legrand/Documents/NIHM/uC-sdk/arch/libarch.a(stm32f4xx_usart.o)
 .debug_frame   0x0000000000002b60       0xa4 /home/m2ivi/legrand/Documents/NIHM/uC-sdk/arch/libarch.a(stm32f4xx_wwdg.o)
 .debug_frame   0x0000000000002c04       0x68 /home/m2ivi/legrand/Documents/NIHM/uC-sdk/arch/libarch.a(misc.o)
 .debug_frame   0x0000000000002c6c       0x60 /home/m2ivi/legrand/Documents/NIHM/uC-sdk/os/libos.a(init.o)
 .debug_frame   0x0000000000002ccc       0x7c /home/m2ivi/legrand/Documents/NIHM/uC-sdk/libc/libc.a(initfini.o)
 .debug_frame   0x0000000000002d48       0x20 /home/m2ivi/legrand/Documents/NIHM/uC-sdk/libc/libc.a(stdio.o)
 .debug_frame   0x0000000000002d68       0x20 /home/m2ivi/legrand/Documents/NIHM/uC-sdk/libc/libc.a(reent.o)
 .debug_frame   0x0000000000002d88      0x208 /home/m2ivi/legrand/Documents/NIHM/uC-sdk/hardware/libhardware.a(gpio.o)
 .debug_frame   0x0000000000002f90      0x140 /home/m2ivi/legrand/Documents/NIHM/uC-sdk/FreeRTOS/libFreeRTOS.a(port.o)
 .debug_frame   0x00000000000030d0      0x3d4 /home/m2ivi/legrand/Documents/NIHM/uC-sdk/FreeRTOS/libFreeRTOS.a(tasks.o)
 .debug_frame   0x00000000000034a4      0x118 /home/m2ivi/legrand/Documents/NIHM/uC-sdk/FreeRTOS/libFreeRTOS.a(timers.o)
 .debug_frame   0x00000000000035bc       0x48 /home/m2ivi/legrand/Documents/NIHM/uC-sdk/FreeRTOS/libFreeRTOS.a(heap_3.o)
 .debug_frame   0x0000000000003604       0x6c /home/m2ivi/legrand/Documents/NIHM/uC-sdk/FreeRTOS/libFreeRTOS.a(list.o)
 .debug_frame   0x0000000000003670      0x298 /home/m2ivi/legrand/Documents/NIHM/uC-sdk/FreeRTOS/libFreeRTOS.a(queue.o)
 .debug_frame   0x0000000000003908       0xc8 /home/m2ivi/legrand/Documents/NIHM/uC-sdk/arch/libarch.a(BoardConsole.o)
 .debug_frame   0x00000000000039d0       0x50 /home/m2ivi/legrand/Documents/NIHM/uC-sdk/os/libos.a(hooks.o)
 .debug_frame   0x0000000000003a20       0x74 /home/m2ivi/legrand/Documents/NIHM/uC-sdk/libc/libc.a(malloc.o)
 .debug_frame   0x0000000000003a94      0x12c /home/m2ivi/legrand/Documents/NIHM/uC-sdk/libc/libc.a(xprintf.o)
 .debug_frame   0x0000000000003bc0       0xb0 /home/m2ivi/legrand/Documents/NIHM/uC-sdk/libc/libc.a(unistd.o)
 .debug_frame   0x0000000000003c70       0x6c /home/m2ivi/legrand/Documents/NIHM/uC-sdk/hardware/libhardware.a(uart.o)
 .debug_frame   0x0000000000003cdc       0x6c /home/m2ivi/legrand/Documents/NIHM/uC-sdk/os/libos.a(filesystem.o)
 .debug_frame   0x0000000000003d48      0x238 /home/m2ivi/legrand/Documents/NIHM/uC-sdk/os/libos.a(fio.o)
 .debug_frame   0x0000000000003f80       0x28 /home/m2ivi/legrand/Documents/NIHM/uC-sdk/os/libos.a(hash-djb2.o)
 .debug_frame   0x0000000000003fa8       0x20 /home/m2ivi/legrand/Documents/NIHM/uC-sdk/os/libos.a(sbrk.o)
 .debug_frame   0x0000000000003fc8       0x6c /home/m2ivi/legrand/Documents/NIHM/uC-sdk/os/libos.a(devfs.o)

.debug_str      0x0000000000000000     0x8e68
 *(.debug_str)
 .debug_str     0x0000000000000000      0x2bb test.o
                                        0x2fc (size before relaxing)
 .debug_str     0x00000000000002bb      0x1ca /home/m2ivi/legrand/Documents/NIHM/uC-sdk/arch/libarch.a(handlers.o)
                                        0x3c6 (size before relaxing)
 .debug_str     0x0000000000000485      0x3f1 /home/m2ivi/legrand/Documents/NIHM/uC-sdk/arch/libarch.a(init.o)
                                        0x669 (size before relaxing)
 .debug_str     0x0000000000000876       0x98 /home/m2ivi/legrand/Documents/NIHM/uC-sdk/arch/libarch.a(BoardInit.o)
                                        0x2e4 (size before relaxing)
 .debug_str     0x000000000000090e      0x1a7 /home/m2ivi/legrand/Documents/NIHM/uC-sdk/arch/libarch.a(system_stm32f4xx.o)
                                        0x4c1 (size before relaxing)
 .debug_str     0x0000000000000ab5      0x63a /home/m2ivi/legrand/Documents/NIHM/uC-sdk/arch/libarch.a(stm32f4xx_adc.o)
                                        0x8f4 (size before relaxing)
 .debug_str     0x00000000000010ef      0x465 /home/m2ivi/legrand/Documents/NIHM/uC-sdk/arch/libarch.a(stm32f4xx_can.o)
                                        0x82e (size before relaxing)
 .debug_str     0x0000000000001554      0x478 /home/m2ivi/legrand/Documents/NIHM/uC-sdk/arch/libarch.a(stm32f4xx_cryp.o)
                                        0x7a0 (size before relaxing)
 .debug_str     0x00000000000019cc      0x257 /home/m2ivi/legrand/Documents/NIHM/uC-sdk/arch/libarch.a(stm32f4xx_dac.o)
                                        0x543 (size before relaxing)
 .debug_str     0x0000000000001c23      0x2e8 /home/m2ivi/legrand/Documents/NIHM/uC-sdk/arch/libarch.a(stm32f4xx_dcmi.o)
                                        0x5b2 (size before relaxing)
 .debug_str     0x0000000000001f0b      0x33b /home/m2ivi/legrand/Documents/NIHM/uC-sdk/arch/libarch.a(stm32f4xx_dma.o)
                                        0x61b (size before relaxing)
 .debug_str     0x0000000000002246      0x580 /home/m2ivi/legrand/Documents/NIHM/uC-sdk/arch/libarch.a(stm32f4xx_dma2d.o)
                                        0x826 (size before relaxing)
 .debug_str     0x00000000000027c6      0x1a5 /home/m2ivi/legrand/Documents/NIHM/uC-sdk/arch/libarch.a(stm32f4xx_exti.o)
                                        0x425 (size before relaxing)
 .debug_str     0x000000000000296b      0x2b9 /home/m2ivi/legrand/Documents/NIHM/uC-sdk/arch/libarch.a(stm32f4xx_gpio.o)
                                        0x5a0 (size before relaxing)
 .debug_str     0x0000000000002c24      0x268 /home/m2ivi/legrand/Documents/NIHM/uC-sdk/arch/libarch.a(stm32f4xx_hash.o)
                                        0x54b (size before relaxing)
 .debug_str     0x0000000000002e8c      0x421 /home/m2ivi/legrand/Documents/NIHM/uC-sdk/arch/libarch.a(stm32f4xx_i2c.o)
                                        0x7b4 (size before relaxing)
 .debug_str     0x00000000000032ad      0x7e1 /home/m2ivi/legrand/Documents/NIHM/uC-sdk/arch/libarch.a(stm32f4xx_ltdc.o)
                                        0xb18 (size before relaxing)
 .debug_str     0x0000000000003a8e      0x1e3 /home/m2ivi/legrand/Documents/NIHM/uC-sdk/arch/libarch.a(stm32f4xx_pwr.o)
                                        0x4fc (size before relaxing)
 .debug_str     0x0000000000003c71      0x5a6 /home/m2ivi/legrand/Documents/NIHM/uC-sdk/arch/libarch.a(stm32f4xx_rcc.o)
                                        0xaa3 (size before relaxing)
 .debug_str     0x0000000000004217       0xb8 /home/m2ivi/legrand/Documents/NIHM/uC-sdk/arch/libarch.a(stm32f4xx_rng.o)
                                        0x369 (size before relaxing)
 .debug_str     0x00000000000042cf      0x93d /home/m2ivi/legrand/Documents/NIHM/uC-sdk/arch/libarch.a(stm32f4xx_rtc.o)
                                        0xc21 (size before relaxing)
 .debug_str     0x0000000000004c0c      0x45e /home/m2ivi/legrand/Documents/NIHM/uC-sdk/arch/libarch.a(stm32f4xx_sdio.o)
                                        0x730 (size before relaxing)
 .debug_str     0x000000000000506a      0x348 /home/m2ivi/legrand/Documents/NIHM/uC-sdk/arch/libarch.a(stm32f4xx_spi.o)
                                        0x7b6 (size before relaxing)
 .debug_str     0x00000000000053b2      0x14a /home/m2ivi/legrand/Documents/NIHM/uC-sdk/arch/libarch.a(stm32f4xx_syscfg.o)
                                        0x3fe (size before relaxing)
 .debug_str     0x00000000000054fc      0xac8 /home/m2ivi/legrand/Documents/NIHM/uC-sdk/arch/libarch.a(stm32f4xx_tim.o)
                                        0xed7 (size before relaxing)
 .debug_str     0x0000000000005fc4      0x3f4 /home/m2ivi/legrand/Documents/NIHM/uC-sdk/arch/libarch.a(stm32f4xx_usart.o)
                                        0x7a8 (size before relaxing)
 .debug_str     0x00000000000063b8       0xbc /home/m2ivi/legrand/Documents/NIHM/uC-sdk/arch/libarch.a(stm32f4xx_wwdg.o)
                                        0x377 (size before relaxing)
 .debug_str     0x0000000000006474      0x196 /home/m2ivi/legrand/Documents/NIHM/uC-sdk/arch/libarch.a(misc.o)
                                        0x4a7 (size before relaxing)
 .debug_str     0x000000000000660a      0x553 /home/m2ivi/legrand/Documents/NIHM/uC-sdk/os/libos.a(init.o)
                                        0x7eb (size before relaxing)
 .debug_str     0x0000000000006b5d      0x146 /home/m2ivi/legrand/Documents/NIHM/uC-sdk/libc/libc.a(initfini.o)
                                        0x84c (size before relaxing)
 .debug_str     0x0000000000006ca3       0x14 /home/m2ivi/legrand/Documents/NIHM/uC-sdk/libc/libc.a(stdio.o)
                                        0x706 (size before relaxing)
 .debug_str     0x0000000000006cb7       0x2d /home/m2ivi/legrand/Documents/NIHM/uC-sdk/libc/libc.a(reent.o)
                                        0x63c (size before relaxing)
 .debug_str     0x0000000000006ce4      0x6fe /home/m2ivi/legrand/Documents/NIHM/uC-sdk/hardware/libhardware.a(gpio.o)
                                        0xd57 (size before relaxing)
 .debug_str     0x00000000000073e2      0x2a5 /home/m2ivi/legrand/Documents/NIHM/uC-sdk/FreeRTOS/libFreeRTOS.a(port.o)
                                        0x4bc (size before relaxing)
 .debug_str     0x0000000000007687      0x843 /home/m2ivi/legrand/Documents/NIHM/uC-sdk/FreeRTOS/libFreeRTOS.a(tasks.o)
                                       0x107d (size before relaxing)
 .debug_str     0x0000000000007eca      0x3bb /home/m2ivi/legrand/Documents/NIHM/uC-sdk/FreeRTOS/libFreeRTOS.a(timers.o)
                                        0xd17 (size before relaxing)
 .debug_str     0x0000000000008285       0x36 /home/m2ivi/legrand/Documents/NIHM/uC-sdk/FreeRTOS/libFreeRTOS.a(heap_3.o)
                                        0x76c (size before relaxing)
 .debug_str     0x00000000000082bb       0x56 /home/m2ivi/legrand/Documents/NIHM/uC-sdk/FreeRTOS/libFreeRTOS.a(list.o)
                                        0x840 (size before relaxing)
 .debug_str     0x0000000000008311      0x375 /home/m2ivi/legrand/Documents/NIHM/uC-sdk/FreeRTOS/libFreeRTOS.a(queue.o)
                                        0xdfe (size before relaxing)
 .debug_str     0x0000000000008686      0x14e /home/m2ivi/legrand/Documents/NIHM/uC-sdk/arch/libarch.a(BoardConsole.o)
                                        0x956 (size before relaxing)
 .debug_str     0x00000000000087d4       0x47 /home/m2ivi/legrand/Documents/NIHM/uC-sdk/os/libos.a(hooks.o)
                                        0x2ac (size before relaxing)
 .debug_str     0x000000000000881b       0x93 /home/m2ivi/legrand/Documents/NIHM/uC-sdk/libc/libc.a(malloc.o)
                                        0x77a (size before relaxing)
 .debug_str     0x00000000000088ae      0x22b /home/m2ivi/legrand/Documents/NIHM/uC-sdk/libc/libc.a(xprintf.o)
                                        0x9dc (size before relaxing)
 .debug_str     0x0000000000008ad9       0x94 /home/m2ivi/legrand/Documents/NIHM/uC-sdk/libc/libc.a(unistd.o)
                                        0x7a7 (size before relaxing)
 .debug_str     0x0000000000008b6d        0xc /home/m2ivi/legrand/Documents/NIHM/uC-sdk/libc/libc.a(errno.o)
                                        0x5ef (size before relaxing)
 .debug_str     0x0000000000008b79       0x48 /home/m2ivi/legrand/Documents/NIHM/uC-sdk/hardware/libhardware.a(uart.o)
                                        0x51f (size before relaxing)
 .debug_str     0x0000000000008bc1       0x5b /home/m2ivi/legrand/Documents/NIHM/uC-sdk/os/libos.a(filesystem.o)
                                        0x7a7 (size before relaxing)
 .debug_str     0x0000000000008c1c      0x1a8 /home/m2ivi/legrand/Documents/NIHM/uC-sdk/os/libos.a(fio.o)
                                        0x9b9 (size before relaxing)
 .debug_str     0x0000000000008dc4       0x15 /home/m2ivi/legrand/Documents/NIHM/uC-sdk/os/libos.a(hash-djb2.o)
                                        0x6e3 (size before relaxing)
 .debug_str     0x0000000000008dd9       0x51 /home/m2ivi/legrand/Documents/NIHM/uC-sdk/os/libos.a(sbrk.o)
                                        0x783 (size before relaxing)
 .debug_str     0x0000000000008e2a       0x3e /home/m2ivi/legrand/Documents/NIHM/uC-sdk/os/libos.a(devfs.o)
                                        0x7bc (size before relaxing)

.debug_loc      0x0000000000000000     0xf0fe
 *(.debug_loc)
 .debug_loc     0x0000000000000000       0x8a /home/m2ivi/legrand/Documents/NIHM/uC-sdk/arch/libarch.a(handlers.o)
 .debug_loc     0x000000000000008a       0xc8 /home/m2ivi/legrand/Documents/NIHM/uC-sdk/arch/libarch.a(system_stm32f4xx.o)
 .debug_loc     0x0000000000000152      0xb1b /home/m2ivi/legrand/Documents/NIHM/uC-sdk/arch/libarch.a(stm32f4xx_adc.o)
 .debug_loc     0x0000000000000c6d      0x882 /home/m2ivi/legrand/Documents/NIHM/uC-sdk/arch/libarch.a(stm32f4xx_can.o)
 .debug_loc     0x00000000000014ef      0x2ad /home/m2ivi/legrand/Documents/NIHM/uC-sdk/arch/libarch.a(stm32f4xx_cryp.o)
 .debug_loc     0x000000000000179c      0x40f /home/m2ivi/legrand/Documents/NIHM/uC-sdk/arch/libarch.a(stm32f4xx_dac.o)
 .debug_loc     0x0000000000001bab      0x1bd /home/m2ivi/legrand/Documents/NIHM/uC-sdk/arch/libarch.a(stm32f4xx_dcmi.o)
 .debug_loc     0x0000000000001d68      0x458 /home/m2ivi/legrand/Documents/NIHM/uC-sdk/arch/libarch.a(stm32f4xx_dma.o)
 .debug_loc     0x00000000000021c0      0x4ee /home/m2ivi/legrand/Documents/NIHM/uC-sdk/arch/libarch.a(stm32f4xx_dma2d.o)
 .debug_loc     0x00000000000026ae      0x151 /home/m2ivi/legrand/Documents/NIHM/uC-sdk/arch/libarch.a(stm32f4xx_exti.o)
 .debug_loc     0x00000000000027ff      0x357 /home/m2ivi/legrand/Documents/NIHM/uC-sdk/arch/libarch.a(stm32f4xx_gpio.o)
 .debug_loc     0x0000000000002b56      0x219 /home/m2ivi/legrand/Documents/NIHM/uC-sdk/arch/libarch.a(stm32f4xx_hash.o)
 .debug_loc     0x0000000000002d6f      0x711 /home/m2ivi/legrand/Documents/NIHM/uC-sdk/arch/libarch.a(stm32f4xx_i2c.o)
 .debug_loc     0x0000000000003480      0x770 /home/m2ivi/legrand/Documents/NIHM/uC-sdk/arch/libarch.a(stm32f4xx_ltdc.o)