Archive member included to satisfy reference by file (symbol)

/home/m2ivi/legrand/Documents/NIHM/uC-sdk/arch/libarch.a(startup.o)
                              (__cs3_stack_size)
/home/m2ivi/legrand/Documents/NIHM/uC-sdk/arch/libarch.a(handlers.o)
                              /home/m2ivi/legrand/Documents/NIHM/uC-sdk/arch/libarch.a(startup.o) (general_C_handler)
/home/m2ivi/legrand/Documents/NIHM/uC-sdk/arch/libarch.a(init.o)
                              (__som)
/home/m2ivi/legrand/Documents/NIHM/uC-sdk/arch/libarch.a(BoardInit.o)
                              /home/m2ivi/legrand/Documents/NIHM/uC-sdk/arch/libarch.a(handlers.o) (BoardExceptionHandler)
/home/m2ivi/legrand/Documents/NIHM/uC-sdk/arch/libarch.a(system_stm32f4xx.o)
                              /home/m2ivi/legrand/Documents/NIHM/uC-sdk/arch/libarch.a(init.o) (SystemInit)
/home/m2ivi/legrand/Documents/NIHM/uC-sdk/arch/libarch.a(stm32f4xx_adc.o)
                              /home/m2ivi/legrand/Documents/NIHM/uC-sdk/arch/libarch.a(init.o) (ADC_DeInit)
/home/m2ivi/legrand/Documents/NIHM/uC-sdk/arch/libarch.a(stm32f4xx_can.o)
                              /home/m2ivi/legrand/Documents/NIHM/uC-sdk/arch/libarch.a(init.o) (CAN_DeInit)
/home/m2ivi/legrand/Documents/NIHM/uC-sdk/arch/libarch.a(stm32f4xx_cryp.o)
                              /home/m2ivi/legrand/Documents/NIHM/uC-sdk/arch/libarch.a(init.o) (CRYP_DeInit)
/home/m2ivi/legrand/Documents/NIHM/uC-sdk/arch/libarch.a(stm32f4xx_dac.o)
                              /home/m2ivi/legrand/Documents/NIHM/uC-sdk/arch/libarch.a(init.o) (DAC_DeInit)
/home/m2ivi/legrand/Documents/NIHM/uC-sdk/arch/libarch.a(stm32f4xx_dcmi.o)
                              /home/m2ivi/legrand/Documents/NIHM/uC-sdk/arch/libarch.a(init.o) (DCMI_DeInit)
/home/m2ivi/legrand/Documents/NIHM/uC-sdk/arch/libarch.a(stm32f4xx_dma.o)
                              /home/m2ivi/legrand/Documents/NIHM/uC-sdk/arch/libarch.a(init.o) (DMA_DeInit)
/home/m2ivi/legrand/Documents/NIHM/uC-sdk/arch/libarch.a(stm32f4xx_dma2d.o)
                              /home/m2ivi/legrand/Documents/NIHM/uC-sdk/arch/libarch.a(init.o) (DMA2D_DeInit)
/home/m2ivi/legrand/Documents/NIHM/uC-sdk/arch/libarch.a(stm32f4xx_exti.o)
                              /home/m2ivi/legrand/Documents/NIHM/uC-sdk/arch/libarch.a(init.o) (EXTI_DeInit)
/home/m2ivi/legrand/Documents/NIHM/uC-sdk/arch/libarch.a(stm32f4xx_gpio.o)
                              /home/m2ivi/legrand/Documents/NIHM/uC-sdk/arch/libarch.a(init.o) (GPIO_DeInit)
/home/m2ivi/legrand/Documents/NIHM/uC-sdk/arch/libarch.a(stm32f4xx_hash.o)
                              /home/m2ivi/legrand/Documents/NIHM/uC-sdk/arch/libarch.a(init.o) (HASH_DeInit)
/home/m2ivi/legrand/Documents/NIHM/uC-sdk/arch/libarch.a(stm32f4xx_i2c.o)
                              /home/m2ivi/legrand/Documents/NIHM/uC-sdk/arch/libarch.a(init.o) (I2C_DeInit)
/home/m2ivi/legrand/Documents/NIHM/uC-sdk/arch/libarch.a(stm32f4xx_ltdc.o)
                              /home/m2ivi/legrand/Documents/NIHM/uC-sdk/arch/libarch.a(init.o) (LTDC_DeInit)
/home/m2ivi/legrand/Documents/NIHM/uC-sdk/arch/libarch.a(stm32f4xx_pwr.o)
                              /home/m2ivi/legrand/Documents/NIHM/uC-sdk/arch/libarch.a(init.o) (PWR_DeInit)
/home/m2ivi/legrand/Documents/NIHM/uC-sdk/arch/libarch.a(stm32f4xx_rcc.o)
                              /home/m2ivi/legrand/Documents/NIHM/uC-sdk/arch/libarch.a(init.o) (RCC_DeInit)
/home/m2ivi/legrand/Documents/NIHM/uC-sdk/arch/libarch.a(stm32f4xx_rng.o)
                              /home/m2ivi/legrand/Documents/NIHM/uC-sdk/arch/libarch.a(init.o) (RNG_DeInit)
/home/m2ivi/legrand/Documents/NIHM/uC-sdk/arch/libarch.a(stm32f4xx_rtc.o)
                              /home/m2ivi/legrand/Documents/NIHM/uC-sdk/arch/libarch.a(init.o) (RTC_DeInit)
/home/m2ivi/legrand/Documents/NIHM/uC-sdk/arch/libarch.a(stm32f4xx_sdio.o)
                              /home/m2ivi/legrand/Documents/NIHM/uC-sdk/arch/libarch.a(init.o) (SDIO_DeInit)
/home/m2ivi/legrand/Documents/NIHM/uC-sdk/arch/libarch.a(stm32f4xx_spi.o)
                              /home/m2ivi/legrand/Documents/NIHM/uC-sdk/arch/libarch.a(init.o) (SPI_I2S_DeInit)
/home/m2ivi/legrand/Documents/NIHM/uC-sdk/arch/libarch.a(stm32f4xx_syscfg.o)
                              /home/m2ivi/legrand/Documents/NIHM/uC-sdk/arch/libarch.a(init.o) (SYSCFG_DeInit)
/home/m2ivi/legrand/Documents/NIHM/uC-sdk/arch/libarch.a(stm32f4xx_tim.o)
                              /home/m2ivi/legrand/Documents/NIHM/uC-sdk/arch/libarch.a(init.o) (TIM_DeInit)
/home/m2ivi/legrand/Documents/NIHM/uC-sdk/arch/libarch.a(stm32f4xx_usart.o)
                              /home/m2ivi/legrand/Documents/NIHM/uC-sdk/arch/libarch.a(init.o) (USART_DeInit)
/home/m2ivi/legrand/Documents/NIHM/uC-sdk/arch/libarch.a(stm32f4xx_wwdg.o)
                              /home/m2ivi/legrand/Documents/NIHM/uC-sdk/arch/libarch.a(init.o) (WWDG_DeInit)
/home/m2ivi/legrand/Documents/NIHM/uC-sdk/arch/libarch.a(misc.o)
[...]
Memory Configuration

Name             Origin             Length             Attributes
rom              0x0000000008000000 0x0000000000100000 xr
ram              0x0000000020000000 0x000000000001c000 xrw
*default*        0x0000000000000000 0xffffffffffffffff

Linker script and memory map

LOAD /usr/lib/gcc/arm-none-eabi/4.9.3/armv7e-m/fpu/crti.o
LOAD /usr/lib/gcc/arm-none-eabi/4.9.3/armv7e-m/fpu/crtbegin.o
LOAD /usr/lib/gcc/arm-none-eabi/4.9.3/../../../arm-none-eabi/lib/armv7e-m/fpu/crt0.o
LOAD tp1.o
LOAD /usr/lib/gcc/arm-none-eabi/4.9.3/armv7e-m/fpu/libgcc.a
START GROUP
LOAD /home/m2ivi/legrand/Documents/NIHM/uC-sdk/FreeRTOS/libFreeRTOS.a
LOAD /home/m2ivi/legrand/Documents/NIHM/uC-sdk/arch/libarch.a
LOAD /home/m2ivi/legrand/Documents/NIHM/uC-sdk/os/libos.a
LOAD /home/m2ivi/legrand/Documents/NIHM/uC-sdk/libc/libc.a
LOAD /home/m2ivi/legrand/Documents/NIHM/uC-sdk/libm/libm.a
LOAD /home/m2ivi/legrand/Documents/NIHM/uC-sdk/acorn/libacorn.a
LOAD /home/m2ivi/legrand/Documents/NIHM/uC-sdk/hardware/libhardware.a
END GROUP
LOAD /usr/lib/gcc/arm-none-eabi/4.9.3/armv7e-m/fpu/crtend.o
LOAD /usr/lib/gcc/arm-none-eabi/4.9.3/armv7e-m/fpu/crtn.o
START GROUP
LOAD /usr/lib/gcc/arm-none-eabi/4.9.3/armv7e-m/fpu/libgcc.a
END GROUP
                0x000000002001c000                PROVIDE (__cs3_stack, (__cs3_region_start_ram + __cs3_region_size_ram))
                [!provide]                        PROVIDE (__cs3_stack_size, ((__cs3_region_start_ram + __cs3_region_size_ram) - _end))
                [!provide]                        PROVIDE (__cs3_heap_start, _end)
                [!provide]                        PROVIDE (__cs3_heap_end, (__cs3_region_start_ram + __cs3_region_size_ram))
                [!provide]                        PROVIDE (__rom_data_len, (__rom_data_end - __rom_data_begin))
                0x0000000020000840                PROVIDE (__heap_start, __cs3_heap_start)
                [!provide]                        PROVIDE (__heap_end, __cs3_heap_end)
                0x0000000000000640                PROVIDE (__bss_ram_len, (__bss_ram_end - __bss_ram_begin))
                [!provide]                        PROVIDE (__registry_space_1_len, (__registry_space_1_end - __registry_space_1))
                [!provide]                        PROVIDE (__registry_space_2_len, (__registry_space_2_end - __registry_space_2))
                [!provide]                        PROVIDE (__registry_space_3_len, (__registry_space_3_end - __registry_space_3))

.text           0x0000000008000000     0x33b0
                0x0000000008000000                . = ALIGN (0x20)
 CREATE_OBJECT_SYMBOLS
                0x0000000008000000                __cs3_region_start_rom = .
                0x0000000008000000                __privileged_code_start__ = .
 *(.cs3.region-head.rom)
                0x0000000008000000                __cs3_interrupt_vector = __cs3_interrupt_vector_cortex_m
 *(.cs3.interrupt_vector)
 .cs3.interrupt_vector
                0x0000000008000000       0x20 /home/m2ivi/legrand/Documents/NIHM/uC-sdk/arch/libarch.a(startup.o)
                0x0000000008000000                __cs3_interrupt_vector_cortex_m
                0x0000000000000001                ASSERT ((. != __cs3_interrupt_vector_cortex_m), No interrupt vector)
 *(.rom)
 *(.rom.b)
                0x0000000008000020                __registry_space_1 = .
 *(.registry_space_1)
                0x00000000000001e0                . = 0x1e0
 *fill*         0x0000000008000020      0x1c0 
                0x00000000080001e0                __registry_space_1_end = .
 *(.bootptr)
 .bootptr       0x00000000080001e0        0x4 /home/m2ivi/legrand/Documents/NIHM/uC-sdk/arch/libarch.a(init.o)
                0x00000000080001e0                __bootptr
 *(.hwregistry)
                0x00000000080001e4                __registry_space_2 = .
 *(.registry_space_2)
                0x000000000000043c                . = 0x43c
 *fill*         0x00000000080001e4      0x258 
                0x000000000800043c                __registry_space_2_end = .
 *(.som)
 .som           0x000000000800043c        0x4 /home/m2ivi/legrand/Documents/NIHM/uC-sdk/arch/libarch.a(init.o)
                0x000000000800043c                __som
                0x0000000008000440                __registry_space_3 = .
 *(.registry)
 *(.registry_space_3)
                0x0000000000000c40                . = 0xc40
 *fill*         0x0000000008000440      0x800 
                0x0000000008000c40                __registry_space_3_end = .
 *(.privileged_code)
 *(privileged_functions)
                0x0000000008000c40                __privileged_code_end__ = .
                0x0000000008000c40                __privileged_functions_end__ = .
                0x0000000008000c40                __cs3_reset = __cs3_reset_cortex_m
 *(.cs3.reset)
 .cs3.reset     0x0000000008000c40       0x50 /home/m2ivi/legrand/Documents/NIHM/uC-sdk/arch/libarch.a(startup.o)
                0x0000000008000c40                __cs3_reset_cortex_m
                0x0000000000000001                ASSERT ((. != __cs3_reset), No reset code)
 *(.handlers)
 .handlers      0x0000000008000c90       0x3c /home/m2ivi/legrand/Documents/NIHM/uC-sdk/arch/libarch.a(startup.o)
                0x0000000008000cc8                DebugMon_Handler
                0x0000000008000cca                RTC_Alarm_IRQHandler
                0x0000000008000cca                HASH_RNG_IRQHandler
                0x0000000008000cca                TIM8_CC_IRQHandler
                0x0000000008000cca                UART8_IRQHandler
                0x0000000008000cca                TIM1_CC_IRQHandler
                0x0000000008000cca                DMA2_Stream5_IRQHandler
                0x0000000008000cca                DMA1_Stream5_IRQHandler
                0x0000000008000cca                PVD_IRQHandler
                0x0000000008000cca                SDIO_IRQHandler
                0x0000000008000cca                TAMP_STAMP_IRQHandler
                0x0000000008000cca                CAN2_RX1_IRQHandler
                0x0000000008000cca                TIM8_TRG_COM_TIM14_IRQHandler
                0x0000000008000cca                TIM1_UP_TIM10_IRQHandler
                0x0000000008000cca                LCD_TFT_ERROR_IRQHandler
                0x0000000008000cca                TIM8_UP_TIM13_IRQHandler
                0x0000000008000cca                I2C3_ER_IRQHandler
                0x0000000008000cca                LCD_TFT_IRQHandler
                0x0000000008000cca                I2C2_EV_IRQHandler
                0x0000000008000cca                DMA1_Stream2_IRQHandler
                0x0000000008000cca                CAN1_RX0_IRQHandler
                0x0000000008000cca                FPU_IRQHandler
                0x0000000008000cca                OTG_HS_WKUP_IRQHandler
                0x0000000008000cca                CAN2_SCE_IRQHandler
                0x0000000008000cca                DMA2_Stream2_IRQHandler
                0x0000000008000cca                TIM6_DAC_IRQHandler
                0x0000000008000cca                TIM1_BRK_TIM9_IRQHandler
                0x0000000008000cca                DCMI_IRQHandler
                0x0000000008000cca                CAN2_RX0_IRQHandler
                0x0000000008000cca                DMA2_Stream3_IRQHandler
                0x0000000008000cca                USART6_IRQHandler
                0x0000000008000cca                USART3_IRQHandler
                0x0000000008000cca                CRYP_IRQHandler
                0x0000000008000cca                CAN1_RX1_IRQHandler
                0x0000000008000cca                UART5_IRQHandler
                0x0000000008000cca                DMA2_Stream0_IRQHandler
                0x0000000008000cca                TIM4_IRQHandler
                0x0000000008000cca                I2C1_EV_IRQHandler
                0x0000000008000cca                DMA1_Stream6_IRQHandler
                0x0000000008000cca                DMA1_Stream1_IRQHandler
                0x0000000008000cca                UART4_IRQHandler
                0x0000000008000cca                TIM3_IRQHandler
                0x0000000008000cca                RCC_IRQHandler
                0x0000000008000cca                TIM8_BRK_TIM12_IRQHandler
                0x0000000008000cca                Default_Handler
                0x0000000008000cca                ADC_IRQHandler
                0x0000000008000cca                DMA1_Stream7_IRQHandler
                0x0000000008000cca                TIM7_IRQHandler
                0x0000000008000cca                CAN2_TX_IRQHandler
                0x0000000008000cca                TIM5_IRQHandler
                0x0000000008000cca                DMA2_Stream7_IRQHandler
                0x0000000008000cca                I2C3_EV_IRQHandler
                0x0000000008000cca                RTC_WKUP_IRQHandler
                0x0000000008000cca                ETH_WKUP_IRQHandler
                0x0000000008000cca                OTG_HS_EP1_IN_IRQHandler
                0x0000000008000cca                DMA1_Stream0_IRQHandler
                0x0000000008000cca                WDT_IRQHandler
                0x0000000008000cca                CAN1_TX_IRQHandler
                0x0000000008000cca                FSMC_IRQHandler
                0x0000000008000cca                ETH_IRQHandler
                0x0000000008000cca                OTG_HS_EP1_OUT_IRQHandler
                0x0000000008000cca                TIM2_IRQHandler
                0x0000000008000cca                OTG_FS_WKUP_IRQHandler
                0x0000000008000cca                TIM1_TRG_COM_TIM11_IRQHandler
                0x0000000008000cca                OTG_HS_IRQHandler
                0x0000000008000cca                DMA2D_IRQHandler
                0x0000000008000cca                UART7_IRQHandler
                0x0000000008000cca                USART2_IRQHandler
                0x0000000008000cca                I2C2_ER_IRQHandler
                0x0000000008000cca                DMA2_Stream1_IRQHandler
                0x0000000008000cca                CAN1_SCE_IRQHandler
                0x0000000008000cca                FLASH_IRQHandler
                0x0000000008000cca                DMA2_Stream4_IRQHandler
                0x0000000008000cca                USART1_IRQHandler
                0x0000000008000cca                OTG_FS_IRQHandler
                0x0000000008000cca                DMA1_Stream4_IRQHandler
                0x0000000008000cca                I2C1_ER_IRQHandler
                0x0000000008000cca                DMA2_Stream6_IRQHandler
                0x0000000008000cca                SAI1_IRQHandler
                0x0000000008000cca                DMA1_Stream3_IRQHandler
 *(.text .text.* .gnu.linkonce.t.*)
 .text          0x0000000008000ccc       0xa4 /usr/lib/gcc/arm-none-eabi/4.9.3/armv7e-m/fpu/crtbegin.o
 .text.sleep    0x0000000008000d70       0x1e tp1.o
                0x0000000008000d70                sleep
 *fill*         0x0000000008000d8e        0x2 
 .text.startup.main
                0x0000000008000d90      0x250 tp1.o
                0x0000000008000d90                main
 .text.general_C_handler
                0x0000000008000fe0       0x20 /home/m2ivi/legrand/Documents/NIHM/uC-sdk/arch/libarch.a(handlers.o)
                0x0000000008000fe0                general_C_handler
 .text.cpu_deinit_all
                0x0000000008001000      0x2ac /home/m2ivi/legrand/Documents/NIHM/uC-sdk/arch/libarch.a(init.o)
                0x0000000008001000                cpu_deinit_all
 .text.cpu_early_init
                0x00000000080012ac        0xe /home/m2ivi/legrand/Documents/NIHM/uC-sdk/arch/libarch.a(init.o)
                0x00000000080012ac                cpu_early_init
 *fill*         0x00000000080012ba        0x2 
 .text.cpu_init
                0x00000000080012bc       0x10 /home/m2ivi/legrand/Documents/NIHM/uC-sdk/arch/libarch.a(init.o)
                0x00000000080012bc                cpu_init
 .text.cpu_late_init
                0x00000000080012cc        0x2 /home/m2ivi/legrand/Documents/NIHM/uC-sdk/arch/libarch.a(init.o)
                0x00000000080012cc                cpu_late_init
 .text.BoardEarlyInit
                0x00000000080012ce        0x2 /home/m2ivi/legrand/Documents/NIHM/uC-sdk/arch/libarch.a(BoardInit.o)
                0x00000000080012ce                BoardEarlyInit
 .text.BoardInit
                0x00000000080012d0        0xa /home/m2ivi/legrand/Documents/NIHM/uC-sdk/arch/libarch.a(BoardInit.o)
                0x00000000080012d0                BoardInit
 .text.BoardLateInit
                0x00000000080012da        0x2 /home/m2ivi/legrand/Documents/NIHM/uC-sdk/arch/libarch.a(BoardInit.o)
                0x00000000080012da                BoardLateInit
 .text.BoardShutdown
                0x00000000080012dc        0x2 /home/m2ivi/legrand/Documents/NIHM/uC-sdk/arch/libarch.a(BoardInit.o)
                0x00000000080012dc                BoardShutdown
 .text.BoardExceptionHandler
                0x00000000080012de        0x2 /home/m2ivi/legrand/Documents/NIHM/uC-sdk/arch/libarch.a(BoardInit.o)
                0x00000000080012de                BoardExceptionHandler
 .text.SystemInit
                0x00000000080012e0      0x118 /home/m2ivi/legrand/Documents/NIHM/uC-sdk/arch/libarch.a(system_stm32f4xx.o)
                0x00000000080012e0                SystemInit
 .text.ADC_DeInit
                0x00000000080013f8       0x1a /home/m2ivi/legrand/Documents/NIHM/uC-sdk/arch/libarch.a(stm32f4xx_adc.o)
                0x00000000080013f8                ADC_DeInit
 *fill*         0x0000000008001412        0x2 
 .text.CAN_DeInit
                0x0000000008001414       0x34 /home/m2ivi/legrand/Documents/NIHM/uC-sdk/arch/libarch.a(stm32f4xx_can.o)
                0x0000000008001414                CAN_DeInit
 .text.CRYP_DeInit
                0x0000000008001448       0x16 /home/m2ivi/legrand/Documents/NIHM/uC-sdk/arch/libarch.a(stm32f4xx_cryp.o)
                0x0000000008001448                CRYP_DeInit
 .text.DAC_DeInit
                0x000000000800145e       0x1a /home/m2ivi/legrand/Documents/NIHM/uC-sdk/arch/libarch.a(stm32f4xx_dac.o)
                0x000000000800145e                DAC_DeInit
 .text.DCMI_DeInit
                0x0000000008001478       0x1c /home/m2ivi/legrand/Documents/NIHM/uC-sdk/arch/libarch.a(stm32f4xx_dcmi.o)
                0x0000000008001478                DCMI_DeInit
 .text.DMA_DeInit
                0x0000000008001494      0x10c /home/m2ivi/legrand/Documents/NIHM/uC-sdk/arch/libarch.a(stm32f4xx_dma.o)
                0x0000000008001494                DMA_DeInit
 .text.DMA2D_DeInit
                0x00000000080015a0       0x1a /home/m2ivi/legrand/Documents/NIHM/uC-sdk/arch/libarch.a(stm32f4xx_dma2d.o)
                0x00000000080015a0                DMA2D_DeInit
 *fill*         0x00000000080015ba        0x2 
 .text.EXTI_DeInit
                0x00000000080015bc       0x1c /home/m2ivi/legrand/Documents/NIHM/uC-sdk/arch/libarch.a(stm32f4xx_exti.o)
                0x00000000080015bc                EXTI_DeInit
 .text.EXTI_GetITStatus
                0x00000000080015d8       0x14 /home/m2ivi/legrand/Documents/NIHM/uC-sdk/arch/libarch.a(stm32f4xx_exti.o)
                0x00000000080015d8                EXTI_GetITStatus
 .text.EXTI_ClearITPendingBit
                0x00000000080015ec        0xc /home/m2ivi/legrand/Documents/NIHM/uC-sdk/arch/libarch.a(stm32f4xx_exti.o)
                0x00000000080015ec                EXTI_ClearITPendingBit
 .text.GPIO_DeInit
                0x00000000080015f8      0x10c /home/m2ivi/legrand/Documents/NIHM/uC-sdk/arch/libarch.a(stm32f4xx_gpio.o)
                0x00000000080015f8                GPIO_DeInit
 .text.GPIO_Init
                0x0000000008001704       0x6c /home/m2ivi/legrand/Documents/NIHM/uC-sdk/arch/libarch.a(stm32f4xx_gpio.o)
                0x0000000008001704                GPIO_Init
 .text.GPIO_SetBits
                0x0000000008001770        0x4 /home/m2ivi/legrand/Documents/NIHM/uC-sdk/arch/libarch.a(stm32f4xx_gpio.o)
                0x0000000008001770                GPIO_SetBits
 .text.GPIO_ResetBits
                0x0000000008001774        0x4 /home/m2ivi/legrand/Documents/NIHM/uC-sdk/arch/libarch.a(stm32f4xx_gpio.o)
                0x0000000008001774                GPIO_ResetBits
 .text.GPIO_PinAFConfig
                0x0000000008001778       0x24 /home/m2ivi/legrand/Documents/NIHM/uC-sdk/arch/libarch.a(stm32f4xx_gpio.o)
                0x0000000008001778                GPIO_PinAFConfig
 .text.HASH_DeInit
                0x000000000800179c       0x16 /home/m2ivi/legrand/Documents/NIHM/uC-sdk/arch/libarch.a(stm32f4xx_hash.o)
                0x000000000800179c                HASH_DeInit
 *fill*         0x00000000080017b2        0x2 
 .text.I2C_DeInit
                0x00000000080017b4       0x5c /home/m2ivi/legrand/Documents/NIHM/uC-sdk/arch/libarch.a(stm32f4xx_i2c.o)
                0x00000000080017b4                I2C_DeInit
 .text.LTDC_DeInit
                0x0000000008001810       0x1a /home/m2ivi/legrand/Documents/NIHM/uC-sdk/arch/libarch.a(stm32f4xx_ltdc.o)
                0x0000000008001810                LTDC_DeInit
 .text.PWR_DeInit
                0x000000000800182a       0x1a /home/m2ivi/legrand/Documents/NIHM/uC-sdk/arch/libarch.a(stm32f4xx_pwr.o)
                0x000000000800182a                PWR_DeInit
 .text.RCC_DeInit
                0x0000000008001844       0x48 /home/m2ivi/legrand/Documents/NIHM/uC-sdk/arch/libarch.a(stm32f4xx_rcc.o)
                0x0000000008001844                RCC_DeInit
 .text.RCC_GetClocksFreq
                0x000000000800188c       0x88 /home/m2ivi/legrand/Documents/NIHM/uC-sdk/arch/libarch.a(stm32f4xx_rcc.o)
                0x000000000800188c                RCC_GetClocksFreq
 .text.RCC_AHB1PeriphClockCmd
                0x0000000008001914       0x18 /home/m2ivi/legrand/Documents/NIHM/uC-sdk/arch/libarch.a(stm32f4xx_rcc.o)
                0x0000000008001914                RCC_AHB1PeriphClockCmd
 .text.RCC_APB1PeriphClockCmd
                0x000000000800192c       0x18 /home/m2ivi/legrand/Documents/NIHM/uC-sdk/arch/libarch.a(stm32f4xx_rcc.o)
                0x000000000800192c                RCC_APB1PeriphClockCmd
 .text.RCC_APB2PeriphClockCmd
                0x0000000008001944       0x18 /home/m2ivi/legrand/Documents/NIHM/uC-sdk/arch/libarch.a(stm32f4xx_rcc.o)
                0x0000000008001944                RCC_APB2PeriphClockCmd
 .text.RCC_AHB1PeriphResetCmd
                0x000000000800195c       0x18 /home/m2ivi/legrand/Documents/NIHM/uC-sdk/arch/libarch.a(stm32f4xx_rcc.o)
                0x000000000800195c                RCC_AHB1PeriphResetCmd
 .text.RCC_AHB2PeriphResetCmd
                0x0000000008001974       0x18 /home/m2ivi/legrand/Documents/NIHM/uC-sdk/arch/libarch.a(stm32f4xx_rcc.o)
                0x0000000008001974                RCC_AHB2PeriphResetCmd
 .text.RCC_APB1PeriphResetCmd
                0x000000000800198c       0x18 /home/m2ivi/legrand/Documents/NIHM/uC-sdk/arch/libarch.a(stm32f4xx_rcc.o)
                0x000000000800198c                RCC_APB1PeriphResetCmd
 .text.RCC_APB2PeriphResetCmd
                0x00000000080019a4       0x18 /home/m2ivi/legrand/Documents/NIHM/uC-sdk/arch/libarch.a(stm32f4xx_rcc.o)
                0x00000000080019a4                RCC_APB2PeriphResetCmd
 .text.RNG_DeInit
                0x00000000080019bc       0x16 /home/m2ivi/legrand/Documents/NIHM/uC-sdk/arch/libarch.a(stm32f4xx_rng.o)
                0x00000000080019bc                RNG_DeInit
 *fill*         0x00000000080019d2        0x2 
 .text.RTC_EnterInitMode
                0x00000000080019d4       0x40 /home/m2ivi/legrand/Documents/NIHM/uC-sdk/arch/libarch.a(stm32f4xx_rtc.o)
                0x00000000080019d4                RTC_EnterInitMode
 .text.RTC_WaitForSynchro
                0x0000000008001a14       0x44 /home/m2ivi/legrand/Documents/NIHM/uC-sdk/arch/libarch.a(stm32f4xx_rtc.o)
                0x0000000008001a14                RTC_WaitForSynchro
 .text.RTC_DeInit
                0x0000000008001a58       0x8c /home/m2ivi/legrand/Documents/NIHM/uC-sdk/arch/libarch.a(stm32f4xx_rtc.o)
                0x0000000008001a58                RTC_DeInit
 .text.SDIO_DeInit
                0x0000000008001ae4       0x1a /home/m2ivi/legrand/Documents/NIHM/uC-sdk/arch/libarch.a(stm32f4xx_sdio.o)
                0x0000000008001ae4                SDIO_DeInit
 *fill*         0x0000000008001afe        0x2 
 .text.SPI_I2S_DeInit
                0x0000000008001b00       0xb0 /home/m2ivi/legrand/Documents/NIHM/uC-sdk/arch/libarch.a(stm32f4xx_spi.o)
                0x0000000008001b00                SPI_I2S_DeInit
 .text.SPI_Init
                0x0000000008001bb0       0x3e /home/m2ivi/legrand/Documents/NIHM/uC-sdk/arch/libarch.a(stm32f4xx_spi.o)
                0x0000000008001bb0                SPI_Init
 .text.SPI_Cmd  0x0000000008001bee       0x18 /home/m2ivi/legrand/Documents/NIHM/uC-sdk/arch/libarch.a(stm32f4xx_spi.o)
                0x0000000008001bee                SPI_Cmd
 .text.SPI_I2S_ReceiveData
                0x0000000008001c06        0x6 /home/m2ivi/legrand/Documents/NIHM/uC-sdk/arch/libarch.a(stm32f4xx_spi.o)
                0x0000000008001c06                SPI_I2S_ReceiveData
 .text.SPI_I2S_SendData
                0x0000000008001c0c        0x4 /home/m2ivi/legrand/Documents/NIHM/uC-sdk/arch/libarch.a(stm32f4xx_spi.o)
                0x0000000008001c0c                SPI_I2S_SendData
 .text.SPI_I2S_GetFlagStatus
                0x0000000008001c10        0xc /home/m2ivi/legrand/Documents/NIHM/uC-sdk/arch/libarch.a(stm32f4xx_spi.o)
                0x0000000008001c10                SPI_I2S_GetFlagStatus
 .text.SPI_I2S_GetITStatus
                0x0000000008001c1c       0x26 /home/m2ivi/legrand/Documents/NIHM/uC-sdk/arch/libarch.a(stm32f4xx_spi.o)
                0x0000000008001c1c                SPI_I2S_GetITStatus
 .text.SPI_I2S_ClearITPendingBit
                0x0000000008001c42       0x10 /home/m2ivi/legrand/Documents/NIHM/uC-sdk/arch/libarch.a(stm32f4xx_spi.o)
                0x0000000008001c42                SPI_I2S_ClearITPendingBit
 .text.SYSCFG_DeInit
                0x0000000008001c52       0x1a /home/m2ivi/legrand/Documents/NIHM/uC-sdk/arch/libarch.a(stm32f4xx_syscfg.o)
                0x0000000008001c52                SYSCFG_DeInit
 .text.TIM_DeInit
                0x0000000008001c6c      0x154 /home/m2ivi/legrand/Documents/NIHM/uC-sdk/arch/libarch.a(stm32f4xx_tim.o)
                0x0000000008001c6c                TIM_DeInit
 .text.USART_DeInit
                0x0000000008001dc0       0xdc /home/m2ivi/legrand/Documents/NIHM/uC-sdk/arch/libarch.a(stm32f4xx_usart.o)
                0x0000000008001dc0                USART_DeInit
 .text.USART_Init
                0x0000000008001e9c       0xb4 /home/m2ivi/legrand/Documents/NIHM/uC-sdk/arch/libarch.a(stm32f4xx_usart.o)
                0x0000000008001e9c                USART_Init
 .text.USART_Cmd
                0x0000000008001f50       0x18 /home/m2ivi/legrand/Documents/NIHM/uC-sdk/arch/libarch.a(stm32f4xx_usart.o)
                0x0000000008001f50                USART_Cmd
 .text.USART_SendData
                0x0000000008001f68        0x8 /home/m2ivi/legrand/Documents/NIHM/uC-sdk/arch/libarch.a(stm32f4xx_usart.o)
                0x0000000008001f68                USART_SendData
 .text.USART_GetFlagStatus
                0x0000000008001f70        0xc /home/m2ivi/legrand/Documents/NIHM/uC-sdk/arch/libarch.a(stm32f4xx_usart.o)
                0x0000000008001f70                USART_GetFlagStatus
 .text.WWDG_DeInit
                0x0000000008001f7c       0x1a /home/m2ivi/legrand/Documents/NIHM/uC-sdk/arch/libarch.a(stm32f4xx_wwdg.o)
                0x0000000008001f7c                WWDG_DeInit
 *fill*         0x0000000008001f96        0x2 
 .text.NVIC_SetVectorTable
                0x0000000008001f98       0x14 /home/m2ivi/legrand/Documents/NIHM/uC-sdk/arch/libarch.a(misc.o)
                0x0000000008001f98                NVIC_SetVectorTable
 .text._exit    0x0000000008001fac        0xe /home/m2ivi/legrand/Documents/NIHM/uC-sdk/os/libos.a(init.o)
                0x0000000008001fac                _exit
 *fill*         0x0000000008001fba        0x2 
 .text._ucsdk_start
                0x0000000008001fbc       0x3c /home/m2ivi/legrand/Documents/NIHM/uC-sdk/os/libos.a(init.o)
                0x0000000008001fbc                _ucsdk_start
 .text.startup_memcpy
                0x0000000008001ff8       0x14 /home/m2ivi/legrand/Documents/NIHM/uC-sdk/os/libos.a(init.o)
                0x0000000008001ff8                startup_memcpy
 .text.startup_memset
                0x000000000800200c        0xe /home/m2ivi/legrand/Documents/NIHM/uC-sdk/os/libos.a(init.o)
                0x000000000800200c                startup_memset
 *fill*         0x000000000800201a        0x2 
 .text.exit     0x000000000800201c       0x60 /home/m2ivi/legrand/Documents/NIHM/uC-sdk/libc/libc.a(initfini.o)
                0x000000000800201c                exit
 .text.libc_init
                0x000000000800207c       0x58 /home/m2ivi/legrand/Documents/NIHM/uC-sdk/libc/libc.a(initfini.o)
                0x000000000800207c                libc_init
 .text.__sinit  0x00000000080020d4       0x28 /home/m2ivi/legrand/Documents/NIHM/uC-sdk/libc/libc.a(stdio.o)
                0x00000000080020d4                __sinit
 .text.startup.init_main_thread
                0x00000000080020fc       0x10 /home/m2ivi/legrand/Documents/NIHM/uC-sdk/libc/libc.a(reent.o)
 .text.call_exti_callback
                0x000000000800210c       0x10 /home/m2ivi/legrand/Documents/NIHM/uC-sdk/hardware/libhardware.a(gpio.o)
 .text.gpio_config
                0x000000000800211c       0x54 /home/m2ivi/legrand/Documents/NIHM/uC-sdk/hardware/libhardware.a(gpio.o)
                0x000000000800211c                gpio_config
 .text.gpio_config_alternate
                0x0000000008002170       0x70 /home/m2ivi/legrand/Documents/NIHM/uC-sdk/hardware/libhardware.a(gpio.o)
                0x0000000008002170                gpio_config_alternate
 .text.gpio_set
                0x00000000080021e0       0x40 /home/m2ivi/legrand/Documents/NIHM/uC-sdk/hardware/libhardware.a(gpio.o)
                0x00000000080021e0                gpio_set
 .text.startup.irq_init
                0x0000000008002220       0x18 /home/m2ivi/legrand/Documents/NIHM/uC-sdk/hardware/libhardware.a(gpio.o)
 .text.EXTI0_IRQHandler
                0x0000000008002238       0x1c /home/m2ivi/legrand/Documents/NIHM/uC-sdk/hardware/libhardware.a(gpio.o)
                0x0000000008002238                EXTI0_IRQHandler
 .text.EXTI1_IRQHandler
                0x0000000008002254       0x1c /home/m2ivi/legrand/Documents/NIHM/uC-sdk/hardware/libhardware.a(gpio.o)
                0x0000000008002254                EXTI1_IRQHandler
 .text.EXTI2_IRQHandler
                0x0000000008002270       0x1c /home/m2ivi/legrand/Documents/NIHM/uC-sdk/hardware/libhardware.a(gpio.o)
                0x0000000008002270                EXTI2_IRQHandler
 .text.EXTI3_IRQHandler
                0x000000000800228c       0x1c /home/m2ivi/legrand/Documents/NIHM/uC-sdk/hardware/libhardware.a(gpio.o)
                0x000000000800228c                EXTI3_IRQHandler
 .text.EXTI4_IRQHandler
                0x00000000080022a8       0x1c /home/m2ivi/legrand/Documents/NIHM/uC-sdk/hardware/libhardware.a(gpio.o)
                0x00000000080022a8                EXTI4_IRQHandler
 .text.EXTI9_5_IRQHandler
                0x00000000080022c4       0x6c /home/m2ivi/legrand/Documents/NIHM/uC-sdk/hardware/libhardware.a(gpio.o)
                0x00000000080022c4                EXTI9_5_IRQHandler
 .text.EXTI15_10_IRQHandler
                0x0000000008002330       0x8e /home/m2ivi/legrand/Documents/NIHM/uC-sdk/hardware/libhardware.a(gpio.o)
                0x0000000008002330                EXTI15_10_IRQHandler
 *fill*         0x00000000080023be        0x2 
 .text.call_ssp_callback
                0x00000000080023c0       0x14 /home/m2ivi/legrand/Documents/NIHM/uC-sdk/hardware/libhardware.a(ssp.o)
 .text.ssp_config
                0x00000000080023d4      0x1a0 /home/m2ivi/legrand/Documents/NIHM/uC-sdk/hardware/libhardware.a(ssp.o)
                0x00000000080023d4                ssp_config
 .text.ssp_readwrite
                0x0000000008002574       0x38 /home/m2ivi/legrand/Documents/NIHM/uC-sdk/hardware/libhardware.a(ssp.o)
                0x0000000008002574                ssp_readwrite
 .text.startup.ssp_irq_callback_init
                0x00000000080025ac       0x18 /home/m2ivi/legrand/Documents/NIHM/uC-sdk/hardware/libhardware.a(ssp.o)
 .text.SPI1_IRQHandler
                0x00000000080025c4       0x40 /home/m2ivi/legrand/Documents/NIHM/uC-sdk/hardware/libhardware.a(ssp.o)
                0x00000000080025c4                SPI1_IRQHandler
 .text.SPI2_IRQHandler
                0x0000000008002604       0x44 /home/m2ivi/legrand/Documents/NIHM/uC-sdk/hardware/libhardware.a(ssp.o)
                0x0000000008002604                SPI2_IRQHandler
 .text.SPI3_IRQHandler
                0x0000000008002648       0x44 /home/m2ivi/legrand/Documents/NIHM/uC-sdk/hardware/libhardware.a(ssp.o)
                0x0000000008002648                SPI3_IRQHandler
 .text.SPI4_IRQHandler
                0x000000000800268c       0x44 /home/m2ivi/legrand/Documents/NIHM/uC-sdk/hardware/libhardware.a(ssp.o)
                0x000000000800268c                SPI4_IRQHandler
 .text.SPI5_IRQHandler
                0x00000000080026d0       0x44 /home/m2ivi/legrand/Documents/NIHM/uC-sdk/hardware/libhardware.a(ssp.o)
                0x00000000080026d0                SPI5_IRQHandler
 .text.SPI6_IRQHandler
                0x0000000008002714       0x44 /home/m2ivi/legrand/Documents/NIHM/uC-sdk/hardware/libhardware.a(ssp.o)
                0x0000000008002714                SPI6_IRQHandler
 .text.SVC_Handler
                0x0000000008002758       0x1c /home/m2ivi/legrand/Documents/NIHM/uC-sdk/FreeRTOS/libFreeRTOS.a(port.o)
                0x0000000008002758                SVC_Handler
 .text.vPortYield
                0x0000000008002774       0x18 /home/m2ivi/legrand/Documents/NIHM/uC-sdk/FreeRTOS/libFreeRTOS.a(port.o)
                0x0000000008002774                vPortYield
 .text.ulPortSetInterruptMask
                0x000000000800278c       0x10 /home/m2ivi/legrand/Documents/NIHM/uC-sdk/FreeRTOS/libFreeRTOS.a(port.o)
                0x000000000800278c                ulPortSetInterruptMask
 .text.vPortEnterCritical
                0x000000000800279c       0x1c /home/m2ivi/legrand/Documents/NIHM/uC-sdk/FreeRTOS/libFreeRTOS.a(port.o)
                0x000000000800279c                vPortEnterCritical
 .text.vPortClearInterruptMask
                0x00000000080027b8        0x6 /home/m2ivi/legrand/Documents/NIHM/uC-sdk/FreeRTOS/libFreeRTOS.a(port.o)
                0x00000000080027b8                vPortClearInterruptMask
 *fill*         0x00000000080027be        0x2 
 .text.vPortExitCritical
                0x00000000080027c0       0x14 /home/m2ivi/legrand/Documents/NIHM/uC-sdk/FreeRTOS/libFreeRTOS.a(port.o)
                0x00000000080027c0                vPortExitCritical
 .text.PendSV_Handler
                0x00000000080027d4       0x50 /home/m2ivi/legrand/Documents/NIHM/uC-sdk/FreeRTOS/libFreeRTOS.a(port.o)
                0x00000000080027d4                PendSV_Handler
 .text.SysTick_Handler
                0x0000000008002824       0x24 /home/m2ivi/legrand/Documents/NIHM/uC-sdk/FreeRTOS/libFreeRTOS.a(port.o)
                0x0000000008002824                SysTick_Handler
 .text.prvAddCurrentTaskToDelayedList
                0x0000000008002848       0x50 /home/m2ivi/legrand/Documents/NIHM/uC-sdk/FreeRTOS/libFreeRTOS.a(tasks.o)
 .text.vTaskSuspendAll
                0x0000000008002898       0x10 /home/m2ivi/legrand/Documents/NIHM/uC-sdk/FreeRTOS/libFreeRTOS.a(tasks.o)
                0x0000000008002898                vTaskSuspendAll
 .text.xTaskIncrementTick
                0x00000000080028a8      0x12c /home/m2ivi/legrand/Documents/NIHM/uC-sdk/FreeRTOS/libFreeRTOS.a(tasks.o)
                0x00000000080028a8                xTaskIncrementTick
 .text.xTaskResumeAll
                0x00000000080029d4       0xc8 /home/m2ivi/legrand/Documents/NIHM/uC-sdk/FreeRTOS/libFreeRTOS.a(tasks.o)
                0x00000000080029d4                xTaskResumeAll
 .text.vTaskSwitchContext
                0x0000000008002a9c       0xac /home/m2ivi/legrand/Documents/NIHM/uC-sdk/FreeRTOS/libFreeRTOS.a(tasks.o)
                0x0000000008002a9c                vTaskSwitchContext
 .text.vTaskPlaceOnEventList
                0x0000000008002b48       0x4c /home/m2ivi/legrand/Documents/NIHM/uC-sdk/FreeRTOS/libFreeRTOS.a(tasks.o)
                0x0000000008002b48                vTaskPlaceOnEventList
 .text.xTaskRemoveFromEventList
                0x0000000008002b94       0x74 /home/m2ivi/legrand/Documents/NIHM/uC-sdk/FreeRTOS/libFreeRTOS.a(tasks.o)
                0x0000000008002b94                xTaskRemoveFromEventList
 .text.vTaskSetTimeOutState
                0x0000000008002c08       0x20 /home/m2ivi/legrand/Documents/NIHM/uC-sdk/FreeRTOS/libFreeRTOS.a(tasks.o)
                0x0000000008002c08                vTaskSetTimeOutState
 .text.xTaskCheckForTimeOut
                0x0000000008002c28       0x5c /home/m2ivi/legrand/Documents/NIHM/uC-sdk/FreeRTOS/libFreeRTOS.a(tasks.o)
                0x0000000008002c28                xTaskCheckForTimeOut
 .text.vTaskMissedYield
                0x0000000008002c84        0xc /home/m2ivi/legrand/Documents/NIHM/uC-sdk/FreeRTOS/libFreeRTOS.a(tasks.o)
                0x0000000008002c84                vTaskMissedYield
 .text.vTaskPriorityDisinherit
                0x0000000008002c90       0x48 /home/m2ivi/legrand/Documents/NIHM/uC-sdk/FreeRTOS/libFreeRTOS.a(tasks.o)
                0x0000000008002c90                vTaskPriorityDisinherit
 .text.pvPortMalloc
                0x0000000008002cd8       0x20 /home/m2ivi/legrand/Documents/NIHM/uC-sdk/FreeRTOS/libFreeRTOS.a(heap_3.o)
                0x0000000008002cd8                pvPortMalloc
 .text.vListInitialise
                0x0000000008002cf8       0x16 /home/m2ivi/legrand/Documents/NIHM/uC-sdk/FreeRTOS/libFreeRTOS.a(list.o)
                0x0000000008002cf8                vListInitialise
 .text.vListInsertEnd
                0x0000000008002d0e       0x18 /home/m2ivi/legrand/Documents/NIHM/uC-sdk/FreeRTOS/libFreeRTOS.a(list.o)
                0x0000000008002d0e                vListInsertEnd
 .text.vListInsert
                0x0000000008002d26       0x30 /home/m2ivi/legrand/Documents/NIHM/uC-sdk/FreeRTOS/libFreeRTOS.a(list.o)
                0x0000000008002d26                vListInsert
 .text.uxListRemove
                0x0000000008002d56       0x24 /home/m2ivi/legrand/Documents/NIHM/uC-sdk/FreeRTOS/libFreeRTOS.a(list.o)
                0x0000000008002d56                uxListRemove
 .text.prvUnlockQueue
                0x0000000008002d7a       0x64 /home/m2ivi/legrand/Documents/NIHM/uC-sdk/FreeRTOS/libFreeRTOS.a(queue.o)
 .text.prvCopyDataToQueue
                0x0000000008002dde       0x80 /home/m2ivi/legrand/Documents/NIHM/uC-sdk/FreeRTOS/libFreeRTOS.a(queue.o)
 .text.xQueueGenericSend
                0x0000000008002e5e       0xf8 /home/m2ivi/legrand/Documents/NIHM/uC-sdk/FreeRTOS/libFreeRTOS.a(queue.o)
                0x0000000008002e5e                xQueueGenericSend
 .text.xQueueCreateMutex
                0x0000000008002f56       0x4a /home/m2ivi/legrand/Documents/NIHM/uC-sdk/FreeRTOS/libFreeRTOS.a(queue.o)
                0x0000000008002f56                xQueueCreateMutex
 .text.BoardConsoleInit
                0x0000000008002fa0       0x32 /home/m2ivi/legrand/Documents/NIHM/uC-sdk/arch/libarch.a(BoardConsole.o)
                0x0000000008002fa0                BoardConsoleInit
 .text.BoardConsolePutc
                0x0000000008002fd2       0x2a /home/m2ivi/legrand/Documents/NIHM/uC-sdk/arch/libarch.a(BoardConsole.o)
                0x0000000008002fd2                BoardConsolePutc
 .text.BoardConsolePuts
                0x0000000008002ffc       0x24 /home/m2ivi/legrand/Documents/NIHM/uC-sdk/arch/libarch.a(BoardConsole.o)
                0x0000000008002ffc                BoardConsolePuts
 .text.vApplicationTickHook
                0x0000000008003020        0x2 /home/m2ivi/legrand/Documents/NIHM/uC-sdk/os/libos.a(hooks.o)
                0x0000000008003020                vApplicationTickHook
 .text.vApplicationStackOverflowHook
                0x0000000008003022        0x2 /home/m2ivi/legrand/Documents/NIHM/uC-sdk/os/libos.a(hooks.o)
                0x0000000008003022                vApplicationStackOverflowHook
 .text.base_malloc
                0x0000000008003024       0xbc /home/m2ivi/legrand/Documents/NIHM/uC-sdk/libc/libc.a(malloc.o)
                0x0000000008003024                base_malloc
 .text.uart_config
                0x00000000080030e0       0xd0 /home/m2ivi/legrand/Documents/NIHM/uC-sdk/hardware/libhardware.a(uart.o)
                0x00000000080030e0                uart_config
 .text.uart_send_char
                0x00000000080031b0       0x28 /home/m2ivi/legrand/Documents/NIHM/uC-sdk/hardware/libhardware.a(uart.o)
                0x00000000080031b0                uart_send_char
 .text.startup.fs_init
                0x00000000080031d8       0x14 /home/m2ivi/legrand/Documents/NIHM/uC-sdk/os/libos.a(filesystem.o)
                0x00000000080031d8                fs_init
 .text.stdin_read
                0x00000000080031ec        0x4 /home/m2ivi/legrand/Documents/NIHM/uC-sdk/os/libos.a(fio.o)
 .text.stdout_write
                0x00000000080031f0       0x1a /home/m2ivi/legrand/Documents/NIHM/uC-sdk/os/libos.a(fio.o)
 *fill*         0x000000000800320a        0x2 
 .text.startup.fio_init
                0x000000000800320c       0x38 /home/m2ivi/legrand/Documents/NIHM/uC-sdk/os/libos.a(fio.o)
 .text.sbrk     0x0000000008003244       0x38 /home/m2ivi/legrand/Documents/NIHM/uC-sdk/os/libos.a(sbrk.o)
                0x0000000008003244                sbrk
 *(.plt)
 *(.gnu.warning)
 *(.glue_7t)
 .glue_7t       0x000000000800327c        0x0 linker stubs
 *(.glue_7)
 .glue_7        0x000000000800327c        0x0 linker stubs
 *(.vfp11_veneer)
 .vfp11_veneer  0x000000000800327c        0x0 linker stubs
 *(.rodata .rodata.* .gnu.linkonce.r.*)
 .rodata.str1.1
                0x000000000800327c       0x36 /home/m2ivi/legrand/Documents/NIHM/uC-sdk/os/libos.a(init.o)
 *fill*         0x00000000080032b2        0x2 
 .rodata.stm32f4xx_gpio_ports
                0x00000000080032b4       0x2c /home/m2ivi/legrand/Documents/NIHM/uC-sdk/hardware/libhardware.a(gpio.o)
                0x00000000080032b4                stm32f4xx_gpio_ports
 .rodata.spis   0x00000000080032e0       0x1c /home/m2ivi/legrand/Documents/NIHM/uC-sdk/hardware/libhardware.a(ssp.o)
 .rodata.ucExpectedStackBytes.8594
                0x00000000080032fc       0x14 /home/m2ivi/legrand/Documents/NIHM/uC-sdk/FreeRTOS/libFreeRTOS.a(tasks.o)
 .rodata.uarts  0x0000000008003310       0x24 /home/m2ivi/legrand/Documents/NIHM/uC-sdk/hardware/libhardware.a(uart.o)
 *(.ARM.extab* .gnu.linkonce.armextab.*)
 *(.gcc_except_table)
 *(.eh_frame_hdr)
 *(.eh_frame)
 .eh_frame      0x0000000008003334        0x0 /usr/lib/gcc/arm-none-eabi/4.9.3/armv7e-m/fpu/crtbegin.o
                0x0000000008003340                . = ALIGN (0x10)
 *fill*         0x0000000008003334        0xc 
 *(.init)
 .init          0x0000000008003340        0x4 /usr/lib/gcc/arm-none-eabi/4.9.3/armv7e-m/fpu/crti.o
                0x0000000008003340                _init
 .init          0x0000000008003344        0x8 /usr/lib/gcc/arm-none-eabi/4.9.3/armv7e-m/fpu/crtn.o
                0x0000000008003350                . = ALIGN (0x10)
 *fill*         0x000000000800334c        0x4 
                0x0000000008003350                __preinit_array_start = .
 *(.preinit_array)
                0x0000000008003350                __preinit_array_end = .
                0x0000000008003350                . = ALIGN (0x10)
                0x0000000008003350                __init_array_start = .
 *(SORT(.init_array.*))
 *(.init_array)
 .init_array    0x0000000008003350        0x4 /usr/lib/gcc/arm-none-eabi/4.9.3/armv7e-m/fpu/crtbegin.o
 .init_array    0x0000000008003354        0x4 /home/m2ivi/legrand/Documents/NIHM/uC-sdk/libc/libc.a(reent.o)
 .init_array    0x0000000008003358        0x4 /home/m2ivi/legrand/Documents/NIHM/uC-sdk/hardware/libhardware.a(gpio.o)
 .init_array    0x000000000800335c        0x4 /home/m2ivi/legrand/Documents/NIHM/uC-sdk/hardware/libhardware.a(ssp.o)
 .init_array    0x0000000008003360        0x4 /home/m2ivi/legrand/Documents/NIHM/uC-sdk/os/libos.a(filesystem.o)
 .init_array    0x0000000008003364        0x4 /home/m2ivi/legrand/Documents/NIHM/uC-sdk/os/libos.a(fio.o)
                0x0000000008003368                __init_array_end = .
                0x0000000008003370                . = ALIGN (0x10)
 *fill*         0x0000000008003368        0x8 
 *crtbegin.o(.ctors)
 *(EXCLUDE_FILE(*crtend.o) .ctors)
 *(SORT(.ctors.*))
 *crtend.o(.ctors)
                0x0000000008003370                . = ALIGN (0x10)
 *(.fini)
 .fini          0x0000000008003370        0x4 /usr/lib/gcc/arm-none-eabi/4.9.3/armv7e-m/fpu/crti.o
                0x0000000008003370                _fini
 .fini          0x0000000008003374        0x8 /usr/lib/gcc/arm-none-eabi/4.9.3/armv7e-m/fpu/crtn.o
                0x0000000008003380                . = ALIGN (0x10)
 *fill*         0x000000000800337c        0x4 
                0x0000000008003380                __fini_array_start = .
 *(.fini_array)
 .fini_array    0x0000000008003380        0x4 /usr/lib/gcc/arm-none-eabi/4.9.3/armv7e-m/fpu/crtbegin.o
 *(SORT(.fini_array.*))
                0x0000000008003384                __fini_array_end = .
 *crtbegin.o(.dtors)
 *(EXCLUDE_FILE(*crtend.o) .dtors)
 *(SORT(.dtors.*))
 *crtend.o(.dtors)
                0x0000000008003390                . = ALIGN (0x10)
 *fill*         0x0000000008003384        0xc 
                0x0000000008003390                __cs3_regions = .
                0x0000000008003390        0x4 LONG 0x0
                0x0000000008003394        0x4 LONG 0x80033c0 __cs3_region_init_ram
                0x0000000008003398        0x4 LONG 0x20000000 __cs3_region_start_ram
                0x000000000800339c        0x4 LONG 0x200 __cs3_region_init_size_ram
                0x00000000080033a0        0x4 LONG 0x640 __cs3_region_zero_size_ram
                0x00000000080033b0                . = ALIGN (0x10)
 *fill*         0x00000000080033a4        0xc 
 *(.romfs.data)
                0x00000000080033b0                __exidx_start = .

.v4_bx          0x00000000080033b0        0x0
 .v4_bx         0x00000000080033b0        0x0 linker stubs

.iplt           0x00000000080033b0        0x0
 .iplt          0x00000000080033b0        0x0 /usr/lib/gcc/arm-none-eabi/4.9.3/armv7e-m/fpu/crtbegin.o

.ARM.exidx      0x00000000080033b0        0x8
 *(.ARM.exidx* .gnu.linkonce.armexidx.*)
 .ARM.exidx.cs3.reset
                0x00000000080033b0        0x8 /home/m2ivi/legrand/Documents/NIHM/uC-sdk/arch/libarch.a(startup.o)
                0x00000000080033b8                __exidx_end = .

.rel.dyn        0x00000000080033b8        0x0
 .rel.iplt      0x00000000080033b8        0x0 /usr/lib/gcc/arm-none-eabi/4.9.3/armv7e-m/fpu/crtbegin.o

.text.align     0x00000000080033b8        0x0
                0x00000000080033b8                . = ALIGN (0x8)
                0x00000000080033b8                _etext = .
                0x0000000000100000                __cs3_region_size_rom = LENGTH (rom)
                0x0000000000000001                __cs3_region_num = 0x1

.data_begin     0x00000000080033b8        0x8
                0x00000000080033c0                . = ALIGN (0x20)
 *fill*         0x00000000080033b8        0x8 
                0x00000000080033c0                __rom_data_begin = .

.data           0x0000000020000000      0x200 load address 0x00000000080033c0
                0x0000000020000000                __cs3_region_start_ram = .
                0x0000000020000000                __ram_data_begin = .
                0x0000000020000000                __privileged_data_start__ = .
                0x0000000020000000                __cs3_interrupt_vector_mutable = __cs3_interrupt_vector_cortex_m_mutable
 *(.cs3.interrupt_vector_mutable)
 .cs3.interrupt_vector_mutable
                0x0000000020000000      0x1ac /home/m2ivi/legrand/Documents/NIHM/uC-sdk/arch/libarch.a(startup.o)
                0x0000000020000000                __cs3_interrupt_vector_cortex_m_mutable
                0x0000000000000001                ASSERT ((. != __cs3_interrupt_vector_cortex_m_mutable), No interrupt vector mutable table)
 *(privileged_data)
                0x00000000200001ac                __privileged_data_end__ = .
 *(.cs3.region-head.ram)
 *(.jcr)
 .jcr           0x00000000200001ac        0x0 /usr/lib/gcc/arm-none-eabi/4.9.3/armv7e-m/fpu/crtbegin.o
 .jcr           0x00000000200001ac        0x4 /usr/lib/gcc/arm-none-eabi/4.9.3/armv7e-m/fpu/crtend.o
 *(.got.plt)
 *(.got)
 *(.shdata)
 *(.data .data.* .gnu.linkonce.d.*)
 .data.SystemCoreClock
                0x00000000200001b0        0x4 /home/m2ivi/legrand/Documents/NIHM/uC-sdk/arch/libarch.a(system_stm32f4xx.o)
                0x00000000200001b0                SystemCoreClock
 .data.APBAHBPrescTable
                0x00000000200001b4       0x10 /home/m2ivi/legrand/Documents/NIHM/uC-sdk/arch/libarch.a(stm32f4xx_rcc.o)
 .data.stdin    0x00000000200001c4        0x4 /home/m2ivi/legrand/Documents/NIHM/uC-sdk/libc/libc.a(stdio.o)
                0x00000000200001c4                stdin
 .data.stdout   0x00000000200001c8        0x4 /home/m2ivi/legrand/Documents/NIHM/uC-sdk/libc/libc.a(stdio.o)
                0x00000000200001c8                stdout
 .data.stderr   0x00000000200001cc        0x4 /home/m2ivi/legrand/Documents/NIHM/uC-sdk/libc/libc.a(stdio.o)
                0x00000000200001cc                stderr
 .data._impure_ptr
                0x00000000200001d0        0x4 /home/m2ivi/legrand/Documents/NIHM/uC-sdk/libc/libc.a(reent.o)
                0x00000000200001d0                _impure_ptr
 .data.uxCriticalNesting
                0x00000000200001d4        0x4 /home/m2ivi/legrand/Documents/NIHM/uC-sdk/FreeRTOS/libFreeRTOS.a(port.o)
 .data.xNextTaskUnblockTime
                0x00000000200001d8        0x4 /home/m2ivi/legrand/Documents/NIHM/uC-sdk/FreeRTOS/libFreeRTOS.a(tasks.o)
 .data.malloc   0x00000000200001dc        0x4 /home/m2ivi/legrand/Documents/NIHM/uC-sdk/libc/libc.a(malloc.o)
                0x00000000200001dc                malloc
 .data.heap_end
                0x00000000200001e0        0x4 /home/m2ivi/legrand/Documents/NIHM/uC-sdk/os/libos.a(sbrk.o)
 *(.ram)
                0x0000000020000200                . = ALIGN (0x20)
 *fill*         0x00000000200001e4       0x1c 
                0x0000000020000200                _edata = .

.tm_clone_table
                0x0000000020000200        0x0 load address 0x00000000080035c0
 .tm_clone_table
                0x0000000020000200        0x0 /usr/lib/gcc/arm-none-eabi/4.9.3/armv7e-m/fpu/crtbegin.o
 .tm_clone_table
                0x0000000020000200        0x0 /usr/lib/gcc/arm-none-eabi/4.9.3/armv7e-m/fpu/crtend.o

.igot.plt       0x0000000020000200        0x0 load address 0x00000000080035c0
 .igot.plt      0x0000000020000200        0x0 /usr/lib/gcc/arm-none-eabi/4.9.3/armv7e-m/fpu/crtbegin.o

.data_end       0x00000000080035c0        0x0
                0x00000000080035c0                . = ALIGN (0x20)
                0x00000000080035c0                __rom_data_end = .

.bss            0x0000000020000200      0x640
                0x0000000020000200                . = ALIGN (0x20)
                0x0000000020000200                __bss_ram_begin = .
 *(.shbss)
 *(.bss .bss.* .gnu.linkonce.b.*)
 .bss           0x0000000020000200       0x1c /usr/lib/gcc/arm-none-eabi/4.9.3/armv7e-m/fpu/crtbegin.o
 .bss.atexit_funcs
                0x000000002000021c       0x80 /home/m2ivi/legrand/Documents/NIHM/uC-sdk/libc/libc.a(initfini.o)
 .bss.atexit_args
                0x000000002000029c       0x80 /home/m2ivi/legrand/Documents/NIHM/uC-sdk/libc/libc.a(initfini.o)
 .bss.atexit_count
                0x000000002000031c        0x1 /home/m2ivi/legrand/Documents/NIHM/uC-sdk/libc/libc.a(initfini.o)
 *fill*         0x000000002000031d        0x3 
 .bss._stdin    0x0000000020000320        0xc /home/m2ivi/legrand/Documents/NIHM/uC-sdk/libc/libc.a(stdio.o)
 .bss._stderr   0x000000002000032c        0xc /home/m2ivi/legrand/Documents/NIHM/uC-sdk/libc/libc.a(stdio.o)
 .bss._stdout   0x0000000020000338        0xc /home/m2ivi/legrand/Documents/NIHM/uC-sdk/libc/libc.a(stdio.o)
 .bss.main_thread
                0x0000000020000344        0x1 /home/m2ivi/legrand/Documents/NIHM/uC-sdk/libc/libc.a(reent.o)
 *fill*         0x0000000020000345        0x3 
 .bss.exti_irq_callback
                0x0000000020000348       0x40 /home/m2ivi/legrand/Documents/NIHM/uC-sdk/hardware/libhardware.a(gpio.o)
 .bss.irq_ssp_callback
                0x0000000020000388       0x30 /home/m2ivi/legrand/Documents/NIHM/uC-sdk/hardware/libhardware.a(ssp.o)
 .bss.xSuspendedTaskList
                0x00000000200003b8       0x14 /home/m2ivi/legrand/Documents/NIHM/uC-sdk/FreeRTOS/libFreeRTOS.a(tasks.o)
 .bss.pxDelayedTaskList
                0x00000000200003cc        0x4 /home/m2ivi/legrand/Documents/NIHM/uC-sdk/FreeRTOS/libFreeRTOS.a(tasks.o)
 .bss.uxPendedTicks
                0x00000000200003d0        0x4 /home/m2ivi/legrand/Documents/NIHM/uC-sdk/FreeRTOS/libFreeRTOS.a(tasks.o)
 .bss.pxReadyTasksLists
                0x00000000200003d4       0x64 /home/m2ivi/legrand/Documents/NIHM/uC-sdk/FreeRTOS/libFreeRTOS.a(tasks.o)
 .bss.uxSchedulerSuspended
                0x0000000020000438        0x4 /home/m2ivi/legrand/Documents/NIHM/uC-sdk/FreeRTOS/libFreeRTOS.a(tasks.o)
 .bss.xNumOfOverflows
                0x000000002000043c        0x4 /home/m2ivi/legrand/Documents/NIHM/uC-sdk/FreeRTOS/libFreeRTOS.a(tasks.o)
 .bss.pxCurrentTCB
                0x0000000020000440        0x4 /home/m2ivi/legrand/Documents/NIHM/uC-sdk/FreeRTOS/libFreeRTOS.a(tasks.o)
                0x0000000020000440                pxCurrentTCB
 .bss.xPendingReadyList
                0x0000000020000444       0x14 /home/m2ivi/legrand/Documents/NIHM/uC-sdk/FreeRTOS/libFreeRTOS.a(tasks.o)
 .bss.xTickCount
                0x0000000020000458        0x4 /home/m2ivi/legrand/Documents/NIHM/uC-sdk/FreeRTOS/libFreeRTOS.a(tasks.o)
 .bss.pxOverflowDelayedTaskList
                0x000000002000045c        0x4 /home/m2ivi/legrand/Documents/NIHM/uC-sdk/FreeRTOS/libFreeRTOS.a(tasks.o)
 .bss.uxCurrentNumberOfTasks
                0x0000000020000460        0x4 /home/m2ivi/legrand/Documents/NIHM/uC-sdk/FreeRTOS/libFreeRTOS.a(tasks.o)
 .bss.uxTopReadyPriority
                0x0000000020000464        0x4 /home/m2ivi/legrand/Documents/NIHM/uC-sdk/FreeRTOS/libFreeRTOS.a(tasks.o)
 .bss.xYieldPending
                0x0000000020000468        0x4 /home/m2ivi/legrand/Documents/NIHM/uC-sdk/FreeRTOS/libFreeRTOS.a(tasks.o)
 .bss.head      0x000000002000046c        0x4 /home/m2ivi/legrand/Documents/NIHM/uC-sdk/libc/libc.a(malloc.o)
 .bss.tail      0x0000000020000470        0x4 /home/m2ivi/legrand/Documents/NIHM/uC-sdk/libc/libc.a(malloc.o)
 .bss.heap_base
                0x0000000020000474        0x4 /home/m2ivi/legrand/Documents/NIHM/uC-sdk/libc/libc.a(malloc.o)
 .bss.errno     0x0000000020000478        0x1 /home/m2ivi/legrand/Documents/NIHM/uC-sdk/libc/libc.a(errno.o)
                0x0000000020000478                errno
 *fill*         0x0000000020000479        0x3 
 .bss.fss       0x000000002000047c       0xc0 /home/m2ivi/legrand/Documents/NIHM/uC-sdk/os/libos.a(filesystem.o)
 .bss.fio_fds   0x000000002000053c      0x300 /home/m2ivi/legrand/Documents/NIHM/uC-sdk/os/libos.a(fio.o)
 .bss.fio_sem   0x000000002000083c        0x4 /home/m2ivi/legrand/Documents/NIHM/uC-sdk/os/libos.a(fio.o)
 *(COMMON)
 *(.ram.b)
                0x0000000020000840                . = ALIGN (0x20)
                0x0000000020000840                __bss_ram_end = .
                0x0000000020000840                _end = .
                0x0000000020000840                __end = .

.heap           0x0000000020000840     0x1000
 *(.heap)
 .heap          0x0000000020000840     0x1000 /home/m2ivi/legrand/Documents/NIHM/uC-sdk/arch/libarch.a(startup.o)
                0x0000000020000840                __cs3_heap_start
                0x0000000020001840                __cs3_heap_end

.stack          0x000000002001bf00      0x100
 *(.stack)
 .stack         0x000000002001bf00      0x100 /home/m2ivi/legrand/Documents/NIHM/uC-sdk/arch/libarch.a(startup.o)
                0x000000002001bf00                __stack_start
                0x000000002001bf00                __cs3_stack_mem
                0x000000002001c000                _estack = .
                [!provide]                        PROVIDE (estack, .)
                0x00000000080033c0                __cs3_region_init_ram = LOADADDR (.data)
                0x0000000000000200                __cs3_region_init_size_ram = (_edata - __cs3_region_start_ram)
                0x0000000000000640                __cs3_region_zero_size_ram = (_end - _edata)
                0x000000000001c000                __cs3_region_size_ram = LENGTH (ram)
                0x0000000000000001                __cs3_region_num = 0x1

.stab
 *(.stab)

.stabstr
 *(.stabstr)

.debug
 *(.debug)

.line
 *(.line)

.debug_srcinfo
 *(.debug_srcinfo)

.debug_sfnames
 *(.debug_sfnames)

.debug_aranges  0x0000000000000000     0x1e30
 *(.debug_aranges)
 .debug_aranges
                0x0000000000000000       0x20 /usr/lib/gcc/arm-none-eabi/4.9.3/../../../arm-none-eabi/lib/armv7e-m/fpu/crt0.o
 .debug_aranges
                0x0000000000000020       0x28 tp1.o
 .debug_aranges
                0x0000000000000048       0x28 /home/m2ivi/legrand/Documents/NIHM/uC-sdk/arch/libarch.a(startup.o)
 .debug_aranges
                0x0000000000000070       0x20 /home/m2ivi/legrand/Documents/NIHM/uC-sdk/arch/libarch.a(handlers.o)
 .debug_aranges
                0x0000000000000090       0x38 /home/m2ivi/legrand/Documents/NIHM/uC-sdk/arch/libarch.a(init.o)
 .debug_aranges
                0x00000000000000c8       0x40 /home/m2ivi/legrand/Documents/NIHM/uC-sdk/arch/libarch.a(BoardInit.o)
 .debug_aranges
                0x0000000000000108       0x28 /home/m2ivi/legrand/Documents/NIHM/uC-sdk/arch/libarch.a(system_stm32f4xx.o)
 .debug_aranges
                0x0000000000000130      0x148 /home/m2ivi/legrand/Documents/NIHM/uC-sdk/arch/libarch.a(stm32f4xx_adc.o)
 .debug_aranges
                0x0000000000000278       0xd8 /home/m2ivi/legrand/Documents/NIHM/uC-sdk/arch/libarch.a(stm32f4xx_can.o)
 .debug_aranges
                0x0000000000000350       0xb0 /home/m2ivi/legrand/Documents/NIHM/uC-sdk/arch/libarch.a(stm32f4xx_cryp.o)
 .debug_aranges
                0x0000000000000400       0xa0 /home/m2ivi/legrand/Documents/NIHM/uC-sdk/arch/libarch.a(stm32f4xx_dac.o)
 .debug_aranges
                0x00000000000004a0       0x90 /home/m2ivi/legrand/Documents/NIHM/uC-sdk/arch/libarch.a(stm32f4xx_dcmi.o)
 .debug_aranges
                0x0000000000000530       0xb0 /home/m2ivi/legrand/Documents/NIHM/uC-sdk/arch/libarch.a(stm32f4xx_dma.o)
 .debug_aranges
                0x00000000000005e0       0xb0 /home/m2ivi/legrand/Documents/NIHM/uC-sdk/arch/libarch.a(stm32f4xx_dma2d.o)
 .debug_aranges
                0x0000000000000690       0x58 /home/m2ivi/legrand/Documents/NIHM/uC-sdk/arch/libarch.a(stm32f4xx_exti.o)
 .debug_aranges
                0x00000000000006e8       0x88 /home/m2ivi/legrand/Documents/NIHM/uC-sdk/arch/libarch.a(stm32f4xx_gpio.o)
 .debug_aranges
                0x0000000000000770       0xa8 /home/m2ivi/legrand/Documents/NIHM/uC-sdk/arch/libarch.a(stm32f4xx_hash.o)
 .debug_aranges
                0x0000000000000818      0x130 /home/m2ivi/legrand/Documents/NIHM/uC-sdk/arch/libarch.a(stm32f4xx_i2c.o)
 .debug_aranges
                0x0000000000000948      0x108 /home/m2ivi/legrand/Documents/NIHM/uC-sdk/arch/libarch.a(stm32f4xx_ltdc.o)
 .debug_aranges
                0x0000000000000a50       0xa8 /home/m2ivi/legrand/Documents/NIHM/uC-sdk/arch/libarch.a(stm32f4xx_pwr.o)
 .debug_aranges
                0x0000000000000af8      0x1c0 /home/m2ivi/legrand/Documents/NIHM/uC-sdk/arch/libarch.a(stm32f4xx_rcc.o)
 .debug_aranges
                0x0000000000000cb8       0x58 /home/m2ivi/legrand/Documents/NIHM/uC-sdk/arch/libarch.a(stm32f4xx_rng.o)
 .debug_aranges
                0x0000000000000d10      0x1e0 /home/m2ivi/legrand/Documents/NIHM/uC-sdk/arch/libarch.a(stm32f4xx_rtc.o)
 .debug_aranges
                0x0000000000000ef0      0x108 /home/m2ivi/legrand/Documents/NIHM/uC-sdk/arch/libarch.a(stm32f4xx_sdio.o)
 .debug_aranges
                0x0000000000000ff8       0xe0 /home/m2ivi/legrand/Documents/NIHM/uC-sdk/arch/libarch.a(stm32f4xx_spi.o)
 .debug_aranges
                0x00000000000010d8       0x50 /home/m2ivi/legrand/Documents/NIHM/uC-sdk/arch/libarch.a(stm32f4xx_syscfg.o)
 .debug_aranges
                0x0000000000001128      0x2e8 /home/m2ivi/legrand/Documents/NIHM/uC-sdk/arch/libarch.a(stm32f4xx_tim.o)
 .debug_aranges
                0x0000000000001410      0x100 /home/m2ivi/legrand/Documents/NIHM/uC-sdk/arch/libarch.a(stm32f4xx_usart.o)
 .debug_aranges
                0x0000000000001510       0x58 /home/m2ivi/legrand/Documents/NIHM/uC-sdk/arch/libarch.a(stm32f4xx_wwdg.o)
 .debug_aranges
                0x0000000000001568       0x40 /home/m2ivi/legrand/Documents/NIHM/uC-sdk/arch/libarch.a(misc.o)
 .debug_aranges
                0x00000000000015a8       0x38 /home/m2ivi/legrand/Documents/NIHM/uC-sdk/os/libos.a(init.o)
 .debug_aranges
                0x00000000000015e0       0x40 /home/m2ivi/legrand/Documents/NIHM/uC-sdk/libc/libc.a(initfini.o)
 .debug_aranges
                0x0000000000001620       0x20 /home/m2ivi/legrand/Documents/NIHM/uC-sdk/libc/libc.a(stdio.o)
 .debug_aranges
                0x0000000000001640       0x20 /home/m2ivi/legrand/Documents/NIHM/uC-sdk/libc/libc.a(reent.o)
 .debug_aranges
                0x0000000000001660       0x98 /home/m2ivi/legrand/Documents/NIHM/uC-sdk/hardware/libhardware.a(gpio.o)
 .debug_aranges
                0x00000000000016f8       0x90 /home/m2ivi/legrand/Documents/NIHM/uC-sdk/hardware/libhardware.a(ssp.o)
 .debug_aranges
                0x0000000000001788       0x98 /home/m2ivi/legrand/Documents/NIHM/uC-sdk/FreeRTOS/libFreeRTOS.a(port.o)
 .debug_aranges
                0x0000000000001820      0x110 /home/m2ivi/legrand/Documents/NIHM/uC-sdk/FreeRTOS/libFreeRTOS.a(tasks.o)
 .debug_aranges
                0x0000000000001930       0x60 /home/m2ivi/legrand/Documents/NIHM/uC-sdk/FreeRTOS/libFreeRTOS.a(timers.o)
 .debug_aranges
                0x0000000000001990       0x28 /home/m2ivi/legrand/Documents/NIHM/uC-sdk/FreeRTOS/libFreeRTOS.a(heap_3.o)
 .debug_aranges
                0x00000000000019b8       0x40 /home/m2ivi/legrand/Documents/NIHM/uC-sdk/FreeRTOS/libFreeRTOS.a(list.o)
 .debug_aranges
                0x00000000000019f8       0xd0 /home/m2ivi/legrand/Documents/NIHM/uC-sdk/FreeRTOS/libFreeRTOS.a(queue.o)
 .debug_aranges
                0x0000000000001ac8       0x48 /home/m2ivi/legrand/Documents/NIHM/uC-sdk/arch/libarch.a(BoardConsole.o)
 .debug_aranges
                0x0000000000001b10       0x38 /home/m2ivi/legrand/Documents/NIHM/uC-sdk/os/libos.a(hooks.o)
 .debug_aranges
                0x0000000000001b48       0x30 /home/m2ivi/legrand/Documents/NIHM/uC-sdk/libc/libc.a(malloc.o)
 .debug_aranges
                0x0000000000001b78       0x60 /home/m2ivi/legrand/Documents/NIHM/uC-sdk/libc/libc.a(xprintf.o)
 .debug_aranges
                0x0000000000001bd8       0x48 /home/m2ivi/legrand/Documents/NIHM/uC-sdk/libc/libc.a(unistd.o)
 .debug_aranges
                0x0000000000001c20       0x18 /home/m2ivi/legrand/Documents/NIHM/uC-sdk/libc/libc.a(errno.o)
 .debug_aranges
                0x0000000000001c38       0x30 /home/m2ivi/legrand/Documents/NIHM/uC-sdk/hardware/libhardware.a(uart.o)
 .debug_aranges
                0x0000000000001c68       0x30 /home/m2ivi/legrand/Documents/NIHM/uC-sdk/os/libos.a(filesystem.o)
 .debug_aranges
                0x0000000000001c98       0xa8 /home/m2ivi/legrand/Documents/NIHM/uC-sdk/os/libos.a(fio.o)
 .debug_aranges
                0x0000000000001d40       0x20 /home/m2ivi/legrand/Documents/NIHM/uC-sdk/os/libos.a(hash-djb2.o)
 .debug_aranges
                0x0000000000001d60       0x20 /home/m2ivi/legrand/Documents/NIHM/uC-sdk/os/libos.a(sbrk.o)
 .debug_aranges
                0x0000000000001d80       0x30 /home/m2ivi/legrand/Documents/NIHM/uC-sdk/os/libos.a(devfs.o)
 .debug_aranges
                0x0000000000001db0       0x20 /usr/lib/gcc/arm-none-eabi/4.9.3/armv7e-m/fpu/libgcc.a(_arm_addsubdf3.o)
 .debug_aranges
                0x0000000000001dd0       0x20 /usr/lib/gcc/arm-none-eabi/4.9.3/armv7e-m/fpu/libgcc.a(_arm_muldivdf3.o)
 .debug_aranges
                0x0000000000001df0       0x20 /usr/lib/gcc/arm-none-eabi/4.9.3/armv7e-m/fpu/libgcc.a(_arm_cmpdf2.o)
 .debug_aranges
                0x0000000000001e10       0x20 /usr/lib/gcc/arm-none-eabi/4.9.3/armv7e-m/fpu/libgcc.a(_arm_fixdfsi.o)

.debug_pubnames
 *(.debug_pubnames)

.debug_info     0x0000000000000000    0x2026e
 *(.debug_info .gnu.linkonce.wi.*)
 .debug_info    0x0000000000000000       0xb0 /usr/lib/gcc/arm-none-eabi/4.9.3/../../../arm-none-eabi/lib/armv7e-m/fpu/crt0.o
 .debug_info    0x00000000000000b0      0x7c3 tp1.o
 .debug_info    0x0000000000000873       0x69 /home/m2ivi/legrand/Documents/NIHM/uC-sdk/arch/libarch.a(startup.o)
 .debug_info    0x00000000000008dc      0x489 /home/m2ivi/legrand/Documents/NIHM/uC-sdk/arch/libarch.a(handlers.o)
 .debug_info    0x0000000000000d65     0x1143 /home/m2ivi/legrand/Documents/NIHM/uC-sdk/arch/libarch.a(init.o)
 .debug_info    0x0000000000001ea8      0x167 /home/m2ivi/legrand/Documents/NIHM/uC-sdk/arch/libarch.a(BoardInit.o)
 .debug_info    0x000000000000200f      0x5fc /home/m2ivi/legrand/Documents/NIHM/uC-sdk/arch/libarch.a(system_stm32f4xx.o)
 .debug_info    0x000000000000260b      0xc8a /home/m2ivi/legrand/Documents/NIHM/uC-sdk/arch/libarch.a(stm32f4xx_adc.o)
 .debug_info    0x0000000000003295      0xc8e /home/m2ivi/legrand/Documents/NIHM/uC-sdk/arch/libarch.a(stm32f4xx_can.o)
 .debug_info    0x0000000000003f23      0x8ba /home/m2ivi/legrand/Documents/NIHM/uC-sdk/arch/libarch.a(stm32f4xx_cryp.o)
 .debug_info    0x00000000000047dd      0x694 /home/m2ivi/legrand/Documents/NIHM/uC-sdk/arch/libarch.a(stm32f4xx_dac.o)
 .debug_info    0x0000000000004e71      0x54e /home/m2ivi/legrand/Documents/NIHM/uC-sdk/arch/libarch.a(stm32f4xx_dcmi.o)
 .debug_info    0x00000000000053bf      0x73d /home/m2ivi/legrand/Documents/NIHM/uC-sdk/arch/libarch.a(stm32f4xx_dma.o)
 .debug_info    0x0000000000005afc      0x872 /home/m2ivi/legrand/Documents/NIHM/uC-sdk/arch/libarch.a(stm32f4xx_dma2d.o)
 .debug_info    0x000000000000636e      0x33e /home/m2ivi/legrand/Documents/NIHM/uC-sdk/arch/libarch.a(stm32f4xx_exti.o)
 .debug_info    0x00000000000066ac      0x747 /home/m2ivi/legrand/Documents/NIHM/uC-sdk/arch/libarch.a(stm32f4xx_gpio.o)
 .debug_info    0x0000000000006df3      0x5ec /home/m2ivi/legrand/Documents/NIHM/uC-sdk/arch/libarch.a(stm32f4xx_hash.o)
 .debug_info    0x00000000000073df      0xc1c /home/m2ivi/legrand/Documents/NIHM/uC-sdk/arch/libarch.a(stm32f4xx_i2c.o)
 .debug_info    0x0000000000007ffb      0xd4d /home/m2ivi/legrand/Documents/NIHM/uC-sdk/arch/libarch.a(stm32f4xx_ltdc.o)
 .debug_info    0x0000000000008d48      0x664 /home/m2ivi/legrand/Documents/NIHM/uC-sdk/arch/libarch.a(stm32f4xx_pwr.o)
 .debug_info    0x00000000000093ac      0xe9f /home/m2ivi/legrand/Documents/NIHM/uC-sdk/arch/libarch.a(stm32f4xx_rcc.o)
 .debug_info    0x000000000000a24b      0x2cd /home/m2ivi/legrand/Documents/NIHM/uC-sdk/arch/libarch.a(stm32f4xx_rng.o)
 .debug_info    0x000000000000a518     0x1379 /home/m2ivi/legrand/Documents/NIHM/uC-sdk/arch/libarch.a(stm32f4xx_rtc.o)
 .debug_info    0x000000000000b891      0x839 /home/m2ivi/legrand/Documents/NIHM/uC-sdk/arch/libarch.a(stm32f4xx_sdio.o)
 .debug_info    0x000000000000c0ca      0xc20 /home/m2ivi/legrand/Documents/NIHM/uC-sdk/arch/libarch.a(stm32f4xx_spi.o)
 .debug_info    0x000000000000ccea      0x2dc /home/m2ivi/legrand/Documents/NIHM/uC-sdk/arch/libarch.a(stm32f4xx_syscfg.o)
 .debug_info    0x000000000000cfc6     0x207f /home/m2ivi/legrand/Documents/NIHM/uC-sdk/arch/libarch.a(stm32f4xx_tim.o)
 .debug_info    0x000000000000f045      0xb09 /home/m2ivi/legrand/Documents/NIHM/uC-sdk/arch/libarch.a(stm32f4xx_usart.o)
 .debug_info    0x000000000000fb4e      0x2a2 /home/m2ivi/legrand/Documents/NIHM/uC-sdk/arch/libarch.a(stm32f4xx_wwdg.o)
 .debug_info    0x000000000000fdf0      0x545 /home/m2ivi/legrand/Documents/NIHM/uC-sdk/arch/libarch.a(misc.o)
 .debug_info    0x0000000000010335      0x86e /home/m2ivi/legrand/Documents/NIHM/uC-sdk/os/libos.a(init.o)
 .debug_info    0x0000000000010ba3      0x82a /home/m2ivi/legrand/Documents/NIHM/uC-sdk/libc/libc.a(initfini.o)
 .debug_info    0x00000000000113cd      0x550 /home/m2ivi/legrand/Documents/NIHM/uC-sdk/libc/libc.a(stdio.o)
 .debug_info    0x000000000001191d      0x42c /home/m2ivi/legrand/Documents/NIHM/uC-sdk/libc/libc.a(reent.o)
 .debug_info    0x0000000000011d49      0xf5f /home/m2ivi/legrand/Documents/NIHM/uC-sdk/hardware/libhardware.a(gpio.o)
 .debug_info    0x0000000000012ca8     0x168e /home/m2ivi/legrand/Documents/NIHM/uC-sdk/hardware/libhardware.a(ssp.o)
 .debug_info    0x0000000000014336      0x3c3 /home/m2ivi/legrand/Documents/NIHM/uC-sdk/FreeRTOS/libFreeRTOS.a(port.o)
 .debug_info    0x00000000000146f9     0x1d2a /home/m2ivi/legrand/Documents/NIHM/uC-sdk/FreeRTOS/libFreeRTOS.a(tasks.o)
 .debug_info    0x0000000000016423     0x12b7 /home/m2ivi/legrand/Documents/NIHM/uC-sdk/FreeRTOS/libFreeRTOS.a(timers.o)
 .debug_info    0x00000000000176da      0x5ca /home/m2ivi/legrand/Documents/NIHM/uC-sdk/FreeRTOS/libFreeRTOS.a(heap_3.o)
 .debug_info    0x0000000000017ca4      0x712 /home/m2ivi/legrand/Documents/NIHM/uC-sdk/FreeRTOS/libFreeRTOS.a(list.o)
 .debug_info    0x00000000000183b6     0x1906 /home/m2ivi/legrand/Documents/NIHM/uC-sdk/FreeRTOS/libFreeRTOS.a(queue.o)
 .debug_info    0x0000000000019cbc      0x92e /home/m2ivi/legrand/Documents/NIHM/uC-sdk/arch/libarch.a(BoardConsole.o)
 .debug_info    0x000000000001a5ea      0x116 /home/m2ivi/legrand/Documents/NIHM/uC-sdk/os/libos.a(hooks.o)
 .debug_info    0x000000000001a700      0x853 /home/m2ivi/legrand/Documents/NIHM/uC-sdk/libc/libc.a(malloc.o)
 .debug_info    0x000000000001af53     0x12be /home/m2ivi/legrand/Documents/NIHM/uC-sdk/libc/libc.a(xprintf.o)
 .debug_info    0x000000000001c211      0x8f9 /home/m2ivi/legrand/Documents/NIHM/uC-sdk/libc/libc.a(unistd.o)
 .debug_info    0x000000000001cb0a      0x3a4 /home/m2ivi/legrand/Documents/NIHM/uC-sdk/libc/libc.a(errno.o)
 .debug_info    0x000000000001ceae      0x635 /home/m2ivi/legrand/Documents/NIHM/uC-sdk/hardware/libhardware.a(uart.o)
 .debug_info    0x000000000001d4e3      0x7c1 /home/m2ivi/legrand/Documents/NIHM/uC-sdk/os/libos.a(filesystem.o)
 .debug_info    0x000000000001dca4     0x1089 /home/m2ivi/legrand/Documents/NIHM/uC-sdk/os/libos.a(fio.o)
 .debug_info    0x000000000001ed2d      0x4d4 /home/m2ivi/legrand/Documents/NIHM/uC-sdk/os/libos.a(hash-djb2.o)
 .debug_info    0x000000000001f201      0x5eb /home/m2ivi/legrand/Documents/NIHM/uC-sdk/os/libos.a(sbrk.o)
 .debug_info    0x000000000001f7ec      0x77a /home/m2ivi/legrand/Documents/NIHM/uC-sdk/os/libos.a(devfs.o)
 .debug_info    0x000000000001ff66       0xc2 /usr/lib/gcc/arm-none-eabi/4.9.3/armv7e-m/fpu/libgcc.a(_arm_addsubdf3.o)
 .debug_info    0x0000000000020028       0xc2 /usr/lib/gcc/arm-none-eabi/4.9.3/armv7e-m/fpu/libgcc.a(_arm_muldivdf3.o)
 .debug_info    0x00000000000200ea       0xc2 /usr/lib/gcc/arm-none-eabi/4.9.3/armv7e-m/fpu/libgcc.a(_arm_cmpdf2.o)
 .debug_info    0x00000000000201ac       0xc2 /usr/lib/gcc/arm-none-eabi/4.9.3/armv7e-m/fpu/libgcc.a(_arm_fixdfsi.o)

.debug_abbrev   0x0000000000000000     0x65e3
 *(.debug_abbrev)
 .debug_abbrev  0x0000000000000000       0x14 /usr/lib/gcc/arm-none-eabi/4.9.3/../../../arm-none-eabi/lib/armv7e-m/fpu/crt0.o
 .debug_abbrev  0x0000000000000014      0x1e7 tp1.o
 .debug_abbrev  0x00000000000001fb       0x12 /home/m2ivi/legrand/Documents/NIHM/uC-sdk/arch/libarch.a(startup.o)
 .debug_abbrev  0x000000000000020d      0x1d9 /home/m2ivi/legrand/Documents/NIHM/uC-sdk/arch/libarch.a(handlers.o)
 .debug_abbrev  0x00000000000003e6      0x1d8 /home/m2ivi/legrand/Documents/NIHM/uC-sdk/arch/libarch.a(init.o)
 .debug_abbrev  0x00000000000005be       0xfb /home/m2ivi/legrand/Documents/NIHM/uC-sdk/arch/libarch.a(BoardInit.o)
 .debug_abbrev  0x00000000000006b9      0x145 /home/m2ivi/legrand/Documents/NIHM/uC-sdk/arch/libarch.a(system_stm32f4xx.o)
 .debug_abbrev  0x00000000000007fe      0x1ce /home/m2ivi/legrand/Documents/NIHM/uC-sdk/arch/libarch.a(stm32f4xx_adc.o)
 .debug_abbrev  0x00000000000009cc      0x29c /home/m2ivi/legrand/Documents/NIHM/uC-sdk/arch/libarch.a(stm32f4xx_can.o)
 .debug_abbrev  0x0000000000000c68      0x1e9 /home/m2ivi/legrand/Documents/NIHM/uC-sdk/arch/libarch.a(stm32f4xx_cryp.o)
 .debug_abbrev  0x0000000000000e51      0x1c3 /home/m2ivi/legrand/Documents/NIHM/uC-sdk/arch/libarch.a(stm32f4xx_dac.o)
 .debug_abbrev  0x0000000000001014      0x198 /home/m2ivi/legrand/Documents/NIHM/uC-sdk/arch/libarch.a(stm32f4xx_dcmi.o)
 .debug_abbrev  0x00000000000011ac      0x175 /home/m2ivi/legrand/Documents/NIHM/uC-sdk/arch/libarch.a(stm32f4xx_dma.o)
 .debug_abbrev  0x0000000000001321      0x1f6 /home/m2ivi/legrand/Documents/NIHM/uC-sdk/arch/libarch.a(stm32f4xx_dma2d.o)
 .debug_abbrev  0x0000000000001517      0x1c5 /home/m2ivi/legrand/Documents/NIHM/uC-sdk/arch/libarch.a(stm32f4xx_exti.o)
 .debug_abbrev  0x00000000000016dc      0x1e8 /home/m2ivi/legrand/Documents/NIHM/uC-sdk/arch/libarch.a(stm32f4xx_gpio.o)
 .debug_abbrev  0x00000000000018c4      0x20e /home/m2ivi/legrand/Documents/NIHM/uC-sdk/arch/libarch.a(stm32f4xx_hash.o)
 .debug_abbrev  0x0000000000001ad2      0x1df /home/m2ivi/legrand/Documents/NIHM/uC-sdk/arch/libarch.a(stm32f4xx_i2c.o)
 .debug_abbrev  0x0000000000001cb1      0x1d5 /home/m2ivi/legrand/Documents/NIHM/uC-sdk/arch/libarch.a(stm32f4xx_ltdc.o)
 .debug_abbrev  0x0000000000001e86      0x1c6 /home/m2ivi/legrand/Documents/NIHM/uC-sdk/arch/libarch.a(stm32f4xx_pwr.o)
 .debug_abbrev  0x000000000000204c      0x1e2 /home/m2ivi/legrand/Documents/NIHM/uC-sdk/arch/libarch.a(stm32f4xx_rcc.o)
 .debug_abbrev  0x000000000000222e      0x17c /home/m2ivi/legrand/Documents/NIHM/uC-sdk/arch/libarch.a(stm32f4xx_rng.o)
 .debug_abbrev  0x00000000000023aa      0x22c /home/m2ivi/legrand/Documents/NIHM/uC-sdk/arch/libarch.a(stm32f4xx_rtc.o)
 .debug_abbrev  0x00000000000025d6      0x1af /home/m2ivi/legrand/Documents/NIHM/uC-sdk/arch/libarch.a(stm32f4xx_sdio.o)
 .debug_abbrev  0x0000000000002785      0x1e7 /home/m2ivi/legrand/Documents/NIHM/uC-sdk/arch/libarch.a(stm32f4xx_spi.o)
 .debug_abbrev  0x000000000000296c      0x169 /home/m2ivi/legrand/Documents/NIHM/uC-sdk/arch/libarch.a(stm32f4xx_syscfg.o)
 .debug_abbrev  0x0000000000002ad5      0x2af /home/m2ivi/legrand/Documents/NIHM/uC-sdk/arch/libarch.a(stm32f4xx_tim.o)
 .debug_abbrev  0x0000000000002d84      0x1ed /home/m2ivi/legrand/Documents/NIHM/uC-sdk/arch/libarch.a(stm32f4xx_usart.o)
 .debug_abbrev  0x0000000000002f71      0x178 /home/m2ivi/legrand/Documents/NIHM/uC-sdk/arch/libarch.a(stm32f4xx_wwdg.o)
 .debug_abbrev  0x00000000000030e9      0x156 /home/m2ivi/legrand/Documents/NIHM/uC-sdk/arch/libarch.a(misc.o)
 .debug_abbrev  0x000000000000323f      0x21e /home/m2ivi/legrand/Documents/NIHM/uC-sdk/os/libos.a(init.o)
 .debug_abbrev  0x000000000000345d      0x278 /home/m2ivi/legrand/Documents/NIHM/uC-sdk/libc/libc.a(initfini.o)
 .debug_abbrev  0x00000000000036d5      0x127 /home/m2ivi/legrand/Documents/NIHM/uC-sdk/libc/libc.a(stdio.o)
 .debug_abbrev  0x00000000000037fc       0xe0 /home/m2ivi/legrand/Documents/NIHM/uC-sdk/libc/libc.a(reent.o)
 .debug_abbrev  0x00000000000038dc      0x296 /home/m2ivi/legrand/Documents/NIHM/uC-sdk/hardware/libhardware.a(gpio.o)
 .debug_abbrev  0x0000000000003b72      0x339 /home/m2ivi/legrand/Documents/NIHM/uC-sdk/hardware/libhardware.a(ssp.o)
 .debug_abbrev  0x0000000000003eab      0x21a /home/m2ivi/legrand/Documents/NIHM/uC-sdk/FreeRTOS/libFreeRTOS.a(port.o)
 .debug_abbrev  0x00000000000040c5      0x3e0 /home/m2ivi/legrand/Documents/NIHM/uC-sdk/FreeRTOS/libFreeRTOS.a(tasks.o)
 .debug_abbrev  0x00000000000044a5      0x346 /home/m2ivi/legrand/Documents/NIHM/uC-sdk/FreeRTOS/libFreeRTOS.a(timers.o)
 .debug_abbrev  0x00000000000047eb      0x1a6 /home/m2ivi/legrand/Documents/NIHM/uC-sdk/FreeRTOS/libFreeRTOS.a(heap_3.o)
 .debug_abbrev  0x0000000000004991      0x161 /home/m2ivi/legrand/Documents/NIHM/uC-sdk/FreeRTOS/libFreeRTOS.a(list.o)
 .debug_abbrev  0x0000000000004af2      0x378 /home/m2ivi/legrand/Documents/NIHM/uC-sdk/FreeRTOS/libFreeRTOS.a(queue.o)
 .debug_abbrev  0x0000000000004e6a      0x2ac /home/m2ivi/legrand/Documents/NIHM/uC-sdk/arch/libarch.a(BoardConsole.o)
 .debug_abbrev  0x0000000000005116       0x9e /home/m2ivi/legrand/Documents/NIHM/uC-sdk/os/libos.a(hooks.o)
 .debug_abbrev  0x00000000000051b4      0x263 /home/m2ivi/legrand/Documents/NIHM/uC-sdk/libc/libc.a(malloc.o)
 .debug_abbrev  0x0000000000005417      0x374 /home/m2ivi/legrand/Documents/NIHM/uC-sdk/libc/libc.a(xprintf.o)
 .debug_abbrev  0x000000000000578b      0x1ba /home/m2ivi/legrand/Documents/NIHM/uC-sdk/libc/libc.a(unistd.o)
 .debug_abbrev  0x0000000000005945       0x49 /home/m2ivi/legrand/Documents/NIHM/uC-sdk/libc/libc.a(errno.o)
 .debug_abbrev  0x000000000000598e      0x222 /home/m2ivi/legrand/Documents/NIHM/uC-sdk/hardware/libhardware.a(uart.o)
 .debug_abbrev  0x0000000000005bb0      0x231 /home/m2ivi/legrand/Documents/NIHM/uC-sdk/os/libos.a(filesystem.o)
 .debug_abbrev  0x0000000000005de1      0x332 /home/m2ivi/legrand/Documents/NIHM/uC-sdk/os/libos.a(fio.o)
 .debug_abbrev  0x0000000000006113      0x105 /home/m2ivi/legrand/Documents/NIHM/uC-sdk/os/libos.a(hash-djb2.o)
 .debug_abbrev  0x0000000000006218      0x18a /home/m2ivi/legrand/Documents/NIHM/uC-sdk/os/libos.a(sbrk.o)
 .debug_abbrev  0x00000000000063a2      0x1f1 /home/m2ivi/legrand/Documents/NIHM/uC-sdk/os/libos.a(devfs.o)
 .debug_abbrev  0x0000000000006593       0x14 /usr/lib/gcc/arm-none-eabi/4.9.3/armv7e-m/fpu/libgcc.a(_arm_addsubdf3.o)
 .debug_abbrev  0x00000000000065a7       0x14 /usr/lib/gcc/arm-none-eabi/4.9.3/armv7e-m/fpu/libgcc.a(_arm_muldivdf3.o)
 .debug_abbrev  0x00000000000065bb       0x14 /usr/lib/gcc/arm-none-eabi/4.9.3/armv7e-m/fpu/libgcc.a(_arm_cmpdf2.o)
 .debug_abbrev  0x00000000000065cf       0x14 /usr/lib/gcc/arm-none-eabi/4.9.3/armv7e-m/fpu/libgcc.a(_arm_fixdfsi.o)

.debug_line     0x0000000000000000     0xb460
 *(.debug_line)
 .debug_line    0x0000000000000000       0x7e /usr/lib/gcc/arm-none-eabi/4.9.3/../../../arm-none-eabi/lib/armv7e-m/fpu/crt0.o
 .debug_line    0x000000000000007e      0x1e2 tp1.o
 .debug_line    0x0000000000000260       0x8c /home/m2ivi/legrand/Documents/NIHM/uC-sdk/arch/libarch.a(startup.o)
 .debug_line    0x00000000000002ec      0x11e /home/m2ivi/legrand/Documents/NIHM/uC-sdk/arch/libarch.a(handlers.o)
 .debug_line    0x000000000000040a      0x3f7 /home/m2ivi/legrand/Documents/NIHM/uC-sdk/arch/libarch.a(init.o)
 .debug_line    0x0000000000000801      0x20b /home/m2ivi/legrand/Documents/NIHM/uC-sdk/arch/libarch.a(BoardInit.o)
 .debug_line    0x0000000000000a0c      0x187 /home/m2ivi/legrand/Documents/NIHM/uC-sdk/arch/libarch.a(system_stm32f4xx.o)
 .debug_line    0x0000000000000b93      0x520 /home/m2ivi/legrand/Documents/NIHM/uC-sdk/arch/libarch.a(stm32f4xx_adc.o)
 .debug_line    0x00000000000010b3      0x512 /home/m2ivi/legrand/Documents/NIHM/uC-sdk/arch/libarch.a(stm32f4xx_can.o)
 .debug_line    0x00000000000015c5      0x3bc /home/m2ivi/legrand/Documents/NIHM/uC-sdk/arch/libarch.a(stm32f4xx_cryp.o)
 .debug_line    0x0000000000001981      0x33a /home/m2ivi/legrand/Documents/NIHM/uC-sdk/arch/libarch.a(stm32f4xx_dac.o)
 .debug_line    0x0000000000001cbb      0x30f /home/m2ivi/legrand/Documents/NIHM/uC-sdk/arch/libarch.a(stm32f4xx_dcmi.o)
 .debug_line    0x0000000000001fca      0x3a2 /home/m2ivi/legrand/Documents/NIHM/uC-sdk/arch/libarch.a(stm32f4xx_dma.o)
 .debug_line    0x000000000000236c      0x3a4 /home/m2ivi/legrand/Documents/NIHM/uC-sdk/arch/libarch.a(stm32f4xx_dma2d.o)
 .debug_line    0x0000000000002710      0x279 /home/m2ivi/legrand/Documents/NIHM/uC-sdk/arch/libarch.a(stm32f4xx_exti.o)
 .debug_line    0x0000000000002989      0x31b /home/m2ivi/legrand/Documents/NIHM/uC-sdk/arch/libarch.a(stm32f4xx_gpio.o)
 .debug_line    0x0000000000002ca4      0x34b /home/m2ivi/legrand/Documents/NIHM/uC-sdk/arch/libarch.a(stm32f4xx_hash.o)
 .debug_line    0x0000000000002fef      0x50c /home/m2ivi/legrand/Documents/NIHM/uC-sdk/arch/libarch.a(stm32f4xx_i2c.o)
 .debug_line    0x00000000000034fb      0x4de /home/m2ivi/legrand/Documents/NIHM/uC-sdk/arch/libarch.a(stm32f4xx_ltdc.o)
 .debug_line    0x00000000000039d9      0x352 /home/m2ivi/legrand/Documents/NIHM/uC-sdk/arch/libarch.a(stm32f4xx_pwr.o)
 .debug_line    0x0000000000003d2b      0x606 /home/m2ivi/legrand/Documents/NIHM/uC-sdk/arch/libarch.a(stm32f4xx_rcc.o)
 .debug_line    0x0000000000004331      0x258 /home/m2ivi/legrand/Documents/NIHM/uC-sdk/arch/libarch.a(stm32f4xx_rng.o)
 .debug_line    0x0000000000004589      0x84a /home/m2ivi/legrand/Documents/NIHM/uC-sdk/arch/libarch.a(stm32f4xx_rtc.o)
 .debug_line    0x0000000000004dd3      0x414 /home/m2ivi/legrand/Documents/NIHM/uC-sdk/arch/libarch.a(stm32f4xx_sdio.o)
 .debug_line    0x00000000000051e7      0x456 /home/m2ivi/legrand/Documents/NIHM/uC-sdk/arch/libarch.a(stm32f4xx_spi.o)
 .debug_line    0x000000000000563d      0x244 /home/m2ivi/legrand/Documents/NIHM/uC-sdk/arch/libarch.a(stm32f4xx_syscfg.o)
 .debug_line    0x0000000000005881      0xa89 /home/m2ivi/legrand/Documents/NIHM/uC-sdk/arch/libarch.a(stm32f4xx_tim.o)
 .debug_line    0x000000000000630a      0x497 /home/m2ivi/legrand/Documents/NIHM/uC-sdk/arch/libarch.a(stm32f4xx_usart.o)
 .debug_line    0x00000000000067a1      0x258 /home/m2ivi/legrand/Documents/NIHM/uC-sdk/arch/libarch.a(stm32f4xx_wwdg.o)
 .debug_line    0x00000000000069f9      0x21b /home/m2ivi/legrand/Documents/NIHM/uC-sdk/arch/libarch.a(misc.o)
 .debug_line    0x0000000000006c14      0x1f3 /home/m2ivi/legrand/Documents/NIHM/uC-sdk/os/libos.a(init.o)
 .debug_line    0x0000000000006e07      0x1bd /home/m2ivi/legrand/Documents/NIHM/uC-sdk/libc/libc.a(initfini.o)
 .debug_line    0x0000000000006fc4       0xd5 /home/m2ivi/legrand/Documents/NIHM/uC-sdk/libc/libc.a(stdio.o)
 .debug_line    0x0000000000007099       0x8a /home/m2ivi/legrand/Documents/NIHM/uC-sdk/libc/libc.a(reent.o)
 .debug_line    0x0000000000007123      0x3e4 /home/m2ivi/legrand/Documents/NIHM/uC-sdk/hardware/libhardware.a(gpio.o)
 .debug_line    0x0000000000007507      0x491 /home/m2ivi/legrand/Documents/NIHM/uC-sdk/hardware/libhardware.a(ssp.o)
 .debug_line    0x0000000000007998      0x38d /home/m2ivi/legrand/Documents/NIHM/uC-sdk/FreeRTOS/libFreeRTOS.a(port.o)
 .debug_line    0x0000000000007d25      0x7b0 /home/m2ivi/legrand/Documents/NIHM/uC-sdk/FreeRTOS/libFreeRTOS.a(tasks.o)
 .debug_line    0x00000000000084d5      0x3d3 /home/m2ivi/legrand/Documents/NIHM/uC-sdk/FreeRTOS/libFreeRTOS.a(timers.o)
 .debug_line    0x00000000000088a8      0x20a /home/m2ivi/legrand/Documents/NIHM/uC-sdk/FreeRTOS/libFreeRTOS.a(heap_3.o)
 .debug_line    0x0000000000008ab2      0x2a8 /home/m2ivi/legrand/Documents/NIHM/uC-sdk/FreeRTOS/libFreeRTOS.a(list.o)
 .debug_line    0x0000000000008d5a      0x66f /home/m2ivi/legrand/Documents/NIHM/uC-sdk/FreeRTOS/libFreeRTOS.a(queue.o)
 .debug_line    0x00000000000093c9      0x2d6 /home/m2ivi/legrand/Documents/NIHM/uC-sdk/arch/libarch.a(BoardConsole.o)
 .debug_line    0x000000000000969f      0x15f /home/m2ivi/legrand/Documents/NIHM/uC-sdk/os/libos.a(hooks.o)
 .debug_line    0x00000000000097fe      0x1de /home/m2ivi/legrand/Documents/NIHM/uC-sdk/libc/libc.a(malloc.o)
 .debug_line    0x00000000000099dc      0x5c4 /home/m2ivi/legrand/Documents/NIHM/uC-sdk/libc/libc.a(xprintf.o)
 .debug_line    0x0000000000009fa0      0x20b /home/m2ivi/legrand/Documents/NIHM/uC-sdk/libc/libc.a(unistd.o)
 .debug_line    0x000000000000a1ab       0x6e /home/m2ivi/legrand/Documents/NIHM/uC-sdk/libc/libc.a(errno.o)
 .debug_line    0x000000000000a219      0x276 /home/m2ivi/legrand/Documents/NIHM/uC-sdk/hardware/libhardware.a(uart.o)
 .debug_line    0x000000000000a48f      0x1ec /home/m2ivi/legrand/Documents/NIHM/uC-sdk/os/libos.a(filesystem.o)
 .debug_line    0x000000000000a67b      0x4d9 /home/m2ivi/legrand/Documents/NIHM/uC-sdk/os/libos.a(fio.o)
 .debug_line    0x000000000000ab54       0xf6 /home/m2ivi/legrand/Documents/NIHM/uC-sdk/os/libos.a(hash-djb2.o)
 .debug_line    0x000000000000ac4a      0x1a5 /home/m2ivi/legrand/Documents/NIHM/uC-sdk/os/libos.a(sbrk.o)
 .debug_line    0x000000000000adef      0x227 /home/m2ivi/legrand/Documents/NIHM/uC-sdk/os/libos.a(devfs.o)
 .debug_line    0x000000000000b016      0x179 /usr/lib/gcc/arm-none-eabi/4.9.3/armv7e-m/fpu/libgcc.a(_arm_addsubdf3.o)
 .debug_line    0x000000000000b18f      0x19d /usr/lib/gcc/arm-none-eabi/4.9.3/armv7e-m/fpu/libgcc.a(_arm_muldivdf3.o)
 .debug_line    0x000000000000b32c       0xba /usr/lib/gcc/arm-none-eabi/4.9.3/armv7e-m/fpu/libgcc.a(_arm_cmpdf2.o)
 .debug_line    0x000000000000b3e6       0x7a /usr/lib/gcc/arm-none-eabi/4.9.3/armv7e-m/fpu/libgcc.a(_arm_fixdfsi.o)

.debug_frame    0x0000000000000000     0x41f4
 *(.debug_frame)
 .debug_frame   0x0000000000000000       0x54 tp1.o
 .debug_frame   0x0000000000000054       0x28 /home/m2ivi/legrand/Documents/NIHM/uC-sdk/arch/libarch.a(handlers.o)
 .debug_frame   0x000000000000007c       0x6c /home/m2ivi/legrand/Documents/NIHM/uC-sdk/arch/libarch.a(init.o)
 .debug_frame   0x00000000000000e8       0x60 /home/m2ivi/legrand/Documents/NIHM/uC-sdk/arch/libarch.a(BoardInit.o)
 .debug_frame   0x0000000000000148       0x3c /home/m2ivi/legrand/Documents/NIHM/uC-sdk/arch/libarch.a(system_stm32f4xx.o)
 .debug_frame   0x0000000000000184      0x2b4 /home/m2ivi/legrand/Documents/NIHM/uC-sdk/arch/libarch.a(stm32f4xx_adc.o)
 .debug_frame   0x0000000000000438      0x1c4 /home/m2ivi/legrand/Documents/NIHM/uC-sdk/arch/libarch.a(stm32f4xx_can.o)
 .debug_frame   0x00000000000005fc      0x15c /home/m2ivi/legrand/Documents/NIHM/uC-sdk/arch/libarch.a(stm32f4xx_cryp.o)
 .debug_frame   0x0000000000000758      0x150 /home/m2ivi/legrand/Documents/NIHM/uC-sdk/arch/libarch.a(stm32f4xx_dac.o)
 .debug_frame   0x00000000000008a8      0x108 /home/m2ivi/legrand/Documents/NIHM/uC-sdk/arch/libarch.a(stm32f4xx_dcmi.o)
 .debug_frame   0x00000000000009b0      0x168 /home/m2ivi/legrand/Documents/NIHM/uC-sdk/arch/libarch.a(stm32f4xx_dma.o)
 .debug_frame   0x0000000000000b18      0x158 /home/m2ivi/legrand/Documents/NIHM/uC-sdk/arch/libarch.a(stm32f4xx_dma2d.o)
 .debug_frame   0x0000000000000c70       0x98 /home/m2ivi/legrand/Documents/NIHM/uC-sdk/arch/libarch.a(stm32f4xx_exti.o)
 .debug_frame   0x0000000000000d08      0x120 /home/m2ivi/legrand/Documents/NIHM/uC-sdk/arch/libarch.a(stm32f4xx_gpio.o)
 .debug_frame   0x0000000000000e28      0x144 /home/m2ivi/legrand/Documents/NIHM/uC-sdk/arch/libarch.a(stm32f4xx_hash.o)
 .debug_frame   0x0000000000000f6c      0x278 /home/m2ivi/legrand/Documents/NIHM/uC-sdk/arch/libarch.a(stm32f4xx_i2c.o)
 .debug_frame   0x00000000000011e4      0x240 /home/m2ivi/legrand/Documents/NIHM/uC-sdk/arch/libarch.a(stm32f4xx_ltdc.o)
 .debug_frame   0x0000000000001424      0x13c /home/m2ivi/legrand/Documents/NIHM/uC-sdk/arch/libarch.a(stm32f4xx_pwr.o)
 .debug_frame   0x0000000000001560      0x378 /home/m2ivi/legrand/Documents/NIHM/uC-sdk/arch/libarch.a(stm32f4xx_rcc.o)
 .debug_frame   0x00000000000018d8       0x9c /home/m2ivi/legrand/Documents/NIHM/uC-sdk/arch/libarch.a(stm32f4xx_rng.o)
 .debug_frame   0x0000000000001974      0x4a4 /home/m2ivi/legrand/Documents/NIHM/uC-sdk/arch/libarch.a(stm32f4xx_rtc.o)
 .debug_frame   0x0000000000001e18      0x21c /home/m2ivi/legrand/Documents/NIHM/uC-sdk/arch/libarch.a(stm32f4xx_sdio.o)
 .debug_frame   0x0000000000002034      0x1e4 /home/m2ivi/legrand/Documents/NIHM/uC-sdk/arch/libarch.a(stm32f4xx_spi.o)
 .debug_frame   0x0000000000002218       0x94 /home/m2ivi/legrand/Documents/NIHM/uC-sdk/arch/libarch.a(stm32f4xx_syscfg.o)
 .debug_frame   0x00000000000022ac      0x6c0 /home/m2ivi/legrand/Documents/NIHM/uC-sdk/arch/libarch.a(stm32f4xx_tim.o)
 .debug_frame   0x000000000000296c      0x220 /home/m2ivi/legrand/Documents/NIHM/uC-sdk/arch/libarch.a(stm32f4xx_usart.o)
 .debug_frame   0x0000000000002b8c       0xa4 /home/m2ivi/legrand/Documents/NIHM/uC-sdk/arch/libarch.a(stm32f4xx_wwdg.o)
 .debug_frame   0x0000000000002c30       0x68 /home/m2ivi/legrand/Documents/NIHM/uC-sdk/arch/libarch.a(misc.o)
 .debug_frame   0x0000000000002c98       0x60 /home/m2ivi/legrand/Documents/NIHM/uC-sdk/os/libos.a(init.o)
 .debug_frame   0x0000000000002cf8       0x7c /home/m2ivi/legrand/Documents/NIHM/uC-sdk/libc/libc.a(initfini.o)
 .debug_frame   0x0000000000002d74       0x20 /home/m2ivi/legrand/Documents/NIHM/uC-sdk/libc/libc.a(stdio.o)
 .debug_frame   0x0000000000002d94       0x20 /home/m2ivi/legrand/Documents/NIHM/uC-sdk/libc/libc.a(reent.o)
 .debug_frame   0x0000000000002db4      0x208 /home/m2ivi/legrand/Documents/NIHM/uC-sdk/hardware/libhardware.a(gpio.o)
 .debug_frame   0x0000000000002fbc      0x194 /home/m2ivi/legrand/Documents/NIHM/uC-sdk/hardware/libhardware.a(ssp.o)
 .debug_frame   0x0000000000003150      0x140 /home/m2ivi/legrand/Documents/NIHM/uC-sdk/FreeRTOS/libFreeRTOS.a(port.o)
 .debug_frame   0x0000000000003290      0x3d4 /home/m2ivi/legrand/Documents/NIHM/uC-sdk/FreeRTOS/libFreeRTOS.a(tasks.o)
 .debug_frame   0x0000000000003664      0x118 /home/m2ivi/legrand/Documents/NIHM/uC-sdk/FreeRTOS/libFreeRTOS.a(timers.o)
 .debug_frame   0x000000000000377c       0x48 /home/m2ivi/legrand/Documents/NIHM/uC-sdk/FreeRTOS/libFreeRTOS.a(heap_3.o)
 .debug_frame   0x00000000000037c4       0x6c /home/m2ivi/legrand/Documents/NIHM/uC-sdk/FreeRTOS/libFreeRTOS.a(list.o)
 .debug_frame   0x0000000000003830      0x298 /home/m2ivi/legrand/Documents/NIHM/uC-sdk/FreeRTOS/libFreeRTOS.a(queue.o)
 .debug_frame   0x0000000000003ac8       0xc8 /home/m2ivi/legrand/Documents/NIHM/uC-sdk/arch/libarch.a(BoardConsole.o)
 .debug_frame   0x0000000000003b90       0x50 /home/m2ivi/legrand/Documents/NIHM/uC-sdk/os/libos.a(hooks.o)
 .debug_frame   0x0000000000003be0       0x74 /home/m2ivi/legrand/Documents/NIHM/uC-sdk/libc/libc.a(malloc.o)
 .debug_frame   0x0000000000003c54      0x12c /home/m2ivi/legrand/Documents/NIHM/uC-sdk/libc/libc.a(xprintf.o)
 .debug_frame   0x0000000000003d80       0xb0 /home/m2ivi/legrand/Documents/NIHM/uC-sdk/libc/libc.a(unistd.o)
 .debug_frame   0x0000000000003e30       0x6c /home/m2ivi/legrand/Documents/NIHM/uC-sdk/hardware/libhardware.a(uart.o)
 .debug_frame   0x0000000000003e9c       0x6c /home/m2ivi/legrand/Documents/NIHM/uC-sdk/os/libos.a(filesystem.o)
 .debug_frame   0x0000000000003f08      0x238 /home/m2ivi/legrand/Documents/NIHM/uC-sdk/os/libos.a(fio.o)
 .debug_frame   0x0000000000004140       0x28 /home/m2ivi/legrand/Documents/NIHM/uC-sdk/os/libos.a(hash-djb2.o)
 .debug_frame   0x0000000000004168       0x20 /home/m2ivi/legrand/Documents/NIHM/uC-sdk/os/libos.a(sbrk.o)
 .debug_frame   0x0000000000004188       0x6c /home/m2ivi/legrand/Documents/NIHM/uC-sdk/os/libos.a(devfs.o)

.debug_str      0x0000000000000000     0x9082
 *(.debug_str)
 .debug_str     0x0000000000000000      0x36d tp1.o
                                        0x3d5 (size before relaxing)
 .debug_str     0x000000000000036d      0x1ab /home/m2ivi/legrand/Documents/NIHM/uC-sdk/arch/libarch.a(handlers.o)
                                        0x3c6 (size before relaxing)
 .debug_str     0x0000000000000518      0x3f1 /home/m2ivi/legrand/Documents/NIHM/uC-sdk/arch/libarch.a(init.o)
                                        0x669 (size before relaxing)
 .debug_str     0x0000000000000909       0x98 /home/m2ivi/legrand/Documents/NIHM/uC-sdk/arch/libarch.a(BoardInit.o)
                                        0x2e4 (size before relaxing)
 .debug_str     0x00000000000009a1      0x1a7 /home/m2ivi/legrand/Documents/NIHM/uC-sdk/arch/libarch.a(system_stm32f4xx.o)
                                        0x4c1 (size before relaxing)
 .debug_str     0x0000000000000b48      0x63a /home/m2ivi/legrand/Documents/NIHM/uC-sdk/arch/libarch.a(stm32f4xx_adc.o)
                                        0x8f4 (size before relaxing)
 .debug_str     0x0000000000001182      0x465 /home/m2ivi/legrand/Documents/NIHM/uC-sdk/arch/libarch.a(stm32f4xx_can.o)
                                        0x82e (size before relaxing)
 .debug_str     0x00000000000015e7      0x478 /home/m2ivi/legrand/Documents/NIHM/uC-sdk/arch/libarch.a(stm32f4xx_cryp.o)
                                        0x7a0 (size before relaxing)
 .debug_str     0x0000000000001a5f      0x257 /home/m2ivi/legrand/Documents/NIHM/uC-sdk/arch/libarch.a(stm32f4xx_dac.o)
                                        0x543 (size before relaxing)
 .debug_str     0x0000000000001cb6      0x2e8 /home/m2ivi/legrand/Documents/NIHM/uC-sdk/arch/libarch.a(stm32f4xx_dcmi.o)
                                        0x5b2 (size before relaxing)
 .debug_str     0x0000000000001f9e      0x33b /home/m2ivi/legrand/Documents/NIHM/uC-sdk/arch/libarch.a(stm32f4xx_dma.o)
                                        0x61b (size before relaxing)
 .debug_str     0x00000000000022d9      0x580 /home/m2ivi/legrand/Documents/NIHM/uC-sdk/arch/libarch.a(stm32f4xx_dma2d.o)
                                        0x826 (size before relaxing)
 .debug_str     0x0000000000002859      0x1a5 /home/m2ivi/legrand/Documents/NIHM/uC-sdk/arch/libarch.a(stm32f4xx_exti.o)
                                        0x425 (size before relaxing)
 .debug_str     0x00000000000029fe      0x2b9 /home/m2ivi/legrand/Documents/NIHM/uC-sdk/arch/libarch.a(stm32f4xx_gpio.o)
                                        0x5a0 (size before relaxing)
 .debug_str     0x0000000000002cb7      0x268 /home/m2ivi/legrand/Documents/NIHM/uC-sdk/arch/libarch.a(stm32f4xx_hash.o)
                                        0x54b (size before relaxing)
 .debug_str     0x0000000000002f1f      0x421 /home/m2ivi/legrand/Documents/NIHM/uC-sdk/arch/libarch.a(stm32f4xx_i2c.o)
                                        0x7b4 (size before relaxing)
 .debug_str     0x0000000000003340      0x7e1 /home/m2ivi/legrand/Documents/NIHM/uC-sdk/arch/libarch.a(stm32f4xx_ltdc.o)
                                        0xb18 (size before relaxing)
 .debug_str     0x0000000000003b21      0x1e3 /home/m2ivi/legrand/Documents/NIHM/uC-sdk/arch/libarch.a(stm32f4xx_pwr.o)
                                        0x4fc (size before relaxing)
 .debug_str     0x0000000000003d04      0x5a6 /home/m2ivi/legrand/Documents/NIHM/uC-sdk/arch/libarch.a(stm32f4xx_rcc.o)
                                        0xaa3 (size before relaxing)
 .debug_str     0x00000000000042aa       0xb8 /home/m2ivi/legrand/Documents/NIHM/uC-sdk/arch/libarch.a(stm32f4xx_rng.o)
                                        0x369 (size before relaxing)
 .debug_str     0x0000000000004362      0x93d /home/m2ivi/legrand/Documents/NIHM/uC-sdk/arch/libarch.a(stm32f4xx_rtc.o)
                                        0xc21 (size before relaxing)
 .debug_str     0x0000000000004c9f      0x45e /home/m2ivi/legrand/Documents/NIHM/uC-sdk/arch/libarch.a(stm32f4xx_sdio.o)
                                        0x730 (size before relaxing)
 .debug_str     0x00000000000050fd      0x348 /home/m2ivi/legrand/Documents/NIHM/uC-sdk/arch/libarch.a(stm32f4xx_spi.o)
                                        0x7b6 (size before relaxing)
 .debug_str     0x0000000000005445      0x14a /home/m2ivi/legrand/Documents/NIHM/uC-sdk/arch/libarch.a(stm32f4xx_syscfg.o)
                                        0x3fe (size before relaxing)
 .debug_str     0x000000000000558f      0xac8 /home/m2ivi/legrand/Documents/NIHM/uC-sdk/arch/libarch.a(stm32f4xx_tim.o)
                                        0xed7 (size before relaxing)
 .debug_str     0x0000000000006057      0x3f4 /home/m2ivi/legrand/Documents/NIHM/uC-sdk/arch/libarch.a(stm32f4xx_usart.o)
                                        0x7a8 (size before relaxing)
 .debug_str     0x000000000000644b       0xbc /home/m2ivi/legrand/Documents/NIHM/uC-sdk/arch/libarch.a(stm32f4xx_wwdg.o)
                                        0x377 (size before relaxing)
 .debug_str     0x0000000000006507      0x196 /home/m2ivi/legrand/Documents/NIHM/uC-sdk/arch/libarch.a(misc.o)
                                        0x4a7 (size before relaxing)
 .debug_str     0x000000000000669d      0x553 /home/m2ivi/legrand/Documents/NIHM/uC-sdk/os/libos.a(init.o)
                                        0x7eb (size before relaxing)
 .debug_str     0x0000000000006bf0      0x146 /home/m2ivi/legrand/Documents/NIHM/uC-sdk/libc/libc.a(initfini.o)
                                        0x84c (size before relaxing)
 .debug_str     0x0000000000006d36       0x14 /home/m2ivi/legrand/Documents/NIHM/uC-sdk/libc/libc.a(stdio.o)
                                        0x706 (size before relaxing)
 .debug_str     0x0000000000006d4a       0x2d /home/m2ivi/legrand/Documents/NIHM/uC-sdk/libc/libc.a(reent.o)
                                        0x63c (size before relaxing)
 .debug_str     0x0000000000006d77      0x6fe /home/m2ivi/legrand/Documents/NIHM/uC-sdk/hardware/libhardware.a(gpio.o)
                                        0xd57 (size before relaxing)
 .debug_str     0x0000000000007475      0x187 /home/m2ivi/legrand/Documents/NIHM/uC-sdk/hardware/libhardware.a(ssp.o)
                                       0x11da (size before relaxing)
 .debug_str     0x00000000000075fc      0x2a5 /home/m2ivi/legrand/Documents/NIHM/uC-sdk/FreeRTOS/libFreeRTOS.a(port.o)
                                        0x4bc (size before relaxing)
 .debug_str     0x00000000000078a1      0x843 /home/m2ivi/legrand/Documents/NIHM/uC-sdk/FreeRTOS/libFreeRTOS.a(tasks.o)
                                       0x107d (size before relaxing)
 .debug_str     0x00000000000080e4      0x3bb /home/m2ivi/legrand/Documents/NIHM/uC-sdk/FreeRTOS/libFreeRTOS.a(timers.o)
                                        0xd17 (size before relaxing)